Archive member included to satisfy reference by file (symbol)

.\CortexM3\ARM_GCC_541\Debug\Amplificador.a(TIA_1.o)
                              .\CortexM3\ARM_GCC_541\Debug\main.o (TIA_1_Start)
.\CortexM3\ARM_GCC_541\Debug\Amplificador.a(TIA_2.o)
                              .\CortexM3\ARM_GCC_541\Debug\main.o (TIA_2_Start)
.\CortexM3\ARM_GCC_541\Debug\Amplificador.a(CyDmac.o)
                              .\CortexM3\ARM_GCC_541\Debug\Cm3Start.o (CyDmacConfigure)
.\CortexM3\ARM_GCC_541\Debug\Amplificador.a(CyLib.o)
                              .\CortexM3\ARM_GCC_541\Debug\Cm3Start.o (CyHalt)
.\CortexM3\ARM_GCC_541\Debug\Amplificador.a(cyPm.o)
                              .\CortexM3\ARM_GCC_541\Debug\Amplificador.a(CyLib.o) (CyPmReadStatus)
.\CortexM3\ARM_GCC_541\Debug\Amplificador.a(ADC_SAR_1.o)
                              .\CortexM3\ARM_GCC_541\Debug\main.o (ADC_SAR_1_Start)
.\CortexM3\ARM_GCC_541\Debug\Amplificador.a(ADC_SAR_1_INT.o)
                              .\CortexM3\ARM_GCC_541\Debug\Amplificador.a(ADC_SAR_1.o) (ADC_SAR_1_ISR)
.\CortexM3\ARM_GCC_541\Debug\Amplificador.a(DMA_1_dma.o)
                              .\CortexM3\ARM_GCC_541\Debug\main.o (DMA_1_DmaInitialize)
.\CortexM3\ARM_GCC_541\Debug\Amplificador.a(ADC_SAR_1_theACLK.o)
                              .\CortexM3\ARM_GCC_541\Debug\Amplificador.a(ADC_SAR_1.o) (ADC_SAR_1_theACLK_SetModeRegister)
.\CortexM3\ARM_GCC_541\Debug\Amplificador.a(isr_Fin_Adq.o)
                              .\CortexM3\ARM_GCC_541\Debug\main.o (isr_Fin_Adq_Enable)
.\CortexM3\ARM_GCC_541\Debug\Amplificador.a(Clock_ADC.o)
                              .\CortexM3\ARM_GCC_541\Debug\main.o (Clock_ADC_Start)
.\CortexM3\ARM_GCC_541\Debug\Amplificador.a(Clock_Trig.o)
                              .\CortexM3\ARM_GCC_541\Debug\main.o (Clock_Trig_Start)
.\CortexM3\ARM_GCC_541\Debug\Amplificador.a(UART_1.o)
                              .\CortexM3\ARM_GCC_541\Debug\main.o (UART_1_Start)
.\CortexM3\ARM_GCC_541\Debug\Amplificador.a(Reg_Hab_Adq.o)
                              .\CortexM3\ARM_GCC_541\Debug\main.o (Reg_Hab_Adq_Write)
.\CortexM3\ARM_GCC_541\Debug\Amplificador.a(UART_1_IntClock.o)
                              .\CortexM3\ARM_GCC_541\Debug\Amplificador.a(UART_1.o) (UART_1_IntClock_Start)
.\CortexM3\ARM_GCC_541\Debug\Amplificador.a(CyBootAsmGnu.o)
                              .\CortexM3\ARM_GCC_541\Debug\cyfitter_cfg.o (CyDelayCycles)
.\CortexM3\ARM_GCC_541\Debug\Amplificador.a(CyFlash.o)
                              .\CortexM3\ARM_GCC_541\Debug\Amplificador.a(cyPm.o) (CyFlash_SetWaitCycles)
.\CortexM3\ARM_GCC_541\Debug\Amplificador.a(CySpc.o)
                              .\CortexM3\ARM_GCC_541\Debug\Amplificador.a(CyFlash.o) (CySpcStart)
c:/program files (x86)/cypress/psoc creator/4.4/psoc creator/import/gnu/arm/5.4.1/bin/../lib/gcc/arm-none-eabi/5.4.1/armv7-m\libgcc.a(_arm_addsubsf3.o)
                              .\CortexM3\ARM_GCC_541\Debug\Amplificador.a(ADC_SAR_1.o) (__aeabi_i2f)
c:/program files (x86)/cypress/psoc creator/4.4/psoc creator/import/gnu/arm/5.4.1/bin/../lib/gcc/arm-none-eabi/5.4.1/armv7-m\libgcc.a(_arm_muldivsf3.o)
                              .\CortexM3\ARM_GCC_541\Debug\Amplificador.a(ADC_SAR_1.o) (__aeabi_fmul)
c:/program files (x86)/cypress/psoc creator/4.4/psoc creator/import/gnu/arm/5.4.1/bin/../lib/gcc/arm-none-eabi/5.4.1/armv7-m\libgcc.a(_aeabi_ldivmod.o)
                              .\CortexM3\ARM_GCC_541\Debug\Amplificador.a(ADC_SAR_1.o) (__aeabi_ldivmod)
c:/program files (x86)/cypress/psoc creator/4.4/psoc creator/import/gnu/arm/5.4.1/bin/../lib/gcc/arm-none-eabi/5.4.1/armv7-m\libgcc.a(_udivmoddi4.o)
                              c:/program files (x86)/cypress/psoc creator/4.4/psoc creator/import/gnu/arm/5.4.1/bin/../lib/gcc/arm-none-eabi/5.4.1/armv7-m\libgcc.a(_aeabi_ldivmod.o) (__udivmoddi4)
c:/program files (x86)/cypress/psoc creator/4.4/psoc creator/import/gnu/arm/5.4.1/bin/../lib/gcc/arm-none-eabi/5.4.1/armv7-m\libgcc.a(_dvmd_tls.o)
                              c:/program files (x86)/cypress/psoc creator/4.4/psoc creator/import/gnu/arm/5.4.1/bin/../lib/gcc/arm-none-eabi/5.4.1/armv7-m\libgcc.a(_aeabi_ldivmod.o) (__aeabi_ldiv0)
c:/program files (x86)/cypress/psoc creator/4.4/psoc creator/import/gnu/arm/5.4.1/bin/../lib/gcc/arm-none-eabi/5.4.1/../../../../arm-none-eabi/lib/armv7-m\libg_nano.a(lib_a-errno.o)
                              .\CortexM3\ARM_GCC_541\Debug\Cm3Start.o (__errno)
c:/program files (x86)/cypress/psoc creator/4.4/psoc creator/import/gnu/arm/5.4.1/bin/../lib/gcc/arm-none-eabi/5.4.1/../../../../arm-none-eabi/lib/armv7-m\libg_nano.a(lib_a-exit.o)
                              c:/program files (x86)/cypress/psoc creator/4.4/psoc creator/import/gnu/arm/5.4.1/bin/../lib/gcc/arm-none-eabi/5.4.1/../../../../arm-none-eabi/lib/armv7-m/crt0.o (exit)
[...]
Memory Configuration

Name             Origin             Length             Attributes
rom              0x00000000         0x00040000         xr
ram              0x1fff8000         0x00010000         xrw
*default*        0x00000000         0xffffffff

Linker script and memory map

LOAD c:/program files (x86)/cypress/psoc creator/4.4/psoc creator/import/gnu/arm/5.4.1/bin/../lib/gcc/arm-none-eabi/5.4.1/armv7-m/crti.o
LOAD c:/program files (x86)/cypress/psoc creator/4.4/psoc creator/import/gnu/arm/5.4.1/bin/../lib/gcc/arm-none-eabi/5.4.1/armv7-m/crtbegin.o
LOAD c:/program files (x86)/cypress/psoc creator/4.4/psoc creator/import/gnu/arm/5.4.1/bin/../lib/gcc/arm-none-eabi/5.4.1/../../../../arm-none-eabi/lib/armv7-m/crt0.o
START GROUP
LOAD .\CortexM3\ARM_GCC_541\Debug\main.o
LOAD .\CortexM3\ARM_GCC_541\Debug\er.o
LOAD .\CortexM3\ARM_GCC_541\Debug\cyfitter_cfg.o
LOAD .\CortexM3\ARM_GCC_541\Debug\cymetadata.o
LOAD .\CortexM3\ARM_GCC_541\Debug\Cm3Start.o
LOAD .\CortexM3\ARM_GCC_541\Debug\Amplificador.a
LOAD C:\Program Files (x86)\Cypress\PSoC Creator\4.4\PSoC Creator\psoc\content\cycomponentlibrary\CyComponentLibrary.cylib\CortexM3\ARM_GCC_541\Debug\CyComponentLibrary.a
END GROUP
START GROUP
LOAD c:/program files (x86)/cypress/psoc creator/4.4/psoc creator/import/gnu/arm/5.4.1/bin/../lib/gcc/arm-none-eabi/5.4.1/armv7-m\libgcc.a
LOAD c:/program files (x86)/cypress/psoc creator/4.4/psoc creator/import/gnu/arm/5.4.1/bin/../lib/gcc/arm-none-eabi/5.4.1/../../../../arm-none-eabi/lib/armv7-m\libg_nano.a
LOAD c:/program files (x86)/cypress/psoc creator/4.4/psoc creator/import/gnu/arm/5.4.1/bin/../lib/gcc/arm-none-eabi/5.4.1/../../../../arm-none-eabi/lib/armv7-m\libc_nano.a
END GROUP
START GROUP
LOAD c:/program files (x86)/cypress/psoc creator/4.4/psoc creator/import/gnu/arm/5.4.1/bin/../lib/gcc/arm-none-eabi/5.4.1/armv7-m\libgcc.a
LOAD c:/program files (x86)/cypress/psoc creator/4.4/psoc creator/import/gnu/arm/5.4.1/bin/../lib/gcc/arm-none-eabi/5.4.1/../../../../arm-none-eabi/lib/armv7-m\libc_nano.a
END GROUP
LOAD c:/program files (x86)/cypress/psoc creator/4.4/psoc creator/import/gnu/arm/5.4.1/bin/../lib/gcc/arm-none-eabi/5.4.1/armv7-m/crtend.o
LOAD c:/program files (x86)/cypress/psoc creator/4.4/psoc creator/import/gnu/arm/5.4.1/bin/../lib/gcc/arm-none-eabi/5.4.1/armv7-m/crtn.o
START GROUP
LOAD c:/program files (x86)/cypress/psoc creator/4.4/psoc creator/import/gnu/arm/5.4.1/bin/../lib/gcc/arm-none-eabi/5.4.1/armv7-m\libgcc.a
LOAD c:/program files (x86)/cypress/psoc creator/4.4/psoc creator/import/gnu/arm/5.4.1/bin/../lib/gcc/arm-none-eabi/5.4.1/../../../../arm-none-eabi/lib/armv7-m\libc.a
LOAD c:/program files (x86)/cypress/psoc creator/4.4/psoc creator/import/gnu/arm/5.4.1/bin/../lib/gcc/arm-none-eabi/5.4.1/../../../../arm-none-eabi/lib/armv7-m\libnosys.a
END GROUP
                0x00000000                CY_APPL_ORIGIN = 0x0
                0x00000100                CY_FLASH_ROW_SIZE = 0x100
                0x00000020                CY_ECC_ROW_SIZE = 0x20
                0x00000000                CY_EE_IN_BTLDR = 0x0
                0x00000000                CY_APPL_LOADABLE = 0x0
                0x00000800                CY_EE_SIZE = 0x800
                0x00000001                CY_APPL_NUM = 0x1
                0x00000001                CY_APPL_MAX = 0x1
                0x00000040                CY_METADATA_SIZE = 0x40
                0x00000000                CY_APPL_LOADABLE = 0x0
                0x00000000                CY_CHECKSUM_EXCLUDE_SIZE = ALIGN (0x0, CY_FLASH_ROW_SIZE)
                [!provide]                PROVIDE (__cy_heap_start, _end)
                0x00000001                PROVIDE (__cy_region_num, ((__cy_regions_end - __cy_regions) / 0x10))
                0x20008000                PROVIDE (__cy_stack, (ORIGIN (ram) + LENGTH (ram)))
                [!provide]                PROVIDE (__cy_heap_end, (__cy_stack - 0x800))

.cybootloader   0x00000000        0x0
 *(.cybootloader)
                0x00000000                appl1_start = CY_APPL_ORIGIN?CY_APPL_ORIGIN:ALIGN (CY_FLASH_ROW_SIZE)
                0x0001ff00                appl2_start = (appl1_start + ALIGN ((((LENGTH (rom) - appl1_start) - (0x2 * CY_FLASH_ROW_SIZE)) / 0x2), CY_FLASH_ROW_SIZE))
                0x00000000                appl_start = (CY_APPL_NUM == 0x1)?appl1_start:appl2_start
                0x00000000                ecc_offset = ((appl_start / CY_FLASH_ROW_SIZE) * CY_ECC_ROW_SIZE)
                0x00000000                ee_offset = (CY_APPL_LOADABLE && ! (CY_EE_IN_BTLDR))?((CY_EE_SIZE / CY_APPL_MAX) * (CY_APPL_NUM - 0x1)):0x0
                0x00000800                ee_size = (CY_APPL_LOADABLE && ! (CY_EE_IN_BTLDR))?(CY_EE_SIZE / CY_APPL_MAX):CY_EE_SIZE
                [!provide]                PROVIDE (CY_ECC_OFFSET, ecc_offset)

.text           0x00000000     0x3070
 CREATE_OBJECT_SYMBOLS
                0x00000000                PROVIDE (__cy_interrupt_vector, RomVectors)
 *(.romvectors)
 .romvectors    0x00000000       0x10 .\CortexM3\ARM_GCC_541\Debug\Cm3Start.o
                0x00000000                RomVectors
                0x00000001                ASSERT ((. != __cy_interrupt_vector), No interrupt vector)
                0x00000001                ASSERT (CY_APPL_ORIGIN?(SIZEOF (.cybootloader) <= CY_APPL_ORIGIN):0x1, Wrong image location)
                0x00000010                PROVIDE (__cy_reset, Reset)
 *(.text.Reset)
 .text.Reset    0x00000010       0x18 .\CortexM3\ARM_GCC_541\Debug\Cm3Start.o
                0x00000010                Reset
                0x00000001                ASSERT ((. != __cy_reset), No reset code)
 *(.dma_init)
                0x00000001                ASSERT ((((appl_start + .) <= 0x10000) || 0x1), DMA Init must be within the first 64k of flash)
 *(.text .text.* .gnu.linkonce.t.*)
 .text          0x00000028       0x5c c:/program files (x86)/cypress/psoc creator/4.4/psoc creator/import/gnu/arm/5.4.1/bin/../lib/gcc/arm-none-eabi/5.4.1/armv7-m/crtbegin.o
 .text.Fin_Adq  0x00000084       0x14 .\CortexM3\ARM_GCC_541\Debug\main.o
                0x00000084                Fin_Adq
 .text.my_Start
                0x00000098       0x1c .\CortexM3\ARM_GCC_541\Debug\main.o
                0x00000098                my_Start
 .text.DMA_Config
                0x000000b4       0x58 .\CortexM3\ARM_GCC_541\Debug\main.o
                0x000000b4                DMA_Config
 .text.main     0x0000010c       0x70 .\CortexM3\ARM_GCC_541\Debug\main.o
                0x0000010c                main
 .text.envBytesChecksum
                0x0000017c       0x3c .\CortexM3\ARM_GCC_541\Debug\er.o
                0x0000017c                envBytesChecksum
 .text.CyClockStartupError
                0x000001b8        0x4 .\CortexM3\ARM_GCC_541\Debug\cyfitter_cfg.o
 .text.cfg_write_bytes32
                0x000001bc       0x34 .\CortexM3\ARM_GCC_541\Debug\cyfitter_cfg.o
 .text.CYMEMZERO
                0x000001f0        0xc .\CortexM3\ARM_GCC_541\Debug\cyfitter_cfg.o
 .text.AnalogSetDefault
                0x000001fc       0xd8 .\CortexM3\ARM_GCC_541\Debug\cyfitter_cfg.o
 .text.CYCONFIGCPY
                0x000002d4        0x8 .\CortexM3\ARM_GCC_541\Debug\cyfitter_cfg.o
 .text.ClockSetup
                0x000002dc      0x100 .\CortexM3\ARM_GCC_541\Debug\cyfitter_cfg.o
 .text.cyfitter_cfg
                0x000003dc      0x12c .\CortexM3\ARM_GCC_541\Debug\cyfitter_cfg.o
                0x000003dc                cyfitter_cfg
 .text.IntDefaultHandler
                0x00000508       0x10 .\CortexM3\ARM_GCC_541\Debug\Cm3Start.o
                0x00000508                IntDefaultHandler
 .text._sbrk    0x00000518       0x30 .\CortexM3\ARM_GCC_541\Debug\Cm3Start.o
                0x00000518                _sbrk
 .text.Start_c  0x00000548       0x4c .\CortexM3\ARM_GCC_541\Debug\Cm3Start.o
                0x00000548                Start_c
 .text.initialize_psoc
                0x00000594       0x6c .\CortexM3\ARM_GCC_541\Debug\Cm3Start.o
                0x00000594                initialize_psoc
 .text.TIA_1_Enable
                0x00000600       0x28 .\CortexM3\ARM_GCC_541\Debug\Amplificador.a(TIA_1.o)
                0x00000600                TIA_1_Enable
 .text.TIA_1_SetPower
                0x00000628       0x18 .\CortexM3\ARM_GCC_541\Debug\Amplificador.a(TIA_1.o)
                0x00000628                TIA_1_SetPower
 .text.TIA_1_SetResFB
                0x00000640       0x20 .\CortexM3\ARM_GCC_541\Debug\Amplificador.a(TIA_1.o)
                0x00000640                TIA_1_SetResFB
 .text.TIA_1_SetCapFB
                0x00000660       0x20 .\CortexM3\ARM_GCC_541\Debug\Amplificador.a(TIA_1.o)
                0x00000660                TIA_1_SetCapFB
 .text.TIA_1_Init
                0x00000680       0x2c .\CortexM3\ARM_GCC_541\Debug\Amplificador.a(TIA_1.o)
                0x00000680                TIA_1_Init
 .text.TIA_1_Start
                0x000006ac       0x1c .\CortexM3\ARM_GCC_541\Debug\Amplificador.a(TIA_1.o)
                0x000006ac                TIA_1_Start
 .text.TIA_2_Enable
                0x000006c8       0x28 .\CortexM3\ARM_GCC_541\Debug\Amplificador.a(TIA_2.o)
                0x000006c8                TIA_2_Enable
 .text.TIA_2_SetPower
                0x000006f0       0x18 .\CortexM3\ARM_GCC_541\Debug\Amplificador.a(TIA_2.o)
                0x000006f0                TIA_2_SetPower
 .text.TIA_2_SetResFB
                0x00000708       0x20 .\CortexM3\ARM_GCC_541\Debug\Amplificador.a(TIA_2.o)
                0x00000708                TIA_2_SetResFB
 .text.TIA_2_SetCapFB
                0x00000728       0x20 .\CortexM3\ARM_GCC_541\Debug\Amplificador.a(TIA_2.o)
                0x00000728                TIA_2_SetCapFB
 .text.TIA_2_Init
                0x00000748       0x2c .\CortexM3\ARM_GCC_541\Debug\Amplificador.a(TIA_2.o)
                0x00000748                TIA_2_Init
 .text.TIA_2_Start
                0x00000774       0x1c .\CortexM3\ARM_GCC_541\Debug\Amplificador.a(TIA_2.o)
                0x00000774                TIA_2_Start
 .text.CyDmacConfigure
                0x00000790       0x34 .\CortexM3\ARM_GCC_541\Debug\Amplificador.a(CyDmac.o)
                0x00000790                CyDmacConfigure
 .text.CyDmaChEnable
                0x000007c4       0x38 .\CortexM3\ARM_GCC_541\Debug\Amplificador.a(CyDmac.o)
                0x000007c4                CyDmaChEnable
 .text.CyDmaChPriority
                0x000007fc       0x24 .\CortexM3\ARM_GCC_541\Debug\Amplificador.a(CyDmac.o)
                0x000007fc                CyDmaChPriority
 .text.CyDmaChSetExtendedAddress
                0x00000820       0x34 .\CortexM3\ARM_GCC_541\Debug\Amplificador.a(CyDmac.o)
                0x00000820                CyDmaChSetExtendedAddress
 .text.CyDmaChSetInitialTd
                0x00000854       0x18 .\CortexM3\ARM_GCC_541\Debug\Amplificador.a(CyDmac.o)
                0x00000854                CyDmaChSetInitialTd
 .text.CyDmaChSetConfiguration
                0x0000086c       0x44 .\CortexM3\ARM_GCC_541\Debug\Amplificador.a(CyDmac.o)
                0x0000086c                CyDmaChSetConfiguration
 .text.CyDmaTdAllocate
                0x000008b0       0x34 .\CortexM3\ARM_GCC_541\Debug\Amplificador.a(CyDmac.o)
                0x000008b0                CyDmaTdAllocate
 .text.CyDmaTdSetConfiguration
                0x000008e4       0x28 .\CortexM3\ARM_GCC_541\Debug\Amplificador.a(CyDmac.o)
                0x000008e4                CyDmaTdSetConfiguration
 .text.CyDmaTdSetAddress
                0x0000090c       0x1c .\CortexM3\ARM_GCC_541\Debug\Amplificador.a(CyDmac.o)
                0x0000090c                CyDmaTdSetAddress
 .text.CyHalt   0x00000928        0x4 .\CortexM3\ARM_GCC_541\Debug\Amplificador.a(CyLib.o)
                0x00000928                CyHalt
 .text.CyDelay  0x0000092c       0x2c .\CortexM3\ARM_GCC_541\Debug\Amplificador.a(CyLib.o)
                0x0000092c                CyDelay
 .text.CyDelayUs
                0x00000958       0x14 .\CortexM3\ARM_GCC_541\Debug\Amplificador.a(CyLib.o)
                0x00000958                CyDelayUs
 .text.CyIntSetVector
                0x0000096c       0x28 .\CortexM3\ARM_GCC_541\Debug\Amplificador.a(CyLib.o)
                0x0000096c                CyIntSetVector
 .text.CyIntSetPriority
                0x00000994       0x30 .\CortexM3\ARM_GCC_541\Debug\Amplificador.a(CyLib.o)
                0x00000994                CyIntSetPriority
 .text.ADC_SAR_1_CalcGain
                0x000009c4       0x70 .\CortexM3\ARM_GCC_541\Debug\Amplificador.a(ADC_SAR_1.o)
 .text.ADC_SAR_1_Enable
                0x00000a34       0x94 .\CortexM3\ARM_GCC_541\Debug\Amplificador.a(ADC_SAR_1.o)
                0x00000a34                ADC_SAR_1_Enable
 .text.ADC_SAR_1_SetResolution
                0x00000ac8       0x38 .\CortexM3\ARM_GCC_541\Debug\Amplificador.a(ADC_SAR_1.o)
                0x00000ac8                ADC_SAR_1_SetResolution
 .text.ADC_SAR_1_Init
                0x00000b00       0x3c .\CortexM3\ARM_GCC_541\Debug\Amplificador.a(ADC_SAR_1.o)
                0x00000b00                ADC_SAR_1_Init
 .text.ADC_SAR_1_Start
                0x00000b3c       0x1c .\CortexM3\ARM_GCC_541\Debug\Amplificador.a(ADC_SAR_1.o)
                0x00000b3c                ADC_SAR_1_Start
 .text.ADC_SAR_1_ISR
                0x00000b58        0x4 .\CortexM3\ARM_GCC_541\Debug\Amplificador.a(ADC_SAR_1_INT.o)
                0x00000b58                ADC_SAR_1_ISR
 .text.DMA_1_DmaInitialize
                0x00000b5c       0x3c .\CortexM3\ARM_GCC_541\Debug\Amplificador.a(DMA_1_dma.o)
                0x00000b5c                DMA_1_DmaInitialize
 .text.ADC_SAR_1_theACLK_SetModeRegister
                0x00000b98       0x14 .\CortexM3\ARM_GCC_541\Debug\Amplificador.a(ADC_SAR_1_theACLK.o)
                0x00000b98                ADC_SAR_1_theACLK_SetModeRegister
 .text.isr_Fin_Adq_SetVector
                0x00000bac        0xc .\CortexM3\ARM_GCC_541\Debug\Amplificador.a(isr_Fin_Adq.o)
                0x00000bac                isr_Fin_Adq_SetVector
 .text.isr_Fin_Adq_SetPriority
                0x00000bb8       0x10 .\CortexM3\ARM_GCC_541\Debug\Amplificador.a(isr_Fin_Adq.o)
                0x00000bb8                isr_Fin_Adq_SetPriority
 .text.isr_Fin_Adq_Enable
                0x00000bc8        0xc .\CortexM3\ARM_GCC_541\Debug\Amplificador.a(isr_Fin_Adq.o)
                0x00000bc8                isr_Fin_Adq_Enable
 .text.isr_Fin_Adq_Disable
                0x00000bd4        0xc .\CortexM3\ARM_GCC_541\Debug\Amplificador.a(isr_Fin_Adq.o)
                0x00000bd4                isr_Fin_Adq_Disable
 .text.isr_Fin_Adq_StartEx
                0x00000be0       0x1c .\CortexM3\ARM_GCC_541\Debug\Amplificador.a(isr_Fin_Adq.o)
                0x00000be0                isr_Fin_Adq_StartEx
 .text.isr_Fin_Adq_ClearPending
                0x00000bfc        0xc .\CortexM3\ARM_GCC_541\Debug\Amplificador.a(isr_Fin_Adq.o)
                0x00000bfc                isr_Fin_Adq_ClearPending
 .text.Clock_ADC_Start
                0x00000c08       0x1c .\CortexM3\ARM_GCC_541\Debug\Amplificador.a(Clock_ADC.o)
                0x00000c08                Clock_ADC_Start
 .text.Clock_Trig_Start
                0x00000c24       0x1c .\CortexM3\ARM_GCC_541\Debug\Amplificador.a(Clock_Trig.o)
                0x00000c24                Clock_Trig_Start
 .text.UART_1_Init
                0x00000c40       0x28 .\CortexM3\ARM_GCC_541\Debug\Amplificador.a(UART_1.o)
                0x00000c40                UART_1_Init
 .text.UART_1_Enable
                0x00000c68       0x38 .\CortexM3\ARM_GCC_541\Debug\Amplificador.a(UART_1.o)
                0x00000c68                UART_1_Enable
 .text.UART_1_Start
                0x00000ca0       0x1c .\CortexM3\ARM_GCC_541\Debug\Amplificador.a(UART_1.o)
                0x00000ca0                UART_1_Start
 .text.UART_1_PutChar
                0x00000cbc       0x18 .\CortexM3\ARM_GCC_541\Debug\Amplificador.a(UART_1.o)
                0x00000cbc                UART_1_PutChar
 .text.Reg_Hab_Adq_Write
                0x00000cd4        0xc .\CortexM3\ARM_GCC_541\Debug\Amplificador.a(Reg_Hab_Adq.o)
                0x00000cd4                Reg_Hab_Adq_Write
 .text.UART_1_IntClock_Start
                0x00000ce0       0x1c .\CortexM3\ARM_GCC_541\Debug\Amplificador.a(UART_1_IntClock.o)
                0x00000ce0                UART_1_IntClock_Start
 *fill*         0x00000cfc        0x4 
 .text          0x00000d00       0x20 .\CortexM3\ARM_GCC_541\Debug\Amplificador.a(CyBootAsmGnu.o)
                0x00000d00                CyDelayCycles
                0x00000d10                CyEnterCriticalSection
                0x00000d18                CyExitCriticalSection
 .text.__errno  0x00000d20        0xc c:/program files (x86)/cypress/psoc creator/4.4/psoc creator/import/gnu/arm/5.4.1/bin/../lib/gcc/arm-none-eabi/5.4.1/../../../../arm-none-eabi/lib/armv7-m\libg_nano.a(lib_a-errno.o)
                0x00000d20                __errno
 .text.__libc_init_array
                0x00000d2c       0x4c c:/program files (x86)/cypress/psoc creator/4.4/psoc creator/import/gnu/arm/5.4.1/bin/../lib/gcc/arm-none-eabi/5.4.1/../../../../arm-none-eabi/lib/armv7-m\libg_nano.a(lib_a-init.o)
                0x00000d2c                __libc_init_array
 .text.memcpy   0x00000d78       0x16 c:/program files (x86)/cypress/psoc creator/4.4/psoc creator/import/gnu/arm/5.4.1/bin/../lib/gcc/arm-none-eabi/5.4.1/../../../../arm-none-eabi/lib/armv7-m\libg_nano.a(lib_a-memcpy-stub.o)
                0x00000d78                memcpy
 .text.memset   0x00000d8e       0x10 c:/program files (x86)/cypress/psoc creator/4.4/psoc creator/import/gnu/arm/5.4.1/bin/../lib/gcc/arm-none-eabi/5.4.1/../../../../arm-none-eabi/lib/armv7-m\libg_nano.a(lib_a-memset.o)
                0x00000d8e                memset
 .text.__cvt    0x00000d9e       0xc0 c:/program files (x86)/cypress/psoc creator/4.4/psoc creator/import/gnu/arm/5.4.1/bin/../lib/gcc/arm-none-eabi/5.4.1/../../../../arm-none-eabi/lib/armv7-m\libg_nano.a(lib_a-nano-vfprintf_float.o)
                0x00000d9e                __cvt
 .text.__exponent
                0x00000e5e       0x62 c:/program files (x86)/cypress/psoc creator/4.4/psoc creator/import/gnu/arm/5.4.1/bin/../lib/gcc/arm-none-eabi/5.4.1/../../../../arm-none-eabi/lib/armv7-m\libg_nano.a(lib_a-nano-vfprintf_float.o)
                0x00000e5e                __exponent
 .text._printf_float
                0x00000ec0      0x488 c:/program files (x86)/cypress/psoc creator/4.4/psoc creator/import/gnu/arm/5.4.1/bin/../lib/gcc/arm-none-eabi/5.4.1/../../../../arm-none-eabi/lib/armv7-m\libg_nano.a(lib_a-nano-vfprintf_float.o)
                0x00000ec0                _printf_float
 .text._printf_common
                0x00001348       0xec c:/program files (x86)/cypress/psoc creator/4.4/psoc creator/import/gnu/arm/5.4.1/bin/../lib/gcc/arm-none-eabi/5.4.1/../../../../arm-none-eabi/lib/armv7-m\libg_nano.a(lib_a-nano-vfprintf_i.o)
                0x00001348                _printf_common
 .text          0x00001434       0x10 c:/program files (x86)/cypress/psoc creator/4.4/psoc creator/import/gnu/arm/5.4.1/bin/../lib/gcc/arm-none-eabi/5.4.1/../../../../arm-none-eabi/lib/armv7-m\libg_nano.a(lib_a-strlen.o)
                0x00001434                strlen
 .text.quorem   0x00001444      0x116 c:/program files (x86)/cypress/psoc creator/4.4/psoc creator/import/gnu/arm/5.4.1/bin/../lib/gcc/arm-none-eabi/5.4.1/../../../../arm-none-eabi/lib/armv7-m\libg_nano.a(lib_a-dtoa.o)
 *fill*         0x0000155a        0x6 
 .text._dtoa_r  0x00001560      0xb30 c:/program files (x86)/cypress/psoc creator/4.4/psoc creator/import/gnu/arm/5.4.1/bin/../lib/gcc/arm-none-eabi/5.4.1/../../../../arm-none-eabi/lib/armv7-m\libg_nano.a(lib_a-dtoa.o)
                0x00001560                _dtoa_r
 .text._localeconv_r
                0x00002090        0x8 c:/program files (x86)/cypress/psoc creator/4.4/psoc creator/import/gnu/arm/5.4.1/bin/../lib/gcc/arm-none-eabi/5.4.1/../../../../arm-none-eabi/lib/armv7-m\libg_nano.a(lib_a-locale.o)
                0x00002090                _localeconv_r
 .text.malloc   0x00002098       0x10 c:/program files (x86)/cypress/psoc creator/4.4/psoc creator/import/gnu/arm/5.4.1/bin/../lib/gcc/arm-none-eabi/5.4.1/../../../../arm-none-eabi/lib/armv7-m\libg_nano.a(lib_a-malloc.o)
                0x00002098                malloc
 .text._Balloc  0x000020a8       0x6a c:/program files (x86)/cypress/psoc creator/4.4/psoc creator/import/gnu/arm/5.4.1/bin/../lib/gcc/arm-none-eabi/5.4.1/../../../../arm-none-eabi/lib/armv7-m\libg_nano.a(lib_a-mprec.o)
                0x000020a8                _Balloc
 .text._Bfree   0x00002112       0x2e c:/program files (x86)/cypress/psoc creator/4.4/psoc creator/import/gnu/arm/5.4.1/bin/../lib/gcc/arm-none-eabi/5.4.1/../../../../arm-none-eabi/lib/armv7-m\libg_nano.a(lib_a-mprec.o)
                0x00002112                _Bfree
 .text.__multadd
                0x00002140       0x76 c:/program files (x86)/cypress/psoc creator/4.4/psoc creator/import/gnu/arm/5.4.1/bin/../lib/gcc/arm-none-eabi/5.4.1/../../../../arm-none-eabi/lib/armv7-m\libg_nano.a(lib_a-mprec.o)
                0x00002140                __multadd
 .text.__hi0bits
                0x000021b6       0x40 c:/program files (x86)/cypress/psoc creator/4.4/psoc creator/import/gnu/arm/5.4.1/bin/../lib/gcc/arm-none-eabi/5.4.1/../../../../arm-none-eabi/lib/armv7-m\libg_nano.a(lib_a-mprec.o)
                0x000021b6                __hi0bits
 .text.__lo0bits
                0x000021f6       0x5a c:/program files (x86)/cypress/psoc creator/4.4/psoc creator/import/gnu/arm/5.4.1/bin/../lib/gcc/arm-none-eabi/5.4.1/../../../../arm-none-eabi/lib/armv7-m\libg_nano.a(lib_a-mprec.o)
                0x000021f6                __lo0bits
 .text.__i2b    0x00002250       0x12 c:/program files (x86)/cypress/psoc creator/4.4/psoc creator/import/gnu/arm/5.4.1/bin/../lib/gcc/arm-none-eabi/5.4.1/../../../../arm-none-eabi/lib/armv7-m\libg_nano.a(lib_a-mprec.o)
                0x00002250                __i2b
 .text.__multiply
                0x00002262      0x120 c:/program files (x86)/cypress/psoc creator/4.4/psoc creator/import/gnu/arm/5.4.1/bin/../lib/gcc/arm-none-eabi/5.4.1/../../../../arm-none-eabi/lib/armv7-m\libg_nano.a(lib_a-mprec.o)
                0x00002262                __multiply
 *fill*         0x00002382        0x2 
 .text.__pow5mult
                0x00002384       0x9c c:/program files (x86)/cypress/psoc creator/4.4/psoc creator/import/gnu/arm/5.4.1/bin/../lib/gcc/arm-none-eabi/5.4.1/../../../../arm-none-eabi/lib/armv7-m\libg_nano.a(lib_a-mprec.o)
                0x00002384                __pow5mult
 .text.__lshift
                0x00002420       0xa2 c:/program files (x86)/cypress/psoc creator/4.4/psoc creator/import/gnu/arm/5.4.1/bin/../lib/gcc/arm-none-eabi/5.4.1/../../../../arm-none-eabi/lib/armv7-m\libg_nano.a(lib_a-mprec.o)
                0x00002420                __lshift
 .text.__mcmp   0x000024c2       0x38 c:/program files (x86)/cypress/psoc creator/4.4/psoc creator/import/gnu/arm/5.4.1/bin/../lib/gcc/arm-none-eabi/5.4.1/../../../../arm-none-eabi/lib/armv7-m\libg_nano.a(lib_a-mprec.o)
                0x000024c2                __mcmp
 .text.__mdiff  0x000024fa       0xbe c:/program files (x86)/cypress/psoc creator/4.4/psoc creator/import/gnu/arm/5.4.1/bin/../lib/gcc/arm-none-eabi/5.4.1/../../../../arm-none-eabi/lib/armv7-m\libg_nano.a(lib_a-mprec.o)
                0x000024fa                __mdiff
 .text.__d2b    0x000025b8       0x9c c:/program files (x86)/cypress/psoc creator/4.4/psoc creator/import/gnu/arm/5.4.1/bin/../lib/gcc/arm-none-eabi/5.4.1/../../../../arm-none-eabi/lib/armv7-m\libg_nano.a(lib_a-mprec.o)
                0x000025b8                __d2b
 .text._calloc_r
                0x00002654       0x1c c:/program files (x86)/cypress/psoc creator/4.4/psoc creator/import/gnu/arm/5.4.1/bin/../lib/gcc/arm-none-eabi/5.4.1/../../../../arm-none-eabi/lib/armv7-m\libg_nano.a(lib_a-nano-callocr.o)
                0x00002654                _calloc_r
 .text._malloc_r
                0x00002670       0xbc c:/program files (x86)/cypress/psoc creator/4.4/psoc creator/import/gnu/arm/5.4.1/bin/../lib/gcc/arm-none-eabi/5.4.1/../../../../arm-none-eabi/lib/armv7-m\libg_nano.a(lib_a-nano-mallocr.o)
                0x00002670                _malloc_r
 .text._sbrk_r  0x0000272c       0x20 c:/program files (x86)/cypress/psoc creator/4.4/psoc creator/import/gnu/arm/5.4.1/bin/../lib/gcc/arm-none-eabi/5.4.1/../../../../arm-none-eabi/lib/armv7-m\libg_nano.a(lib_a-sbrkr.o)
                0x0000272c                _sbrk_r
 .text.__malloc_lock
                0x0000274c        0x2 c:/program files (x86)/cypress/psoc creator/4.4/psoc creator/import/gnu/arm/5.4.1/bin/../lib/gcc/arm-none-eabi/5.4.1/../../../../arm-none-eabi/lib/armv7-m\libg_nano.a(lib_a-mlock.o)
                0x0000274c                __malloc_lock
 .text.__malloc_unlock
                0x0000274e        0x2 c:/program files (x86)/cypress/psoc creator/4.4/psoc creator/import/gnu/arm/5.4.1/bin/../lib/gcc/arm-none-eabi/5.4.1/../../../../arm-none-eabi/lib/armv7-m\libg_nano.a(lib_a-mlock.o)
                0x0000274e                __malloc_unlock
 .text          0x00002750      0x370 c:/program files (x86)/cypress/psoc creator/4.4/psoc creator/import/gnu/arm/5.4.1/bin/../lib/gcc/arm-none-eabi/5.4.1/armv7-m\libgcc.a(_arm_addsubdf3.o)
                0x00002750                __aeabi_drsub
                0x00002758                __aeabi_dsub
                0x00002758                __subdf3
                0x0000275c                __aeabi_dadd
                0x0000275c                __adddf3
                0x000029d4                __floatunsidf
                0x000029d4                __aeabi_ui2d
                0x000029f4                __floatsidf
                0x000029f4                __aeabi_i2d
                0x00002a18                __aeabi_f2d
                0x00002a18                __extendsfdf2
                0x00002a54                __floatundidf
                0x00002a54                __aeabi_ul2d
                0x00002a64                __floatdidf
                0x00002a64                __aeabi_l2d
 .text          0x00002ac0      0x424 c:/program files (x86)/cypress/psoc creator/4.4/psoc creator/import/gnu/arm/5.4.1/bin/../lib/gcc/arm-none-eabi/5.4.1/armv7-m\libgcc.a(_arm_muldivdf3.o)
                0x00002ac0                __aeabi_dmul
                0x00002ac0                __muldf3
                0x00002d14                __divdf3
                0x00002d14                __aeabi_ddiv
 .text          0x00002ee4      0x110 c:/program files (x86)/cypress/psoc creator/4.4/psoc creator/import/gnu/arm/5.4.1/bin/../lib/gcc/arm-none-eabi/5.4.1/armv7-m\libgcc.a(_arm_cmpdf2.o)
                0x00002ee4                __gtdf2
                0x00002ee4                __gedf2
                0x00002eec                __ltdf2
                0x00002eec                __ledf2
                0x00002ef4                __nedf2
                0x00002ef4                __eqdf2
                0x00002ef4                __cmpdf2
                0x00002f70                __aeabi_cdrcmple
                0x00002f80                __aeabi_cdcmpeq
                0x00002f80                __aeabi_cdcmple
                0x00002f90                __aeabi_dcmpeq
                0x00002fa4                __aeabi_dcmplt
                0x00002fb8                __aeabi_dcmple
                0x00002fcc                __aeabi_dcmpge
                0x00002fe0                __aeabi_dcmpgt
 .text          0x00002ff4       0x2c c:/program files (x86)/cypress/psoc creator/4.4/psoc creator/import/gnu/arm/5.4.1/bin/../lib/gcc/arm-none-eabi/5.4.1/armv7-m\libgcc.a(_arm_unorddf2.o)
                0x00002ff4                __unorddf2
                0x00002ff4                __aeabi_dcmpun
 .text          0x00003020       0x50 c:/program files (x86)/cypress/psoc creator/4.4/psoc creator/import/gnu/arm/5.4.1/bin/../lib/gcc/arm-none-eabi/5.4.1/armv7-m\libgcc.a(_arm_fixdfsi.o)
                0x00003020                __aeabi_d2iz
                0x00003020                __fixdfsi
 *(.plt)
 *(.gnu.warning)
 *(.glue_7t)
 .glue_7t       0x00003070        0x0 linker stubs
 *(.glue_7)
 .glue_7        0x00003070        0x0 linker stubs
 *(.vfp11_veneer)
 .vfp11_veneer  0x00003070        0x0 linker stubs
 *(.bootloader)
 *(.ARM.extab* .gnu.linkonce.armextab.*)
 *(.gcc_except_table)

.v4_bx          0x00003070        0x0
 .v4_bx         0x00003070        0x0 linker stubs

.iplt           0x00003070        0x0
 .iplt          0x00003070        0x0 c:/program files (x86)/cypress/psoc creator/4.4/psoc creator/import/gnu/arm/5.4.1/bin/../lib/gcc/arm-none-eabi/5.4.1/armv7-m/crtbegin.o

.eh_frame_hdr
 *(.eh_frame_hdr)

.eh_frame       0x00003070        0x4
 *(.eh_frame)
 .eh_frame      0x00003070        0x0 c:/program files (x86)/cypress/psoc creator/4.4/psoc creator/import/gnu/arm/5.4.1/bin/../lib/gcc/arm-none-eabi/5.4.1/armv7-m/crtbegin.o
 .eh_frame      0x00003070        0x4 c:/program files (x86)/cypress/psoc creator/4.4/psoc creator/import/gnu/arm/5.4.1/bin/../lib/gcc/arm-none-eabi/5.4.1/armv7-m/crtend.o
                [!provide]                PROVIDE (__exidx_start, .)

.ARM.exidx
 *(.ARM.exidx* .gnu.linkonce.armexidx.*)
                0x00003074                __exidx_end = .

.rodata         0x00003078      0x198
 *(.rodata .rodata.* .gnu.linkonce.r.*)
 .rodata        0x00003078       0x36 .\CortexM3\ARM_GCC_541\Debug\cyfitter_cfg.o
 .rodata.str1.1
                0x000030ae        0x2 c:/program files (x86)/cypress/psoc creator/4.4/psoc creator/import/gnu/arm/5.4.1/bin/../lib/gcc/arm-none-eabi/5.4.1/../../../../arm-none-eabi/lib/armv7-m\libg_nano.a(lib_a-impure.o)
 .rodata.str1.1
                0x000030b0       0x12 c:/program files (x86)/cypress/psoc creator/4.4/psoc creator/import/gnu/arm/5.4.1/bin/../lib/gcc/arm-none-eabi/5.4.1/../../../../arm-none-eabi/lib/armv7-m\libg_nano.a(lib_a-nano-vfprintf_float.o)
 .rodata.str1.1
                0x000030c2        0xd c:/program files (x86)/cypress/psoc creator/4.4/psoc creator/import/gnu/arm/5.4.1/bin/../lib/gcc/arm-none-eabi/5.4.1/../../../../arm-none-eabi/lib/armv7-m\libg_nano.a(lib_a-dtoa.o)
                                  0xf (size before relaxing)
 .rodata.str1.1
                0x000030cf        0x8 c:/program files (x86)/cypress/psoc creator/4.4/psoc creator/import/gnu/arm/5.4.1/bin/../lib/gcc/arm-none-eabi/5.4.1/../../../../arm-none-eabi/lib/armv7-m\libg_nano.a(lib_a-locale.o)
                                  0xb (size before relaxing)
 *fill*         0x000030d7        0x1 
 .rodata.__mprec_tens
                0x000030d8       0xc8 c:/program files (x86)/cypress/psoc creator/4.4/psoc creator/import/gnu/arm/5.4.1/bin/../lib/gcc/arm-none-eabi/5.4.1/../../../../arm-none-eabi/lib/armv7-m\libg_nano.a(lib_a-mprec.o)
                0x000030d8                __mprec_tens
 .rodata.p05.5408
                0x000031a0        0xc c:/program files (x86)/cypress/psoc creator/4.4/psoc creator/import/gnu/arm/5.4.1/bin/../lib/gcc/arm-none-eabi/5.4.1/../../../../arm-none-eabi/lib/armv7-m\libg_nano.a(lib_a-mprec.o)
 *fill*         0x000031ac        0x4 
 .rodata.__mprec_bigtens
                0x000031b0       0x28 c:/program files (x86)/cypress/psoc creator/4.4/psoc creator/import/gnu/arm/5.4.1/bin/../lib/gcc/arm-none-eabi/5.4.1/../../../../arm-none-eabi/lib/armv7-m\libg_nano.a(lib_a-mprec.o)
                0x000031b0                __mprec_bigtens
                0x000031d8                . = ALIGN (0x4)
 *(.init)
 .init          0x000031d8        0x4 c:/program files (x86)/cypress/psoc creator/4.4/psoc creator/import/gnu/arm/5.4.1/bin/../lib/gcc/arm-none-eabi/5.4.1/armv7-m/crti.o
                0x000031d8                _init
 .init          0x000031dc        0x8 c:/program files (x86)/cypress/psoc creator/4.4/psoc creator/import/gnu/arm/5.4.1/bin/../lib/gcc/arm-none-eabi/5.4.1/armv7-m/crtn.o
                0x000031e4                . = ALIGN (0x4)
                0x000031e4                __preinit_array_start = .
 *(.preinit_array)
                0x000031e4                __preinit_array_end = .
                0x000031e4                . = ALIGN (0x4)
                0x000031e4                __init_array_start = .
 *(SORT(.init_array.*))
 *(.init_array)
 .init_array    0x000031e4        0x4 c:/program files (x86)/cypress/psoc creator/4.4/psoc creator/import/gnu/arm/5.4.1/bin/../lib/gcc/arm-none-eabi/5.4.1/armv7-m/crtbegin.o
 .init_array    0x000031e8        0x4 .\CortexM3\ARM_GCC_541\Debug\Cm3Start.o
                0x000031ec                __init_array_end = .
                0x000031ec                . = ALIGN (0x4)
 *(.fini)
 .fini          0x000031ec        0x4 c:/program files (x86)/cypress/psoc creator/4.4/psoc creator/import/gnu/arm/5.4.1/bin/../lib/gcc/arm-none-eabi/5.4.1/armv7-m/crti.o
                0x000031ec                _fini
 .fini          0x000031f0        0x8 c:/program files (x86)/cypress/psoc creator/4.4/psoc creator/import/gnu/arm/5.4.1/bin/../lib/gcc/arm-none-eabi/5.4.1/armv7-m/crtn.o
                0x000031f8                . = ALIGN (0x4)
                0x000031f8                __fini_array_start = .
 *(.fini_array)
 .fini_array    0x000031f8        0x4 c:/program files (x86)/cypress/psoc creator/4.4/psoc creator/import/gnu/arm/5.4.1/bin/../lib/gcc/arm-none-eabi/5.4.1/armv7-m/crtbegin.o
 *(SORT(.fini_array.*))
                0x000031fc                __fini_array_end = .
                0x000031fc                . = ALIGN (0x4)
 *crtbegin.o(.ctors)
 *(EXCLUDE_FILE(*crtend.o) .ctors)
 *(SORT(.ctors.*))
 *crtend.o(.ctors)
                0x000031fc                . = ALIGN (0x4)
 *crtbegin.o(.dtors)
 *(EXCLUDE_FILE(*crtend.o) .dtors)
 *(SORT(.dtors.*))
 *crtend.o(.dtors)
                0x000031fc                . = ALIGN (0x4)
                0x000031fc                __cy_regions = .
                0x000031fc        0x4 LONG 0x3210 __cy_region_init_ram
                0x00003200        0x4 LONG 0x1fff80c8 __cy_region_start_data
                0x00003204        0x4 LONG 0xc8 __cy_region_init_size_ram
                0x00003208        0x4 LONG 0x2f28 __cy_region_zero_size_ram
                0x0000320c                __cy_regions_end = .
                0x00003210                . = ALIGN (0x8)
 *fill*         0x0000320c        0x4 
                0x00003210                _etext = .

.cy_checksum_exclude
                0x00003210        0x0
 *(.cy_checksum_exclude)

.ramvectors     0x1fff8000       0xc0
                0x1fff8000                __cy_region_start_ram = .
 *(.ramvectors)
 .ramvectors    0x1fff8000       0xc0 .\CortexM3\ARM_GCC_541\Debug\Cm3Start.o
                0x1fff8000                CyRamVectors

.noinit         0x1fff80c0        0x1
 *(.noinit)
 .noinit        0x1fff80c0        0x1 .\CortexM3\ARM_GCC_541\Debug\Amplificador.a(CyLib.o)
                0x1fff80c0                CyResetStatus

.data           0x1fff80c8       0xc8 load address 0x00003210
                0x1fff80c8                __cy_region_start_data = .
 *(.jcr)
 .jcr           0x1fff80c8        0x0 c:/program files (x86)/cypress/psoc creator/4.4/psoc creator/import/gnu/arm/5.4.1/bin/../lib/gcc/arm-none-eabi/5.4.1/armv7-m/crtbegin.o
 .jcr           0x1fff80c8        0x4 c:/program files (x86)/cypress/psoc creator/4.4/psoc creator/import/gnu/arm/5.4.1/bin/../lib/gcc/arm-none-eabi/5.4.1/armv7-m/crtend.o
 *(.got.plt)
 *(.got)
 *(.shdata)
 *(.data .data.* .gnu.linkonce.d.*)
 .data          0x1fff80cc        0x1 .\CortexM3\ARM_GCC_541\Debug\main.o
                0x1fff80cc                flag
 *fill*         0x1fff80cd        0x3 
 .data          0x1fff80d0        0x4 .\CortexM3\ARM_GCC_541\Debug\Cm3Start.o
 .data          0x1fff80d4        0x8 .\CortexM3\ARM_GCC_541\Debug\Amplificador.a(CyDmac.o)
 .data          0x1fff80dc       0x10 .\CortexM3\ARM_GCC_541\Debug\Amplificador.a(CyLib.o)
                0x1fff80dc                cydelay_32k_ms
                0x1fff80e0                cydelay_freq_khz
                0x1fff80e4                cydelay_freq_mhz
                0x1fff80e8                cydelay_freq_hz
 .data          0x1fff80ec        0x1 .\CortexM3\ARM_GCC_541\Debug\Amplificador.a(DMA_1_dma.o)
                0x1fff80ec                DMA_1_DmaHandle
 *fill*         0x1fff80ed        0x3 
 .data.impure_data
                0x1fff80f0       0x60 c:/program files (x86)/cypress/psoc creator/4.4/psoc creator/import/gnu/arm/5.4.1/bin/../lib/gcc/arm-none-eabi/5.4.1/../../../../arm-none-eabi/lib/armv7-m\libg_nano.a(lib_a-impure.o)
 .data._impure_ptr
                0x1fff8150        0x4 c:/program files (x86)/cypress/psoc creator/4.4/psoc creator/import/gnu/arm/5.4.1/bin/../lib/gcc/arm-none-eabi/5.4.1/../../../../arm-none-eabi/lib/armv7-m\libg_nano.a(lib_a-impure.o)
                0x1fff8150                _impure_ptr
 .data.lconv    0x1fff8154       0x38 c:/program files (x86)/cypress/psoc creator/4.4/psoc creator/import/gnu/arm/5.4.1/bin/../lib/gcc/arm-none-eabi/5.4.1/../../../../arm-none-eabi/lib/armv7-m\libg_nano.a(lib_a-locale.o)
                0x1fff8190                . = ALIGN (0x8)
 *fill*         0x1fff818c        0x4 
 *(.ram)
                0x1fff8190                _edata = .

.igot.plt       0x1fff8190        0x0 load address 0x000032d8
 .igot.plt      0x1fff8190        0x0 c:/program files (x86)/cypress/psoc creator/4.4/psoc creator/import/gnu/arm/5.4.1/bin/../lib/gcc/arm-none-eabi/5.4.1/armv7-m/crtbegin.o

.bss            0x1fff8190     0x2f28 load address 0x000032d8
                0x1fff8190                PROVIDE (__bss_start__, .)
 *(.shbss)
 *(.bss .bss.* .gnu.linkonce.b.*)
 .bss           0x1fff8190       0x1c c:/program files (x86)/cypress/psoc creator/4.4/psoc creator/import/gnu/arm/5.4.1/bin/../lib/gcc/arm-none-eabi/5.4.1/armv7-m/crtbegin.o
 .bss           0x1fff81ac        0x1 .\CortexM3\ARM_GCC_541\Debug\Amplificador.a(TIA_1.o)
                0x1fff81ac                TIA_1_initVar
 .bss           0x1fff81ad        0x1 .\CortexM3\ARM_GCC_541\Debug\Amplificador.a(TIA_2.o)
                0x1fff81ad                TIA_2_initVar
 .bss           0x1fff81ae        0x1 .\CortexM3\ARM_GCC_541\Debug\Amplificador.a(ADC_SAR_1.o)
                0x1fff81ae                ADC_SAR_1_initVar
 .bss           0x1fff81af        0x2 .\CortexM3\ARM_GCC_541\Debug\Amplificador.a(UART_1.o)
                0x1fff81af                UART_1_initVar
 *fill*         0x1fff81b1        0x3 
 .bss.__malloc_sbrk_start
                0x1fff81b4        0x4 c:/program files (x86)/cypress/psoc creator/4.4/psoc creator/import/gnu/arm/5.4.1/bin/../lib/gcc/arm-none-eabi/5.4.1/../../../../arm-none-eabi/lib/armv7-m\libg_nano.a(lib_a-nano-mallocr.o)
                0x1fff81b4                __malloc_sbrk_start
 .bss.__malloc_free_list
                0x1fff81b8        0x4 c:/program files (x86)/cypress/psoc creator/4.4/psoc creator/import/gnu/arm/5.4.1/bin/../lib/gcc/arm-none-eabi/5.4.1/../../../../arm-none-eabi/lib/armv7-m\libg_nano.a(lib_a-nano-mallocr.o)
                0x1fff81b8                __malloc_free_list
 *(COMMON)
 COMMON         0x1fff81bc     0x2ee9 .\CortexM3\ARM_GCC_541\Debug\main.o
                0x1fff81bc                DMA_1_TD
                0x1fff81c0                j
                0x1fff81c4                datos
                0x1fff9164                y
                0x1fffb0a4                DMA_1_Chan
 *fill*         0x1fffb0a5        0x3 
 COMMON         0x1fffb0a8        0xa .\CortexM3\ARM_GCC_541\Debug\Amplificador.a(ADC_SAR_1.o)
                0x1fffb0a8                ADC_SAR_1_countsPerVolt
                0x1fffb0aa                ADC_SAR_1_shift
                0x1fffb0ac                ADC_SAR_1_countsPer10Volt
                0x1fffb0b0                ADC_SAR_1_offset
 *fill*         0x1fffb0b2        0x2 
 COMMON         0x1fffb0b4        0x4 c:/program files (x86)/cypress/psoc creator/4.4/psoc creator/import/gnu/arm/5.4.1/bin/../lib/gcc/arm-none-eabi/5.4.1/../../../../arm-none-eabi/lib/armv7-m\libg_nano.a(lib_a-reent.o)
                0x1fffb0b4                errno
                0x1fffb0b8                . = ALIGN (0x8)
 *(.ram.b)
                0x1fffb0b8                _end = .
                0x1fffb0b8                __end = .
                0x1fffb0b8                PROVIDE (end, .)
                0x1fffb0b8                PROVIDE (__bss_end__, .)
                0x00003210                __cy_region_init_ram = LOADADDR (.data)
                0x000000c8                __cy_region_init_size_ram = (_edata - ADDR (.data))
                0x00002f28                __cy_region_zero_size_ram = (_end - _edata)

.heap           0x1fffb0b8      0x300 load address 0x000032d8
                0x1fffb0b8                . = _end
                0x1fffb3b8                . = (. + 0x300)
 *fill*         0x1fffb0b8      0x300 
                0x1fffb3b8                __cy_heap_limit = .

.stack          0x20007800      0x800
                0x20007800                __cy_stack_limit = .
                0x20008000                . = (. + 0x800)
 *fill*         0x20007800      0x800 
                0x00000001                ASSERT ((__cy_stack_limit >= __cy_heap_limit), region RAM overflowed with stack)
                0x00000000                cy_checksum_exclude_size = (CY_APPL_LOADABLE == 0x1)?SIZEOF (.cy_checksum_exclude):0x0
                0x00000001                ASSERT ((cy_checksum_exclude_size <= CY_CHECKSUM_EXCLUDE_SIZE), CY_BOOT: Section .cy_checksum_exclude size exceedes specified limit.)

.cyloadermeta
 *(.cyloadermeta)

.cyloadablemeta
 *(.cyloadablemeta)

.cyconfigecc    0x80000000      0x4a4
 *(.cyconfigecc)
 .cyconfigecc   0x80000000      0x4a4 .\CortexM3\ARM_GCC_541\Debug\cymetadata.o
                0x80000000                cy_meta_configecc

.cycustnvl      0x90000000        0x4
 *(.cycustnvl)
 .cycustnvl     0x90000000        0x4 .\CortexM3\ARM_GCC_541\Debug\cymetadata.o
                0x90000000                cy_meta_custnvl

.cywolatch      0x90100000        0x4
 *(.cywolatch)
 .cywolatch     0x90100000        0x4 .\CortexM3\ARM_GCC_541\Debug\cymetadata.o
                0x90100000                cy_meta_wonvl

.cyeeprom       0x90200000        0x0
 *(.cyeeprom)
                0x00000001                ASSERT ((. <= ((0x90200000 + ee_offset) + ee_size)), .cyeeprom data will not fit in EEPROM)

.cyflashprotect
                0x90400000      0x100
 *(.cyflashprotect)
 .cyflashprotect
                0x90400000      0x100 .\CortexM3\ARM_GCC_541\Debug\cymetadata.o
                0x90400000                cy_meta_flashprotect

.cymeta         0x90500000        0xc
 *(.cymeta)
 .cymeta        0x90500000        0xc .\CortexM3\ARM_GCC_541\Debug\cymetadata.o
                0x90500000                cy_metadata

.rel.dyn        0x000032d8        0x0 load address 0x9050000c
 .rel.iplt      0x000032d8        0x0 c:/program files (x86)/cypress/psoc creator/4.4/psoc creator/import/gnu/arm/5.4.1/bin/../lib/gcc/arm-none-eabi/5.4.1/armv7-m/crtbegin.o

.stab
 *(.stab)

.stabstr
 *(.stabstr)

.debug
 *(.debug)

.line
 *(.line)

.debug_srcinfo
 *(.debug_srcinfo)

.debug_sfnames
 *(.debug_sfnames)

.debug_aranges  0x00000000      0xb58
 *(.debug_aranges)
 .debug_aranges
                0x00000000       0x38 .\CortexM3\ARM_GCC_541\Debug\main.o
 .debug_aranges
                0x00000038       0x48 .\CortexM3\ARM_GCC_541\Debug\er.o
 .debug_aranges
                0x00000080       0x58 .\CortexM3\ARM_GCC_541\Debug\cyfitter_cfg.o
 .debug_aranges
                0x000000d8       0x18 .\CortexM3\ARM_GCC_541\Debug\cymetadata.o
 .debug_aranges
                0x000000f0       0x48 .\CortexM3\ARM_GCC_541\Debug\Cm3Start.o
 .debug_aranges
                0x00000138       0x50 .\CortexM3\ARM_GCC_541\Debug\Amplificador.a(TIA_1.o)
 .debug_aranges
                0x00000188       0x50 .\CortexM3\ARM_GCC_541\Debug\Amplificador.a(TIA_2.o)
 .debug_aranges
                0x000001d8       0xd8 .\CortexM3\ARM_GCC_541\Debug\Amplificador.a(CyDmac.o)
 .debug_aranges
                0x000002b0      0x2a0 .\CortexM3\ARM_GCC_541\Debug\Amplificador.a(CyLib.o)
 .debug_aranges
                0x00000550       0x98 .\CortexM3\ARM_GCC_541\Debug\Amplificador.a(cyPm.o)
 .debug_aranges
                0x000005e8       0x98 .\CortexM3\ARM_GCC_541\Debug\Amplificador.a(ADC_SAR_1.o)
 .debug_aranges
                0x00000680       0x20 .\CortexM3\ARM_GCC_541\Debug\Amplificador.a(ADC_SAR_1_INT.o)
 .debug_aranges
                0x000006a0       0x28 .\CortexM3\ARM_GCC_541\Debug\Amplificador.a(DMA_1_dma.o)
 .debug_aranges
                0x000006c8       0x80 .\CortexM3\ARM_GCC_541\Debug\Amplificador.a(ADC_SAR_1_theACLK.o)
 .debug_aranges
                0x00000748       0x80 .\CortexM3\ARM_GCC_541\Debug\Amplificador.a(isr_Fin_Adq.o)
 .debug_aranges
                0x000007c8       0x70 .\CortexM3\ARM_GCC_541\Debug\Amplificador.a(Clock_ADC.o)
 .debug_aranges
                0x00000838       0x70 .\CortexM3\ARM_GCC_541\Debug\Amplificador.a(Clock_Trig.o)
 .debug_aranges
                0x000008a8       0xf0 .\CortexM3\ARM_GCC_541\Debug\Amplificador.a(UART_1.o)
 .debug_aranges
                0x00000998       0x28 .\CortexM3\ARM_GCC_541\Debug\Amplificador.a(Reg_Hab_Adq.o)
 .debug_aranges
                0x000009c0       0x70 .\CortexM3\ARM_GCC_541\Debug\Amplificador.a(UART_1_IntClock.o)
 .debug_aranges
                0x00000a30       0x20 .\CortexM3\ARM_GCC_541\Debug\Amplificador.a(CyBootAsmGnu.o)
 .debug_aranges
                0x00000a50       0x88 .\CortexM3\ARM_GCC_541\Debug\Amplificador.a(CyFlash.o)
 .debug_aranges
                0x00000ad8       0x80 .\CortexM3\ARM_GCC_541\Debug\Amplificador.a(CySpc.o)

.debug_pubnames
 *(.debug_pubnames)

.debug_info     0x00000000     0x65cf
 *(.debug_info .gnu.linkonce.wi.*)
 .debug_info    0x00000000      0x436 .\CortexM3\ARM_GCC_541\Debug\main.o
 .debug_info    0x00000436      0x39a .\CortexM3\ARM_GCC_541\Debug\er.o
 .debug_info    0x000007d0      0x634 .\CortexM3\ARM_GCC_541\Debug\cyfitter_cfg.o
 .debug_info    0x00000e04      0x136 .\CortexM3\ARM_GCC_541\Debug\cymetadata.o
 .debug_info    0x00000f3a      0x3cf .\CortexM3\ARM_GCC_541\Debug\Cm3Start.o
 .debug_info    0x00001309      0x1d5 .\CortexM3\ARM_GCC_541\Debug\Amplificador.a(TIA_1.o)
 .debug_info    0x000014de      0x1d5 .\CortexM3\ARM_GCC_541\Debug\Amplificador.a(TIA_2.o)
 .debug_info    0x000016b3      0x94e .\CortexM3\ARM_GCC_541\Debug\Amplificador.a(CyDmac.o)
 .debug_info    0x00002001     0x1374 .\CortexM3\ARM_GCC_541\Debug\Amplificador.a(CyLib.o)
 .debug_info    0x00003375      0xa2a .\CortexM3\ARM_GCC_541\Debug\Amplificador.a(cyPm.o)
 .debug_info    0x00003d9f      0x5ac .\CortexM3\ARM_GCC_541\Debug\Amplificador.a(ADC_SAR_1.o)
 .debug_info    0x0000434b       0x92 .\CortexM3\ARM_GCC_541\Debug\Amplificador.a(ADC_SAR_1_INT.o)
 .debug_info    0x000043dd      0x1aa .\CortexM3\ARM_GCC_541\Debug\Amplificador.a(DMA_1_dma.o)
 .debug_info    0x00004587      0x2c4 .\CortexM3\ARM_GCC_541\Debug\Amplificador.a(ADC_SAR_1_theACLK.o)
 .debug_info    0x0000484b      0x2d2 .\CortexM3\ARM_GCC_541\Debug\Amplificador.a(isr_Fin_Adq.o)
 .debug_info    0x00004b1d      0x283 .\CortexM3\ARM_GCC_541\Debug\Amplificador.a(Clock_ADC.o)
 .debug_info    0x00004da0      0x283 .\CortexM3\ARM_GCC_541\Debug\Amplificador.a(Clock_Trig.o)
 .debug_info    0x00005023      0x60c .\CortexM3\ARM_GCC_541\Debug\Amplificador.a(UART_1.o)
 .debug_info    0x0000562f       0xd6 .\CortexM3\ARM_GCC_541\Debug\Amplificador.a(Reg_Hab_Adq.o)
 .debug_info    0x00005705      0x283 .\CortexM3\ARM_GCC_541\Debug\Amplificador.a(UART_1_IntClock.o)
 .debug_info    0x00005988       0xaa .\CortexM3\ARM_GCC_541\Debug\Amplificador.a(CyBootAsmGnu.o)
 .debug_info    0x00005a32      0x64d .\CortexM3\ARM_GCC_541\Debug\Amplificador.a(CyFlash.o)
 .debug_info    0x0000607f      0x550 .\CortexM3\ARM_GCC_541\Debug\Amplificador.a(CySpc.o)

.debug_abbrev   0x00000000     0x1c74
 *(.debug_abbrev)
 .debug_abbrev  0x00000000      0x112 .\CortexM3\ARM_GCC_541\Debug\main.o
 .debug_abbrev  0x00000112      0x130 .\CortexM3\ARM_GCC_541\Debug\er.o
 .debug_abbrev  0x00000242      0x20d .\CortexM3\ARM_GCC_541\Debug\cyfitter_cfg.o
 .debug_abbrev  0x0000044f       0x77 .\CortexM3\ARM_GCC_541\Debug\cymetadata.o
 .debug_abbrev  0x000004c6      0x1e8 .\CortexM3\ARM_GCC_541\Debug\Cm3Start.o
 .debug_abbrev  0x000006ae       0xf7 .\CortexM3\ARM_GCC_541\Debug\Amplificador.a(TIA_1.o)
 .debug_abbrev  0x000007a5       0xf7 .\CortexM3\ARM_GCC_541\Debug\Amplificador.a(TIA_2.o)
 .debug_abbrev  0x0000089c      0x1b2 .\CortexM3\ARM_GCC_541\Debug\Amplificador.a(CyDmac.o)
 .debug_abbrev  0x00000a4e      0x254 .\CortexM3\ARM_GCC_541\Debug\Amplificador.a(CyLib.o)
 .debug_abbrev  0x00000ca2      0x1ab .\CortexM3\ARM_GCC_541\Debug\Amplificador.a(cyPm.o)
 .debug_abbrev  0x00000e4d      0x194 .\CortexM3\ARM_GCC_541\Debug\Amplificador.a(ADC_SAR_1.o)
 .debug_abbrev  0x00000fe1       0x42 .\CortexM3\ARM_GCC_541\Debug\Amplificador.a(ADC_SAR_1_INT.o)
 .debug_abbrev  0x00001023       0xcd .\CortexM3\ARM_GCC_541\Debug\Amplificador.a(DMA_1_dma.o)
 .debug_abbrev  0x000010f0      0x121 .\CortexM3\ARM_GCC_541\Debug\Amplificador.a(ADC_SAR_1_theACLK.o)
 .debug_abbrev  0x00001211      0x173 .\CortexM3\ARM_GCC_541\Debug\Amplificador.a(isr_Fin_Adq.o)
 .debug_abbrev  0x00001384      0x139 .\CortexM3\ARM_GCC_541\Debug\Amplificador.a(Clock_ADC.o)
 .debug_abbrev  0x000014bd      0x139 .\CortexM3\ARM_GCC_541\Debug\Amplificador.a(Clock_Trig.o)
 .debug_abbrev  0x000015f6      0x175 .\CortexM3\ARM_GCC_541\Debug\Amplificador.a(UART_1.o)
 .debug_abbrev  0x0000176b       0x81 .\CortexM3\ARM_GCC_541\Debug\Amplificador.a(Reg_Hab_Adq.o)
 .debug_abbrev  0x000017ec      0x139 .\CortexM3\ARM_GCC_541\Debug\Amplificador.a(UART_1_IntClock.o)
 .debug_abbrev  0x00001925       0x14 .\CortexM3\ARM_GCC_541\Debug\Amplificador.a(CyBootAsmGnu.o)
 .debug_abbrev  0x00001939      0x1a7 .\CortexM3\ARM_GCC_541\Debug\Amplificador.a(CyFlash.o)
 .debug_abbrev  0x00001ae0      0x194 .\CortexM3\ARM_GCC_541\Debug\Amplificador.a(CySpc.o)

.debug_line     0x00000000     0x2cda
 *(.debug_line)
 .debug_line    0x00000000      0x25f .\CortexM3\ARM_GCC_541\Debug\main.o
 .debug_line    0x0000025f      0x2a1 .\CortexM3\ARM_GCC_541\Debug\er.o
 .debug_line    0x00000500      0x216 .\CortexM3\ARM_GCC_541\Debug\cyfitter_cfg.o
 .debug_line    0x00000716      0x141 .\CortexM3\ARM_GCC_541\Debug\cymetadata.o
 .debug_line    0x00000857      0x241 .\CortexM3\ARM_GCC_541\Debug\Cm3Start.o
 .debug_line    0x00000a98       0xd7 .\CortexM3\ARM_GCC_541\Debug\Amplificador.a(TIA_1.o)
 .debug_line    0x00000b6f       0xd7 .\CortexM3\ARM_GCC_541\Debug\Amplificador.a(TIA_2.o)
 .debug_line    0x00000c46      0x2e4 .\CortexM3\ARM_GCC_541\Debug\Amplificador.a(CyDmac.o)
 .debug_line    0x00000f2a      0x816 .\CortexM3\ARM_GCC_541\Debug\Amplificador.a(CyLib.o)
 .debug_line    0x00001740      0x367 .\CortexM3\ARM_GCC_541\Debug\Amplificador.a(cyPm.o)
 .debug_line    0x00001aa7      0x1fe .\CortexM3\ARM_GCC_541\Debug\Amplificador.a(ADC_SAR_1.o)
 .debug_line    0x00001ca5       0x56 .\CortexM3\ARM_GCC_541\Debug\Amplificador.a(ADC_SAR_1_INT.o)
 .debug_line    0x00001cfb       0x82 .\CortexM3\ARM_GCC_541\Debug\Amplificador.a(DMA_1_dma.o)
 .debug_line    0x00001d7d      0x1a3 .\CortexM3\ARM_GCC_541\Debug\Amplificador.a(ADC_SAR_1_theACLK.o)
 .debug_line    0x00001f20      0x138 .\CortexM3\ARM_GCC_541\Debug\Amplificador.a(isr_Fin_Adq.o)
 .debug_line    0x00002058      0x178 .\CortexM3\ARM_GCC_541\Debug\Amplificador.a(Clock_ADC.o)
 .debug_line    0x000021d0      0x179 .\CortexM3\ARM_GCC_541\Debug\Amplificador.a(Clock_Trig.o)
 .debug_line    0x00002349      0x2c0 .\CortexM3\ARM_GCC_541\Debug\Amplificador.a(UART_1.o)
 .debug_line    0x00002609       0x73 .\CortexM3\ARM_GCC_541\Debug\Amplificador.a(Reg_Hab_Adq.o)
 .debug_line    0x0000267c      0x17e .\CortexM3\ARM_GCC_541\Debug\Amplificador.a(UART_1_IntClock.o)
 .debug_line    0x000027fa       0x66 .\CortexM3\ARM_GCC_541\Debug\Amplificador.a(CyBootAsmGnu.o)
 .debug_line    0x00002860      0x21a .\CortexM3\ARM_GCC_541\Debug\Amplificador.a(CyFlash.o)
 .debug_line    0x00002a7a      0x260 .\CortexM3\ARM_GCC_541\Debug\Amplificador.a(CySpc.o)

.debug_frame    0x00000000     0x22c0
 *(.debug_frame)
 .debug_frame   0x00000000       0x84 .\CortexM3\ARM_GCC_541\Debug\main.o
 .debug_frame   0x00000084       0xd8 .\CortexM3\ARM_GCC_541\Debug\er.o
 .debug_frame   0x0000015c       0xfc .\CortexM3\ARM_GCC_541\Debug\cyfitter_cfg.o
 .debug_frame   0x00000258       0xb8 .\CortexM3\ARM_GCC_541\Debug\Cm3Start.o
 .debug_frame   0x00000310       0x98 .\CortexM3\ARM_GCC_541\Debug\Amplificador.a(TIA_1.o)
 .debug_frame   0x000003a8       0x98 .\CortexM3\ARM_GCC_541\Debug\Amplificador.a(TIA_2.o)
 .debug_frame   0x00000440      0x1f8 .\CortexM3\ARM_GCC_541\Debug\Amplificador.a(CyDmac.o)
 .debug_frame   0x00000638      0x738 .\CortexM3\ARM_GCC_541\Debug\Amplificador.a(CyLib.o)
 .debug_frame   0x00000d70      0x1f8 .\CortexM3\ARM_GCC_541\Debug\Amplificador.a(cyPm.o)
 .debug_frame   0x00000f68      0x190 .\CortexM3\ARM_GCC_541\Debug\Amplificador.a(ADC_SAR_1.o)
 .debug_frame   0x000010f8       0x20 .\CortexM3\ARM_GCC_541\Debug\Amplificador.a(ADC_SAR_1_INT.o)
 .debug_frame   0x00001118       0x54 .\CortexM3\ARM_GCC_541\Debug\Amplificador.a(DMA_1_dma.o)
 .debug_frame   0x0000116c      0x100 .\CortexM3\ARM_GCC_541\Debug\Amplificador.a(ADC_SAR_1_theACLK.o)
 .debug_frame   0x0000126c      0x104 .\CortexM3\ARM_GCC_541\Debug\Amplificador.a(isr_Fin_Adq.o)
 .debug_frame   0x00001370       0xe0 .\CortexM3\ARM_GCC_541\Debug\Amplificador.a(Clock_ADC.o)
 .debug_frame   0x00001450       0xe0 .\CortexM3\ARM_GCC_541\Debug\Amplificador.a(Clock_Trig.o)
 .debug_frame   0x00001530      0x250 .\CortexM3\ARM_GCC_541\Debug\Amplificador.a(UART_1.o)
 .debug_frame   0x00001780       0x30 .\CortexM3\ARM_GCC_541\Debug\Amplificador.a(Reg_Hab_Adq.o)
 .debug_frame   0x000017b0       0xe0 .\CortexM3\ARM_GCC_541\Debug\Amplificador.a(UART_1_IntClock.o)
 .debug_frame   0x00001890      0x194 .\CortexM3\ARM_GCC_541\Debug\Amplificador.a(CyFlash.o)
 .debug_frame   0x00001a24      0x180 .\CortexM3\ARM_GCC_541\Debug\Amplificador.a(CySpc.o)
 .debug_frame   0x00001ba4       0x44 c:/program files (x86)/cypress/psoc creator/4.4/psoc creator/import/gnu/arm/5.4.1/bin/../lib/gcc/arm-none-eabi/5.4.1/armv7-m\libgcc.a(_aeabi_ldivmod.o)
 .debug_frame   0x00001be8       0x38 c:/program files (x86)/cypress/psoc creator/4.4/psoc creator/import/gnu/arm/5.4.1/bin/../lib/gcc/arm-none-eabi/5.4.1/armv7-m\libgcc.a(_udivmoddi4.o)
 .debug_frame   0x00001c20       0x20 c:/program files (x86)/cypress/psoc creator/4.4/psoc creator/import/gnu/arm/5.4.1/bin/../lib/gcc/arm-none-eabi/5.4.1/../../../../arm-none-eabi/lib/armv7-m\libg_nano.a(lib_a-errno.o)
 .debug_frame   0x00001c40       0x28 c:/program files (x86)/cypress/psoc creator/4.4/psoc creator/import/gnu/arm/5.4.1/bin/../lib/gcc/arm-none-eabi/5.4.1/../../../../arm-none-eabi/lib/armv7-m\libg_nano.a(lib_a-exit.o)
 .debug_frame   0x00001c68       0x2c c:/program files (x86)/cypress/psoc creator/4.4/psoc creator/import/gnu/arm/5.4.1/bin/../lib/gcc/arm-none-eabi/5.4.1/../../../../arm-none-eabi/lib/armv7-m\libg_nano.a(lib_a-init.o)
 .debug_frame   0x00001c94       0x28 c:/program files (x86)/cypress/psoc creator/4.4/psoc creator/import/gnu/arm/5.4.1/bin/../lib/gcc/arm-none-eabi/5.4.1/../../../../arm-none-eabi/lib/armv7-m\libg_nano.a(lib_a-memcpy-stub.o)
 .debug_frame   0x00001cbc       0x20 c:/program files (x86)/cypress/psoc creator/4.4/psoc creator/import/gnu/arm/5.4.1/bin/../lib/gcc/arm-none-eabi/5.4.1/../../../../arm-none-eabi/lib/armv7-m\libg_nano.a(lib_a-memset.o)
 .debug_frame   0x00001cdc       0x8c c:/program files (x86)/cypress/psoc creator/4.4/psoc creator/import/gnu/arm/5.4.1/bin/../lib/gcc/arm-none-eabi/5.4.1/../../../../arm-none-eabi/lib/armv7-m\libg_nano.a(lib_a-nano-vfprintf_float.o)
 .debug_frame   0x00001d68       0x60 c:/program files (x86)/cypress/psoc creator/4.4/psoc creator/import/gnu/arm/5.4.1/bin/../lib/gcc/arm-none-eabi/5.4.1/../../../../arm-none-eabi/lib/armv7-m\libg_nano.a(lib_a-nano-vfprintf_i.o)
 .debug_frame   0x00001dc8       0x6c c:/program files (x86)/cypress/psoc creator/4.4/psoc creator/import/gnu/arm/5.4.1/bin/../lib/gcc/arm-none-eabi/5.4.1/../../../../arm-none-eabi/lib/armv7-m\libg_nano.a(lib_a-dtoa.o)
 .debug_frame   0x00001e34       0x98 c:/program files (x86)/cypress/psoc creator/4.4/psoc creator/import/gnu/arm/5.4.1/bin/../lib/gcc/arm-none-eabi/5.4.1/../../../../arm-none-eabi/lib/armv7-m\libg_nano.a(lib_a-locale.o)
 .debug_frame   0x00001ecc       0x30 c:/program files (x86)/cypress/psoc creator/4.4/psoc creator/import/gnu/arm/5.4.1/bin/../lib/gcc/arm-none-eabi/5.4.1/../../../../arm-none-eabi/lib/armv7-m\libg_nano.a(lib_a-malloc.o)
 .debug_frame   0x00001efc       0x28 c:/program files (x86)/cypress/psoc creator/4.4/psoc creator/import/gnu/arm/5.4.1/bin/../lib/gcc/arm-none-eabi/5.4.1/../../../../arm-none-eabi/lib/armv7-m\libg_nano.a(lib_a-memchr-stub.o)
 .debug_frame   0x00001f24      0x234 c:/program files (x86)/cypress/psoc creator/4.4/psoc creator/import/gnu/arm/5.4.1/bin/../lib/gcc/arm-none-eabi/5.4.1/../../../../arm-none-eabi/lib/armv7-m\libg_nano.a(lib_a-mprec.o)
 .debug_frame   0x00002158       0x2c c:/program files (x86)/cypress/psoc creator/4.4/psoc creator/import/gnu/arm/5.4.1/bin/../lib/gcc/arm-none-eabi/5.4.1/../../../../arm-none-eabi/lib/armv7-m\libg_nano.a(lib_a-nano-callocr.o)
 .debug_frame   0x00002184       0x38 c:/program files (x86)/cypress/psoc creator/4.4/psoc creator/import/gnu/arm/5.4.1/bin/../lib/gcc/arm-none-eabi/5.4.1/../../../../arm-none-eabi/lib/armv7-m\libg_nano.a(lib_a-nano-freer.o)
 .debug_frame   0x000021bc       0x2c c:/program files (x86)/cypress/psoc creator/4.4/psoc creator/import/gnu/arm/5.4.1/bin/../lib/gcc/arm-none-eabi/5.4.1/../../../../arm-none-eabi/lib/armv7-m\libg_nano.a(lib_a-nano-mallocr.o)
 .debug_frame   0x000021e8       0x2c c:/program files (x86)/cypress/psoc creator/4.4/psoc creator/import/gnu/arm/5.4.1/bin/../lib/gcc/arm-none-eabi/5.4.1/../../../../arm-none-eabi/lib/armv7-m\libg_nano.a(lib_a-sbrkr.o)
 .debug_frame   0x00002214       0x20 c:/program files (x86)/cypress/psoc creator/4.4/psoc creator/import/gnu/arm/5.4.1/bin/../lib/gcc/arm-none-eabi/5.4.1/../../../../arm-none-eabi/lib/armv7-m\libg_nano.a(lib_a-strcmp.o)
 .debug_frame   0x00002234       0x30 c:/program files (x86)/cypress/psoc creator/4.4/psoc creator/import/gnu/arm/5.4.1/bin/../lib/gcc/arm-none-eabi/5.4.1/../../../../arm-none-eabi/lib/armv7-m\libg_nano.a(lib_a-mlock.o)
 .debug_frame   0x00002264       0x5c c:/program files (x86)/cypress/psoc creator/4.4/psoc creator/import/gnu/arm/5.4.1/bin/../lib/gcc/arm-none-eabi/5.4.1/../../../../arm-none-eabi/lib/armv7-m\libg_nano.a(lib_a-reent.o)

.debug_str      0x00000000     0x258a
 *(.debug_str)
 .debug_str     0x00000000      0x320 .\CortexM3\ARM_GCC_541\Debug\main.o
                                0x370 (size before relaxing)
 .debug_str     0x00000320       0x7e .\CortexM3\ARM_GCC_541\Debug\er.o
                                0x267 (size before relaxing)
 .debug_str     0x0000039e      0x1a6 .\CortexM3\ARM_GCC_541\Debug\cyfitter_cfg.o
                                0x368 (size before relaxing)
 .debug_str     0x00000544       0x75 .\CortexM3\ARM_GCC_541\Debug\cymetadata.o
                                0x1fe (size before relaxing)
 .debug_str     0x000005b9      0x154 .\CortexM3\ARM_GCC_541\Debug\Cm3Start.o
                                0x334 (size before relaxing)
 .debug_str     0x0000070d       0xa3 .\CortexM3\ARM_GCC_541\Debug\Amplificador.a(TIA_1.o)
                                0x24f (size before relaxing)
 .debug_str     0x000007b0       0x7d .\CortexM3\ARM_GCC_541\Debug\Amplificador.a(TIA_2.o)
                                0x24f (size before relaxing)
 .debug_str     0x0000082d      0x336 .\CortexM3\ARM_GCC_541\Debug\Amplificador.a(CyDmac.o)
                                0x564 (size before relaxing)
 .debug_str     0x00000b63      0x7e7 .\CortexM3\ARM_GCC_541\Debug\Amplificador.a(CyLib.o)
                                0xa61 (size before relaxing)
 .debug_str     0x0000134a      0x365 .\CortexM3\ARM_GCC_541\Debug\Amplificador.a(cyPm.o)
                                0x74d (size before relaxing)
 .debug_str     0x000016af      0x249 .\CortexM3\ARM_GCC_541\Debug\Amplificador.a(ADC_SAR_1.o)
                                0x4b4 (size before relaxing)
 .debug_str     0x000018f8       0x35 .\CortexM3\ARM_GCC_541\Debug\Amplificador.a(ADC_SAR_1_INT.o)
                                0x1b5 (size before relaxing)
 .debug_str     0x0000192d       0x7f .\CortexM3\ARM_GCC_541\Debug\Amplificador.a(DMA_1_dma.o)
                                0x286 (size before relaxing)
 .debug_str     0x000019ac      0x207 .\CortexM3\ARM_GCC_541\Debug\Amplificador.a(ADC_SAR_1_theACLK.o)
                                0x3cf (size before relaxing)
 .debug_str     0x00001bb3       0xe6 .\CortexM3\ARM_GCC_541\Debug\Amplificador.a(isr_Fin_Adq.o)
                                0x314 (size before relaxing)
 .debug_str     0x00001c99      0x11f .\CortexM3\ARM_GCC_541\Debug\Amplificador.a(Clock_ADC.o)
                                0x320 (size before relaxing)
 .debug_str     0x00001db8      0x12a .\CortexM3\ARM_GCC_541\Debug\Amplificador.a(Clock_Trig.o)
                                0x32c (size before relaxing)
 .debug_str     0x00001ee2      0x2bf .\CortexM3\ARM_GCC_541\Debug\Amplificador.a(UART_1.o)
                                0x4cd (size before relaxing)
 .debug_str     0x000021a1       0x36 .\CortexM3\ARM_GCC_541\Debug\Amplificador.a(Reg_Hab_Adq.o)
                                0x1db (size before relaxing)
 .debug_str     0x000021d7      0x14c .\CortexM3\ARM_GCC_541\Debug\Amplificador.a(UART_1_IntClock.o)
                                0x368 (size before relaxing)
 .debug_str     0x00002323      0x1bb .\CortexM3\ARM_GCC_541\Debug\Amplificador.a(CyFlash.o)
                                0x3da (size before relaxing)
 .debug_str     0x000024de       0xac .\CortexM3\ARM_GCC_541\Debug\Amplificador.a(CySpc.o)
                                0x352 (size before relaxing)

.debug_loc      0x00000000     0x37d0
 *(.debug_loc)
 .debug_loc     0x00000000      0x615 .\CortexM3\ARM_GCC_541\Debug\er.o
 .debug_loc     0x00000615      0x27f .\CortexM3\ARM_GCC_541\Debug\cyfitter_cfg.o
 .debug_loc     0x00000894      0x144 .\CortexM3\ARM_GCC_541\Debug\Cm3Start.o
 .debug_loc     0x000009d8       0x81 .\CortexM3\ARM_GCC_541\Debug\Amplificador.a(TIA_1.o)
 .debug_loc     0x00000a59       0x81 .\CortexM3\ARM_GCC_541\Debug\Amplificador.a(TIA_2.o)
 .debug_loc     0x00000ada      0xb8e .\CortexM3\ARM_GCC_541\Debug\Amplificador.a(CyDmac.o)
 .debug_loc     0x00001668      0xa11 .\CortexM3\ARM_GCC_541\Debug\Amplificador.a(CyLib.o)
 .debug_loc     0x00002079      0x1e4 .\CortexM3\ARM_GCC_541\Debug\Amplificador.a(cyPm.o)
 .debug_loc     0x0000225d      0x2c1 .\CortexM3\ARM_GCC_541\Debug\Amplificador.a(ADC_SAR_1.o)
 .debug_loc     0x0000251e       0x84 .\CortexM3\ARM_GCC_541\Debug\Amplificador.a(DMA_1_dma.o)
 .debug_loc     0x000025a2      0x14d .\CortexM3\ARM_GCC_541\Debug\Amplificador.a(ADC_SAR_1_theACLK.o)
 .debug_loc     0x000026ef       0x56 .\CortexM3\ARM_GCC_541\Debug\Amplificador.a(isr_Fin_Adq.o)
 .debug_loc     0x00002745      0x128 .\CortexM3\ARM_GCC_541\Debug\Amplificador.a(Clock_ADC.o)
 .debug_loc     0x0000286d      0x12c .\CortexM3\ARM_GCC_541\Debug\Amplificador.a(Clock_Trig.o)
 .debug_loc     0x00002999      0x258 .\CortexM3\ARM_GCC_541\Debug\Amplificador.a(UART_1.o)
 .debug_loc     0x00002bf1      0x128 .\CortexM3\ARM_GCC_541\Debug\Amplificador.a(UART_1_IntClock.o)
 .debug_loc     0x00002d19      0x3b2 .\CortexM3\ARM_GCC_541\Debug\Amplificador.a(CyFlash.o)
 .debug_loc     0x000030cb      0x705 .\CortexM3\ARM_GCC_541\Debug\Amplificador.a(CySpc.o)

.debug_macinfo
 *(.debug_macinfo)

.debug_ranges   0x00000000      0x9d0
 *(.debug_ranges)
 .debug_ranges  0x00000000       0x28 .\CortexM3\ARM_GCC_541\Debug\main.o
 .debug_ranges  0x00000028       0x38 .\CortexM3\ARM_GCC_541\Debug\er.o
 .debug_ranges  0x00000060       0x48 .\CortexM3\ARM_GCC_541\Debug\cyfitter_cfg.o
 .debug_ranges  0x000000a8       0x38 .\CortexM3\ARM_GCC_541\Debug\Cm3Start.o
 .debug_ranges  0x000000e0       0x40 .\CortexM3\ARM_GCC_541\Debug\Amplificador.a(TIA_1.o)
 .debug_ranges  0x00000120       0x40 .\CortexM3\ARM_GCC_541\Debug\Amplificador.a(TIA_2.o)
 .debug_ranges  0x00000160       0xc8 .\CortexM3\ARM_GCC_541\Debug\Amplificador.a(CyDmac.o)
 .debug_ranges  0x00000228      0x290 .\CortexM3\ARM_GCC_541\Debug\Amplificador.a(CyLib.o)
 .debug_ranges  0x000004b8       0x88 .\CortexM3\ARM_GCC_541\Debug\Amplificador.a(cyPm.o)
 .debug_ranges  0x00000540       0x88 .\CortexM3\ARM_GCC_541\Debug\Amplificador.a(ADC_SAR_1.o)
 .debug_ranges  0x000005c8       0x10 .\CortexM3\ARM_GCC_541\Debug\Amplificador.a(ADC_SAR_1_INT.o)
 .debug_ranges  0x000005d8       0x18 .\CortexM3\ARM_GCC_541\Debug\Amplificador.a(DMA_1_dma.o)
 .debug_ranges  0x000005f0       0x70 .\CortexM3\ARM_GCC_541\Debug\Amplificador.a(ADC_SAR_1_theACLK.o)
 .debug_ranges  0x00000660       0x70 .\CortexM3\ARM_GCC_541\Debug\Amplificador.a(isr_Fin_Adq.o)
 .debug_ranges  0x000006d0       0x60 .\CortexM3\ARM_GCC_541\Debug\Amplificador.a(Clock_ADC.o)
 .debug_ranges  0x00000730       0x60 .\CortexM3\ARM_GCC_541\Debug\Amplificador.a(Clock_Trig.o)
 .debug_ranges  0x00000790       0xe0 .\CortexM3\ARM_GCC_541\Debug\Amplificador.a(UART_1.o)
 .debug_ranges  0x00000870       0x18 .\CortexM3\ARM_GCC_541\Debug\Amplificador.a(Reg_Hab_Adq.o)
 .debug_ranges  0x00000888       0x60 .\CortexM3\ARM_GCC_541\Debug\Amplificador.a(UART_1_IntClock.o)
 .debug_ranges  0x000008e8       0x78 .\CortexM3\ARM_GCC_541\Debug\Amplificador.a(CyFlash.o)
 .debug_ranges  0x00000960       0x70 .\CortexM3\ARM_GCC_541\Debug\Amplificador.a(CySpc.o)

.comment        0x00000000       0x6e
 .comment       0x00000000       0x6e .\CortexM3\ARM_GCC_541\Debug\main.o
                                 0x6f (size before relaxing)
 .comment       0x0000006e       0x6f .\CortexM3\ARM_GCC_541\Debug\er.o
 .comment       0x0000006e       0x6f .\CortexM3\ARM_GCC_541\Debug\cyfitter_cfg.o
 .comment       0x0000006e       0x6f .\CortexM3\ARM_GCC_541\Debug\cymetadata.o
 .comment       0x0000006e       0x6f .\CortexM3\ARM_GCC_541\Debug\Cm3Start.o
 .comment       0x0000006e       0x6f .\CortexM3\ARM_GCC_541\Debug\Amplificador.a(TIA_1.o)
 .comment       0x0000006e       0x6f .\CortexM3\ARM_GCC_541\Debug\Amplificador.a(TIA_2.o)
 .comment       0x0000006e       0x6f .\CortexM3\ARM_GCC_541\Debug\Amplificador.a(CyDmac.o)
 .comment       0x0000006e       0x6f .\CortexM3\ARM_GCC_541\Debug\Amplificador.a(CyLib.o)
 .comment       0x0000006e       0x6f .\CortexM3\ARM_GCC_541\Debug\Amplificador.a(cyPm.o)
 .comment       0x0000006e       0x6f .\CortexM3\ARM_GCC_541\Debug\Amplificador.a(ADC_SAR_1.o)
 .comment       0x0000006e       0x6f .\CortexM3\ARM_GCC_541\Debug\Amplificador.a(ADC_SAR_1_INT.o)
 .comment       0x0000006e       0x6f .\CortexM3\ARM_GCC_541\Debug\Amplificador.a(DMA_1_dma.o)
 .comment       0x0000006e       0x6f .\CortexM3\ARM_GCC_541\Debug\Amplificador.a(ADC_SAR_1_theACLK.o)
 .comment       0x0000006e       0x6f .\CortexM3\ARM_GCC_541\Debug\Amplificador.a(isr_Fin_Adq.o)
 .comment       0x0000006e       0x6f .\CortexM3\ARM_GCC_541\Debug\Amplificador.a(Clock_ADC.o)
 .comment       0x0000006e       0x6f .\CortexM3\ARM_GCC_541\Debug\Amplificador.a(Clock_Trig.o)
 .comment       0x0000006e       0x6f .\CortexM3\ARM_GCC_541\Debug\Amplificador.a(UART_1.o)
 .comment       0x0000006e       0x6f .\CortexM3\ARM_GCC_541\Debug\Amplificador.a(Reg_Hab_Adq.o)
 .comment       0x0000006e       0x6f .\CortexM3\ARM_GCC_541\Debug\Amplificador.a(UART_1_IntClock.o)
 .comment       0x0000006e       0x6f .\CortexM3\ARM_GCC_541\Debug\Amplificador.a(CyFlash.o)
 .comment       0x0000006e       0x6f .\CortexM3\ARM_GCC_541\Debug\Amplificador.a(CySpc.o)

.debug_weaknames
 *(.debug_weaknames)

.debug_funcnames
 *(.debug_funcnames)

.debug_typenames
 *(.debug_typenames)

.debug_varnames
 *(.debug_varnames)

.note.gnu.arm.ident
 *(.note.gnu.arm.ident)

.ARM.attributes
                0x00000000       0x29
 *(.ARM.attributes)
 .ARM.attributes
                0x00000000       0x1d c:/program files (x86)/cypress/psoc creator/4.4/psoc creator/import/gnu/arm/5.4.1/bin/../lib/gcc/arm-none-eabi/5.4.1/armv7-m/crti.o
 .ARM.attributes
                0x0000001d       0x2d c:/program files (x86)/cypress/psoc creator/4.4/psoc creator/import/gnu/arm/5.4.1/bin/../lib/gcc/arm-none-eabi/5.4.1/armv7-m/crtbegin.o
 .ARM.attributes
                0x0000004a       0x1b c:/program files (x86)/cypress/psoc creator/4.4/psoc creator/import/gnu/arm/5.4.1/bin/../lib/gcc/arm-none-eabi/5.4.1/../../../../arm-none-eabi/lib/armv7-m/crt0.o
 .ARM.attributes
                0x00000065       0x33 .\CortexM3\ARM_GCC_541\Debug\main.o
 .ARM.attributes
                0x00000098       0x33 .\CortexM3\ARM_GCC_541\Debug\er.o
 .ARM.attributes
                0x000000cb       0x33 .\CortexM3\ARM_GCC_541\Debug\cyfitter_cfg.o
 .ARM.attributes
                0x000000fe       0x33 .\CortexM3\ARM_GCC_541\Debug\cymetadata.o
 .ARM.attributes
                0x00000131       0x33 .\CortexM3\ARM_GCC_541\Debug\Cm3Start.o
 .ARM.attributes
                0x00000164       0x33 .\CortexM3\ARM_GCC_541\Debug\Amplificador.a(TIA_1.o)
 .ARM.attributes
                0x00000197       0x33 .\CortexM3\ARM_GCC_541\Debug\Amplificador.a(TIA_2.o)
 .ARM.attributes
                0x000001ca       0x33 .\CortexM3\ARM_GCC_541\Debug\Amplificador.a(CyDmac.o)
 .ARM.attributes
                0x000001fd       0x33 .\CortexM3\ARM_GCC_541\Debug\Amplificador.a(CyLib.o)
 .ARM.attributes
                0x00000230       0x33 .\CortexM3\ARM_GCC_541\Debug\Amplificador.a(cyPm.o)
 .ARM.attributes
                0x00000263       0x33 .\CortexM3\ARM_GCC_541\Debug\Amplificador.a(ADC_SAR_1.o)
 .ARM.attributes
                0x00000296       0x33 .\CortexM3\ARM_GCC_541\Debug\Amplificador.a(ADC_SAR_1_INT.o)
 .ARM.attributes
                0x000002c9       0x33 .\CortexM3\ARM_GCC_541\Debug\Amplificador.a(DMA_1_dma.o)
 .ARM.attributes
                0x000002fc       0x33 .\CortexM3\ARM_GCC_541\Debug\Amplificador.a(ADC_SAR_1_theACLK.o)
 .ARM.attributes
                0x0000032f       0x33 .\CortexM3\ARM_GCC_541\Debug\Amplificador.a(isr_Fin_Adq.o)
 .ARM.attributes
                0x00000362       0x33 .\CortexM3\ARM_GCC_541\Debug\Amplificador.a(Clock_ADC.o)
 .ARM.attributes
                0x00000395       0x33 .\CortexM3\ARM_GCC_541\Debug\Amplificador.a(Clock_Trig.o)
 .ARM.attributes
                0x000003c8       0x33 .\CortexM3\ARM_GCC_541\Debug\Amplificador.a(UART_1.o)
 .ARM.attributes
                0x000003fb       0x33 .\CortexM3\ARM_GCC_541\Debug\Amplificador.a(Reg_Hab_Adq.o)
 .ARM.attributes
                0x0000042e       0x33 .\CortexM3\ARM_GCC_541\Debug\Amplificador.a(UART_1_IntClock.o)
 .ARM.attributes
                0x00000461       0x21 .\CortexM3\ARM_GCC_541\Debug\Amplificador.a(CyBootAsmGnu.o)
 .ARM.attributes
                0x00000482       0x33 .\CortexM3\ARM_GCC_541\Debug\Amplificador.a(CyFlash.o)
 .ARM.attributes
                0x000004b5       0x33 .\CortexM3\ARM_GCC_541\Debug\Amplificador.a(CySpc.o)
 .ARM.attributes
                0x000004e8       0x1d c:/program files (x86)/cypress/psoc creator/4.4/psoc creator/import/gnu/arm/5.4.1/bin/../lib/gcc/arm-none-eabi/5.4.1/armv7-m\libgcc.a(_arm_addsubsf3.o)
 .ARM.attributes
                0x00000505       0x1d c:/program files (x86)/cypress/psoc creator/4.4/psoc creator/import/gnu/arm/5.4.1/bin/../lib/gcc/arm-none-eabi/5.4.1/armv7-m\libgcc.a(_arm_muldivsf3.o)
 .ARM.attributes
                0x00000522       0x1d c:/program files (x86)/cypress/psoc creator/4.4/psoc creator/import/gnu/arm/5.4.1/bin/../lib/gcc/arm-none-eabi/5.4.1/armv7-m\libgcc.a(_aeabi_ldivmod.o)
 .ARM.attributes
                0x0000053f       0x2d c:/program files (x86)/cypress/psoc creator/4.4/psoc creator/import/gnu/arm/5.4.1/bin/../lib/gcc/arm-none-eabi/5.4.1/armv7-m\libgcc.a(_udivmoddi4.o)
 .ARM.attributes
                0x0000056c       0x1d c:/program files (x86)/cypress/psoc creator/4.4/psoc creator/import/gnu/arm/5.4.1/bin/../lib/gcc/arm-none-eabi/5.4.1/armv7-m\libgcc.a(_dvmd_tls.o)
 .ARM.attributes
                0x00000589       0x2d c:/program files (x86)/cypress/psoc creator/4.4/psoc creator/import/gnu/arm/5.4.1/bin/../lib/gcc/arm-none-eabi/5.4.1/../../../../arm-none-eabi/lib/armv7-m\libg_nano.a(lib_a-errno.o)
 .ARM.attributes
                0x000005b6       0x2d c:/program files (x86)/cypress/psoc creator/4.4/psoc creator/import/gnu/arm/5.4.1/bin/../lib/gcc/arm-none-eabi/5.4.1/../../../../arm-none-eabi/lib/armv7-m\libg_nano.a(lib_a-exit.o)
 .ARM.attributes
                0x000005e3       0x2d c:/program files (x86)/cypress/psoc creator/4.4/psoc creator/import/gnu/arm/5.4.1/bin/../lib/gcc/arm-none-eabi/5.4.1/../../../../arm-none-eabi/lib/armv7-m\libg_nano.a(lib_a-impure.o)
 .ARM.attributes
                0x00000610       0x2d c:/program files (x86)/cypress/psoc creator/4.4/psoc creator/import/gnu/arm/5.4.1/bin/../lib/gcc/arm-none-eabi/5.4.1/../../../../arm-none-eabi/lib/armv7-m\libg_nano.a(lib_a-init.o)
 .ARM.attributes
                0x0000063d       0x2d c:/program files (x86)/cypress/psoc creator/4.4/psoc creator/import/gnu/arm/5.4.1/bin/../lib/gcc/arm-none-eabi/5.4.1/../../../../arm-none-eabi/lib/armv7-m\libg_nano.a(lib_a-memcpy-stub.o)
 .ARM.attributes
                0x0000066a       0x2d c:/program files (x86)/cypress/psoc creator/4.4/psoc creator/import/gnu/arm/5.4.1/bin/../lib/gcc/arm-none-eabi/5.4.1/../../../../arm-none-eabi/lib/armv7-m\libg_nano.a(lib_a-memset.o)
 .ARM.attributes
                0x00000697       0x2d c:/program files (x86)/cypress/psoc creator/4.4/psoc creator/import/gnu/arm/5.4.1/bin/../lib/gcc/arm-none-eabi/5.4.1/../../../../arm-none-eabi/lib/armv7-m\libg_nano.a(lib_a-nano-vfprintf_float.o)
 .ARM.attributes
                0x000006c4       0x2d c:/program files (x86)/cypress/psoc creator/4.4/psoc creator/import/gnu/arm/5.4.1/bin/../lib/gcc/arm-none-eabi/5.4.1/../../../../arm-none-eabi/lib/armv7-m\libg_nano.a(lib_a-nano-vfprintf_i.o)
 .ARM.attributes
                0x000006f1       0x17 c:/program files (x86)/cypress/psoc creator/4.4/psoc creator/import/gnu/arm/5.4.1/bin/../lib/gcc/arm-none-eabi/5.4.1/../../../../arm-none-eabi/lib/armv7-m\libg_nano.a(lib_a-strlen.o)
 .ARM.attributes
                0x00000708       0x2d c:/program files (x86)/cypress/psoc creator/4.4/psoc creator/import/gnu/arm/5.4.1/bin/../lib/gcc/arm-none-eabi/5.4.1/../../../../arm-none-eabi/lib/armv7-m\libg_nano.a(lib_a-dtoa.o)
 .ARM.attributes
                0x00000735       0x2d c:/program files (x86)/cypress/psoc creator/4.4/psoc creator/import/gnu/arm/5.4.1/bin/../lib/gcc/arm-none-eabi/5.4.1/../../../../arm-none-eabi/lib/armv7-m\libg_nano.a(lib_a-locale.o)
 .ARM.attributes
                0x00000762       0x2d c:/program files (x86)/cypress/psoc creator/4.4/psoc creator/import/gnu/arm/5.4.1/bin/../lib/gcc/arm-none-eabi/5.4.1/../../../../arm-none-eabi/lib/armv7-m\libg_nano.a(lib_a-malloc.o)
 .ARM.attributes
                0x0000078f       0x2d c:/program files (x86)/cypress/psoc creator/4.4/psoc creator/import/gnu/arm/5.4.1/bin/../lib/gcc/arm-none-eabi/5.4.1/../../../../arm-none-eabi/lib/armv7-m\libg_nano.a(lib_a-memchr-stub.o)
 .ARM.attributes
                0x000007bc       0x2d c:/program files (x86)/cypress/psoc creator/4.4/psoc creator/import/gnu/arm/5.4.1/bin/../lib/gcc/arm-none-eabi/5.4.1/../../../../arm-none-eabi/lib/armv7-m\libg_nano.a(lib_a-mprec.o)
 .ARM.attributes
                0x000007e9       0x2d c:/program files (x86)/cypress/psoc creator/4.4/psoc creator/import/gnu/arm/5.4.1/bin/../lib/gcc/arm-none-eabi/5.4.1/../../../../arm-none-eabi/lib/armv7-m\libg_nano.a(lib_a-nano-callocr.o)
 .ARM.attributes
                0x00000816       0x2d c:/program files (x86)/cypress/psoc creator/4.4/psoc creator/import/gnu/arm/5.4.1/bin/../lib/gcc/arm-none-eabi/5.4.1/../../../../arm-none-eabi/lib/armv7-m\libg_nano.a(lib_a-nano-freer.o)
 .ARM.attributes
                0x00000843       0x2d c:/program files (x86)/cypress/psoc creator/4.4/psoc creator/import/gnu/arm/5.4.1/bin/../lib/gcc/arm-none-eabi/5.4.1/../../../../arm-none-eabi/lib/armv7-m\libg_nano.a(lib_a-nano-mallocr.o)
 .ARM.attributes
                0x00000870       0x2d c:/program files (x86)/cypress/psoc creator/4.4/psoc creator/import/gnu/arm/5.4.1/bin/../lib/gcc/arm-none-eabi/5.4.1/../../../../arm-none-eabi/lib/armv7-m\libg_nano.a(lib_a-sbrkr.o)
 .ARM.attributes
                0x0000089d       0x1b c:/program files (x86)/cypress/psoc creator/4.4/psoc creator/import/gnu/arm/5.4.1/bin/../lib/gcc/arm-none-eabi/5.4.1/../../../../arm-none-eabi/lib/armv7-m\libg_nano.a(lib_a-strcmp.o)
 .ARM.attributes
                0x000008b8       0x2d c:/program files (x86)/cypress/psoc creator/4.4/psoc creator/import/gnu/arm/5.4.1/bin/../lib/gcc/arm-none-eabi/5.4.1/../../../../arm-none-eabi/lib/armv7-m\libg_nano.a(lib_a-mlock.o)
 .ARM.attributes
                0x000008e5       0x2d c:/program files (x86)/cypress/psoc creator/4.4/psoc creator/import/gnu/arm/5.4.1/bin/../lib/gcc/arm-none-eabi/5.4.1/../../../../arm-none-eabi/lib/armv7-m\libg_nano.a(lib_a-reent.o)
 .ARM.attributes
                0x00000912       0x1d c:/program files (x86)/cypress/psoc creator/4.4/psoc creator/import/gnu/arm/5.4.1/bin/../lib/gcc/arm-none-eabi/5.4.1/armv7-m\libgcc.a(_arm_addsubdf3.o)
 .ARM.attributes
                0x0000092f       0x1d c:/program files (x86)/cypress/psoc creator/4.4/psoc creator/import/gnu/arm/5.4.1/bin/../lib/gcc/arm-none-eabi/5.4.1/armv7-m\libgcc.a(_arm_muldivdf3.o)
 .ARM.attributes
                0x0000094c       0x1d c:/program files (x86)/cypress/psoc creator/4.4/psoc creator/import/gnu/arm/5.4.1/bin/../lib/gcc/arm-none-eabi/5.4.1/armv7-m\libgcc.a(_arm_cmpdf2.o)
 .ARM.attributes
                0x00000969       0x1d c:/program files (x86)/cypress/psoc creator/4.4/psoc creator/import/gnu/arm/5.4.1/bin/../lib/gcc/arm-none-eabi/5.4.1/armv7-m\libgcc.a(_arm_unorddf2.o)
 .ARM.attributes
                0x00000986       0x1d c:/program files (x86)/cypress/psoc creator/4.4/psoc creator/import/gnu/arm/5.4.1/bin/../lib/gcc/arm-none-eabi/5.4.1/armv7-m\libgcc.a(_arm_fixdfsi.o)
 .ARM.attributes
                0x000009a3       0x2d c:/program files (x86)/cypress/psoc creator/4.4/psoc creator/import/gnu/arm/5.4.1/bin/../lib/gcc/arm-none-eabi/5.4.1/armv7-m/crtend.o
 .ARM.attributes
                0x000009d0       0x1d c:/program files (x86)/cypress/psoc creator/4.4/psoc creator/import/gnu/arm/5.4.1/bin/../lib/gcc/arm-none-eabi/5.4.1/armv7-m/crtn.o

/DISCARD/
 *(.note.GNU-stack)
OUTPUT(C:\Users\evargas\OneDrive\Documents\Cursos\Cypress_PSoC\TIA_amplificador\Amplificador.cydsn\CortexM3\ARM_GCC_541\Debug\Amplificador.elf elf32-littlearm)
