Archive member included to satisfy reference by file (symbol)

.\CortexM3\ARM_GCC_541\Debug\Transductor.a(TIA_1.o)
                              .\CortexM3\ARM_GCC_541\Debug\main.o (TIA_1_Start)
.\CortexM3\ARM_GCC_541\Debug\Transductor.a(TIA_2.o)
                              .\CortexM3\ARM_GCC_541\Debug\main.o (TIA_2_Start)
.\CortexM3\ARM_GCC_541\Debug\Transductor.a(CyDmac.o)
                              .\CortexM3\ARM_GCC_541\Debug\Cm3Start.o (CyDmacConfigure)
.\CortexM3\ARM_GCC_541\Debug\Transductor.a(CyLib.o)
                              .\CortexM3\ARM_GCC_541\Debug\Cm3Start.o (CyHalt)
.\CortexM3\ARM_GCC_541\Debug\Transductor.a(cyPm.o)
                              .\CortexM3\ARM_GCC_541\Debug\Transductor.a(CyLib.o) (CyPmReadStatus)
.\CortexM3\ARM_GCC_541\Debug\Transductor.a(ADC_SAR_1.o)
                              .\CortexM3\ARM_GCC_541\Debug\main.o (ADC_SAR_1_Start)
.\CortexM3\ARM_GCC_541\Debug\Transductor.a(ADC_SAR_1_INT.o)
                              .\CortexM3\ARM_GCC_541\Debug\Transductor.a(ADC_SAR_1.o) (ADC_SAR_1_ISR)
.\CortexM3\ARM_GCC_541\Debug\Transductor.a(DMA_1_dma.o)
                              .\CortexM3\ARM_GCC_541\Debug\main.o (DMA_1_DmaInitialize)
.\CortexM3\ARM_GCC_541\Debug\Transductor.a(ADC_SAR_1_theACLK.o)
                              .\CortexM3\ARM_GCC_541\Debug\Transductor.a(ADC_SAR_1.o) (ADC_SAR_1_theACLK_SetModeRegister)
.\CortexM3\ARM_GCC_541\Debug\Transductor.a(Chart_1.o)
                              .\CortexM3\ARM_GCC_541\Debug\main.o (Chart_1_Plot)
.\CortexM3\ARM_GCC_541\Debug\Transductor.a(isr_Fin_Adq.o)
                              .\CortexM3\ARM_GCC_541\Debug\main.o (isr_Fin_Adq_Enable)
.\CortexM3\ARM_GCC_541\Debug\Transductor.a(Clock_ADC.o)
                              .\CortexM3\ARM_GCC_541\Debug\main.o (Clock_ADC_Start)
.\CortexM3\ARM_GCC_541\Debug\Transductor.a(Clock_Trig.o)
                              .\CortexM3\ARM_GCC_541\Debug\main.o (Clock_Trig_Start)
.\CortexM3\ARM_GCC_541\Debug\Transductor.a(UART_1.o)
                              .\CortexM3\ARM_GCC_541\Debug\main.o (UART_1_Start)
.\CortexM3\ARM_GCC_541\Debug\Transductor.a(Reg_Hab_Adq.o)
                              .\CortexM3\ARM_GCC_541\Debug\main.o (Reg_Hab_Adq_Write)
.\CortexM3\ARM_GCC_541\Debug\Transductor.a(UART_1_IntClock.o)
                              .\CortexM3\ARM_GCC_541\Debug\Transductor.a(UART_1.o) (UART_1_IntClock_Start)
.\CortexM3\ARM_GCC_541\Debug\Transductor.a(Opamp_1.o)
                              .\CortexM3\ARM_GCC_541\Debug\main.o (Opamp_1_Start)
.\CortexM3\ARM_GCC_541\Debug\Transductor.a(CyBootAsmGnu.o)
                              .\CortexM3\ARM_GCC_541\Debug\cyfitter_cfg.o (CyDelayCycles)
.\CortexM3\ARM_GCC_541\Debug\Transductor.a(CyFlash.o)
                              .\CortexM3\ARM_GCC_541\Debug\Transductor.a(cyPm.o) (CyFlash_SetWaitCycles)
.\CortexM3\ARM_GCC_541\Debug\Transductor.a(CySpc.o)
                              .\CortexM3\ARM_GCC_541\Debug\Transductor.a(CyFlash.o) (CySpcStart)
c:/program files (x86)/cypress/psoc creator/4.4/psoc creator/import/gnu/arm/5.4.1/bin/../lib/gcc/arm-none-eabi/5.4.1/armv7-m\libgcc.a(_arm_addsubdf3.o)
                              .\CortexM3\ARM_GCC_541\Debug\Transductor.a(Chart_1.o) (__aeabi_f2d)
c:/program files (x86)/cypress/psoc creator/4.4/psoc creator/import/gnu/arm/5.4.1/bin/../lib/gcc/arm-none-eabi/5.4.1/armv7-m\libgcc.a(_arm_addsubsf3.o)
                              .\CortexM3\ARM_GCC_541\Debug\Transductor.a(ADC_SAR_1.o) (__aeabi_i2f)
c:/program files (x86)/cypress/psoc creator/4.4/psoc creator/import/gnu/arm/5.4.1/bin/../lib/gcc/arm-none-eabi/5.4.1/armv7-m\libgcc.a(_arm_muldivsf3.o)
                              .\CortexM3\ARM_GCC_541\Debug\Transductor.a(ADC_SAR_1.o) (__aeabi_fmul)
c:/program files (x86)/cypress/psoc creator/4.4/psoc creator/import/gnu/arm/5.4.1/bin/../lib/gcc/arm-none-eabi/5.4.1/armv7-m\libgcc.a(_aeabi_ldivmod.o)
                              .\CortexM3\ARM_GCC_541\Debug\Transductor.a(ADC_SAR_1.o) (__aeabi_ldivmod)
c:/program files (x86)/cypress/psoc creator/4.4/psoc creator/import/gnu/arm/5.4.1/bin/../lib/gcc/arm-none-eabi/5.4.1/armv7-m\libgcc.a(_udivmoddi4.o)
                              c:/program files (x86)/cypress/psoc creator/4.4/psoc creator/import/gnu/arm/5.4.1/bin/../lib/gcc/arm-none-eabi/5.4.1/armv7-m\libgcc.a(_aeabi_ldivmod.o) (__udivmoddi4)
c:/program files (x86)/cypress/psoc creator/4.4/psoc creator/import/gnu/arm/5.4.1/bin/../lib/gcc/arm-none-eabi/5.4.1/armv7-m\libgcc.a(_dvmd_tls.o)
                              c:/program files (x86)/cypress/psoc creator/4.4/psoc creator/import/gnu/arm/5.4.1/bin/../lib/gcc/arm-none-eabi/5.4.1/armv7-m\libgcc.a(_aeabi_ldivmod.o) (__aeabi_ldiv0)
c:/program files (x86)/cypress/psoc creator/4.4/psoc creator/import/gnu/arm/5.4.1/bin/../lib/gcc/arm-none-eabi/5.4.1/../../../../arm-none-eabi/lib/armv7-m\libg_nano.a(lib_a-errno.o)
[...]
Memory Configuration

Name             Origin             Length             Attributes
rom              0x00000000         0x00040000         xr
ram              0x1fff8000         0x00010000         xrw
*default*        0x00000000         0xffffffff

Linker script and memory map

LOAD c:/program files (x86)/cypress/psoc creator/4.4/psoc creator/import/gnu/arm/5.4.1/bin/../lib/gcc/arm-none-eabi/5.4.1/armv7-m/crti.o
LOAD c:/program files (x86)/cypress/psoc creator/4.4/psoc creator/import/gnu/arm/5.4.1/bin/../lib/gcc/arm-none-eabi/5.4.1/armv7-m/crtbegin.o
LOAD c:/program files (x86)/cypress/psoc creator/4.4/psoc creator/import/gnu/arm/5.4.1/bin/../lib/gcc/arm-none-eabi/5.4.1/../../../../arm-none-eabi/lib/armv7-m/crt0.o
START GROUP
LOAD .\CortexM3\ARM_GCC_541\Debug\main.o
LOAD .\CortexM3\ARM_GCC_541\Debug\er.o
LOAD .\CortexM3\ARM_GCC_541\Debug\cyfitter_cfg.o
LOAD .\CortexM3\ARM_GCC_541\Debug\cymetadata.o
LOAD .\CortexM3\ARM_GCC_541\Debug\Cm3Start.o
LOAD .\CortexM3\ARM_GCC_541\Debug\Transductor.a
LOAD C:\Program Files (x86)\Cypress\PSoC Creator\4.4\PSoC Creator\psoc\content\cycomponentlibrary\CyComponentLibrary.cylib\CortexM3\ARM_GCC_541\Debug\CyComponentLibrary.a
END GROUP
START GROUP
LOAD c:/program files (x86)/cypress/psoc creator/4.4/psoc creator/import/gnu/arm/5.4.1/bin/../lib/gcc/arm-none-eabi/5.4.1/armv7-m\libgcc.a
LOAD c:/program files (x86)/cypress/psoc creator/4.4/psoc creator/import/gnu/arm/5.4.1/bin/../lib/gcc/arm-none-eabi/5.4.1/../../../../arm-none-eabi/lib/armv7-m\libg_nano.a
LOAD c:/program files (x86)/cypress/psoc creator/4.4/psoc creator/import/gnu/arm/5.4.1/bin/../lib/gcc/arm-none-eabi/5.4.1/../../../../arm-none-eabi/lib/armv7-m\libc_nano.a
END GROUP
START GROUP
LOAD c:/program files (x86)/cypress/psoc creator/4.4/psoc creator/import/gnu/arm/5.4.1/bin/../lib/gcc/arm-none-eabi/5.4.1/armv7-m\libgcc.a
LOAD c:/program files (x86)/cypress/psoc creator/4.4/psoc creator/import/gnu/arm/5.4.1/bin/../lib/gcc/arm-none-eabi/5.4.1/../../../../arm-none-eabi/lib/armv7-m\libc_nano.a
END GROUP
LOAD c:/program files (x86)/cypress/psoc creator/4.4/psoc creator/import/gnu/arm/5.4.1/bin/../lib/gcc/arm-none-eabi/5.4.1/armv7-m/crtend.o
LOAD c:/program files (x86)/cypress/psoc creator/4.4/psoc creator/import/gnu/arm/5.4.1/bin/../lib/gcc/arm-none-eabi/5.4.1/armv7-m/crtn.o
START GROUP
LOAD c:/program files (x86)/cypress/psoc creator/4.4/psoc creator/import/gnu/arm/5.4.1/bin/../lib/gcc/arm-none-eabi/5.4.1/armv7-m\libgcc.a
LOAD c:/program files (x86)/cypress/psoc creator/4.4/psoc creator/import/gnu/arm/5.4.1/bin/../lib/gcc/arm-none-eabi/5.4.1/../../../../arm-none-eabi/lib/armv7-m\libc.a
LOAD c:/program files (x86)/cypress/psoc creator/4.4/psoc creator/import/gnu/arm/5.4.1/bin/../lib/gcc/arm-none-eabi/5.4.1/../../../../arm-none-eabi/lib/armv7-m\libnosys.a
END GROUP
                0x00000000                CY_APPL_ORIGIN = 0x0
                0x00000100                CY_FLASH_ROW_SIZE = 0x100
                0x00000020                CY_ECC_ROW_SIZE = 0x20
                0x00000000                CY_EE_IN_BTLDR = 0x0
                0x00000000                CY_APPL_LOADABLE = 0x0
                0x00000800                CY_EE_SIZE = 0x800
                0x00000001                CY_APPL_NUM = 0x1
                0x00000001                CY_APPL_MAX = 0x1
                0x00000040                CY_METADATA_SIZE = 0x40
                0x00000000                CY_APPL_LOADABLE = 0x0
                0x00000000                CY_CHECKSUM_EXCLUDE_SIZE = ALIGN (0x0, CY_FLASH_ROW_SIZE)
                [!provide]                PROVIDE (__cy_heap_start, _end)
                0x00000001                PROVIDE (__cy_region_num, ((__cy_regions_end - __cy_regions) / 0x10))
                0x20008000                PROVIDE (__cy_stack, (ORIGIN (ram) + LENGTH (ram)))
                [!provide]                PROVIDE (__cy_heap_end, (__cy_stack - 0x800))

.cybootloader   0x00000000        0x0
 *(.cybootloader)
                0x00000000                appl1_start = CY_APPL_ORIGIN?CY_APPL_ORIGIN:ALIGN (CY_FLASH_ROW_SIZE)
                0x0001ff00                appl2_start = (appl1_start + ALIGN ((((LENGTH (rom) - appl1_start) - (0x2 * CY_FLASH_ROW_SIZE)) / 0x2), CY_FLASH_ROW_SIZE))
                0x00000000                appl_start = (CY_APPL_NUM == 0x1)?appl1_start:appl2_start
                0x00000000                ecc_offset = ((appl_start / CY_FLASH_ROW_SIZE) * CY_ECC_ROW_SIZE)
                0x00000000                ee_offset = (CY_APPL_LOADABLE && ! (CY_EE_IN_BTLDR))?((CY_EE_SIZE / CY_APPL_MAX) * (CY_APPL_NUM - 0x1)):0x0
                0x00000800                ee_size = (CY_APPL_LOADABLE && ! (CY_EE_IN_BTLDR))?(CY_EE_SIZE / CY_APPL_MAX):CY_EE_SIZE
                [!provide]                PROVIDE (CY_ECC_OFFSET, ecc_offset)

.text           0x00000000     0x3c98
 CREATE_OBJECT_SYMBOLS
                0x00000000                PROVIDE (__cy_interrupt_vector, RomVectors)
 *(.romvectors)
 .romvectors    0x00000000       0x10 .\CortexM3\ARM_GCC_541\Debug\Cm3Start.o
                0x00000000                RomVectors
                0x00000001                ASSERT ((. != __cy_interrupt_vector), No interrupt vector)
                0x00000001                ASSERT (CY_APPL_ORIGIN?(SIZEOF (.cybootloader) <= CY_APPL_ORIGIN):0x1, Wrong image location)
                0x00000010                PROVIDE (__cy_reset, Reset)
 *(.text.Reset)
 .text.Reset    0x00000010       0x18 .\CortexM3\ARM_GCC_541\Debug\Cm3Start.o
                0x00000010                Reset
                0x00000001                ASSERT ((. != __cy_reset), No reset code)
 *(.dma_init)
                0x00000001                ASSERT ((((appl_start + .) <= 0x10000) || 0x1), DMA Init must be within the first 64k of flash)
 *(.text .text.* .gnu.linkonce.t.*)
 .text          0x00000028       0x5c c:/program files (x86)/cypress/psoc creator/4.4/psoc creator/import/gnu/arm/5.4.1/bin/../lib/gcc/arm-none-eabi/5.4.1/armv7-m/crtbegin.o
 .text.Fin_Adq  0x00000084       0x14 .\CortexM3\ARM_GCC_541\Debug\main.o
                0x00000084                Fin_Adq
 .text.my_Start
                0x00000098       0x20 .\CortexM3\ARM_GCC_541\Debug\main.o
                0x00000098                my_Start
 .text.DMA_Config
                0x000000b8       0x58 .\CortexM3\ARM_GCC_541\Debug\main.o
                0x000000b8                DMA_Config
 .text.main     0x00000110       0x9c .\CortexM3\ARM_GCC_541\Debug\main.o
                0x00000110                main
 .text.CyClockStartupError
                0x000001ac        0x4 .\CortexM3\ARM_GCC_541\Debug\cyfitter_cfg.o
 .text.cfg_write_bytes32
                0x000001b0       0x34 .\CortexM3\ARM_GCC_541\Debug\cyfitter_cfg.o
 .text.CYMEMZERO
                0x000001e4        0xc .\CortexM3\ARM_GCC_541\Debug\cyfitter_cfg.o
 .text.AnalogSetDefault
                0x000001f0       0xc8 .\CortexM3\ARM_GCC_541\Debug\cyfitter_cfg.o
 .text.CYCONFIGCPY
                0x000002b8        0x8 .\CortexM3\ARM_GCC_541\Debug\cyfitter_cfg.o
 .text.ClockSetup
                0x000002c0      0x100 .\CortexM3\ARM_GCC_541\Debug\cyfitter_cfg.o
 .text.cyfitter_cfg
                0x000003c0      0x140 .\CortexM3\ARM_GCC_541\Debug\cyfitter_cfg.o
                0x000003c0                cyfitter_cfg
 .text.IntDefaultHandler
                0x00000500       0x10 .\CortexM3\ARM_GCC_541\Debug\Cm3Start.o
                0x00000500                IntDefaultHandler
 .text._sbrk    0x00000510       0x30 .\CortexM3\ARM_GCC_541\Debug\Cm3Start.o
                0x00000510                _sbrk
 .text.Start_c  0x00000540       0x4c .\CortexM3\ARM_GCC_541\Debug\Cm3Start.o
                0x00000540                Start_c
 .text.initialize_psoc
                0x0000058c       0x6c .\CortexM3\ARM_GCC_541\Debug\Cm3Start.o
                0x0000058c                initialize_psoc
 .text.TIA_1_Enable
                0x000005f8       0x28 .\CortexM3\ARM_GCC_541\Debug\Transductor.a(TIA_1.o)
                0x000005f8                TIA_1_Enable
 .text.TIA_1_SetPower
                0x00000620       0x18 .\CortexM3\ARM_GCC_541\Debug\Transductor.a(TIA_1.o)
                0x00000620                TIA_1_SetPower
 .text.TIA_1_SetResFB
                0x00000638       0x20 .\CortexM3\ARM_GCC_541\Debug\Transductor.a(TIA_1.o)
                0x00000638                TIA_1_SetResFB
 .text.TIA_1_SetCapFB
                0x00000658       0x20 .\CortexM3\ARM_GCC_541\Debug\Transductor.a(TIA_1.o)
                0x00000658                TIA_1_SetCapFB
 .text.TIA_1_Init
                0x00000678       0x2c .\CortexM3\ARM_GCC_541\Debug\Transductor.a(TIA_1.o)
                0x00000678                TIA_1_Init
 .text.TIA_1_Start
                0x000006a4       0x1c .\CortexM3\ARM_GCC_541\Debug\Transductor.a(TIA_1.o)
                0x000006a4                TIA_1_Start
 .text.TIA_2_Enable
                0x000006c0       0x28 .\CortexM3\ARM_GCC_541\Debug\Transductor.a(TIA_2.o)
                0x000006c0                TIA_2_Enable
 .text.TIA_2_SetPower
                0x000006e8       0x18 .\CortexM3\ARM_GCC_541\Debug\Transductor.a(TIA_2.o)
                0x000006e8                TIA_2_SetPower
 .text.TIA_2_SetResFB
                0x00000700       0x20 .\CortexM3\ARM_GCC_541\Debug\Transductor.a(TIA_2.o)
                0x00000700                TIA_2_SetResFB
 .text.TIA_2_SetCapFB
                0x00000720       0x20 .\CortexM3\ARM_GCC_541\Debug\Transductor.a(TIA_2.o)
                0x00000720                TIA_2_SetCapFB
 .text.TIA_2_Init
                0x00000740       0x2c .\CortexM3\ARM_GCC_541\Debug\Transductor.a(TIA_2.o)
                0x00000740                TIA_2_Init
 .text.TIA_2_Start
                0x0000076c       0x1c .\CortexM3\ARM_GCC_541\Debug\Transductor.a(TIA_2.o)
                0x0000076c                TIA_2_Start
 .text.CyDmacConfigure
                0x00000788       0x34 .\CortexM3\ARM_GCC_541\Debug\Transductor.a(CyDmac.o)
                0x00000788                CyDmacConfigure
 .text.CyDmaChEnable
                0x000007bc       0x38 .\CortexM3\ARM_GCC_541\Debug\Transductor.a(CyDmac.o)
                0x000007bc                CyDmaChEnable
 .text.CyDmaChPriority
                0x000007f4       0x24 .\CortexM3\ARM_GCC_541\Debug\Transductor.a(CyDmac.o)
                0x000007f4                CyDmaChPriority
 .text.CyDmaChSetExtendedAddress
                0x00000818       0x34 .\CortexM3\ARM_GCC_541\Debug\Transductor.a(CyDmac.o)
                0x00000818                CyDmaChSetExtendedAddress
 .text.CyDmaChSetInitialTd
                0x0000084c       0x18 .\CortexM3\ARM_GCC_541\Debug\Transductor.a(CyDmac.o)
                0x0000084c                CyDmaChSetInitialTd
 .text.CyDmaChSetConfiguration
                0x00000864       0x44 .\CortexM3\ARM_GCC_541\Debug\Transductor.a(CyDmac.o)
                0x00000864                CyDmaChSetConfiguration
 .text.CyDmaTdAllocate
                0x000008a8       0x34 .\CortexM3\ARM_GCC_541\Debug\Transductor.a(CyDmac.o)
                0x000008a8                CyDmaTdAllocate
 .text.CyDmaTdSetConfiguration
                0x000008dc       0x28 .\CortexM3\ARM_GCC_541\Debug\Transductor.a(CyDmac.o)
                0x000008dc                CyDmaTdSetConfiguration
 .text.CyDmaTdSetAddress
                0x00000904       0x1c .\CortexM3\ARM_GCC_541\Debug\Transductor.a(CyDmac.o)
                0x00000904                CyDmaTdSetAddress
 .text.CyHalt   0x00000920        0x4 .\CortexM3\ARM_GCC_541\Debug\Transductor.a(CyLib.o)
                0x00000920                CyHalt
 .text.CyDelay  0x00000924       0x2c .\CortexM3\ARM_GCC_541\Debug\Transductor.a(CyLib.o)
                0x00000924                CyDelay
 .text.CyDelayUs
                0x00000950       0x14 .\CortexM3\ARM_GCC_541\Debug\Transductor.a(CyLib.o)
                0x00000950                CyDelayUs
 .text.CyIntSetVector
                0x00000964       0x28 .\CortexM3\ARM_GCC_541\Debug\Transductor.a(CyLib.o)
                0x00000964                CyIntSetVector
 .text.CyIntSetPriority
                0x0000098c       0x30 .\CortexM3\ARM_GCC_541\Debug\Transductor.a(CyLib.o)
                0x0000098c                CyIntSetPriority
 .text.ADC_SAR_1_CalcGain
                0x000009bc       0x64 .\CortexM3\ARM_GCC_541\Debug\Transductor.a(ADC_SAR_1.o)
 .text.ADC_SAR_1_Enable
                0x00000a20       0x94 .\CortexM3\ARM_GCC_541\Debug\Transductor.a(ADC_SAR_1.o)
                0x00000a20                ADC_SAR_1_Enable
 .text.ADC_SAR_1_SetResolution
                0x00000ab4       0x38 .\CortexM3\ARM_GCC_541\Debug\Transductor.a(ADC_SAR_1.o)
                0x00000ab4                ADC_SAR_1_SetResolution
 .text.ADC_SAR_1_Init
                0x00000aec       0x3c .\CortexM3\ARM_GCC_541\Debug\Transductor.a(ADC_SAR_1.o)
                0x00000aec                ADC_SAR_1_Init
 .text.ADC_SAR_1_Start
                0x00000b28       0x1c .\CortexM3\ARM_GCC_541\Debug\Transductor.a(ADC_SAR_1.o)
                0x00000b28                ADC_SAR_1_Start
 .text.ADC_SAR_1_CountsTo_Volts
                0x00000b44       0x50 .\CortexM3\ARM_GCC_541\Debug\Transductor.a(ADC_SAR_1.o)
                0x00000b44                ADC_SAR_1_CountsTo_Volts
 .text.ADC_SAR_1_ISR
                0x00000b94        0x4 .\CortexM3\ARM_GCC_541\Debug\Transductor.a(ADC_SAR_1_INT.o)
                0x00000b94                ADC_SAR_1_ISR
 .text.DMA_1_DmaInitialize
                0x00000b98       0x3c .\CortexM3\ARM_GCC_541\Debug\Transductor.a(DMA_1_dma.o)
                0x00000b98                DMA_1_DmaInitialize
 .text.ADC_SAR_1_theACLK_SetModeRegister
                0x00000bd4       0x14 .\CortexM3\ARM_GCC_541\Debug\Transductor.a(ADC_SAR_1_theACLK.o)
                0x00000bd4                ADC_SAR_1_theACLK_SetModeRegister
 .text.Chart_1_Plot
                0x00000be8       0x24 .\CortexM3\ARM_GCC_541\Debug\Transductor.a(Chart_1.o)
                0x00000be8                Chart_1_Plot
 .text.isr_Fin_Adq_SetVector
                0x00000c0c        0xc .\CortexM3\ARM_GCC_541\Debug\Transductor.a(isr_Fin_Adq.o)
                0x00000c0c                isr_Fin_Adq_SetVector
 .text.isr_Fin_Adq_SetPriority
                0x00000c18       0x10 .\CortexM3\ARM_GCC_541\Debug\Transductor.a(isr_Fin_Adq.o)
                0x00000c18                isr_Fin_Adq_SetPriority
 .text.isr_Fin_Adq_Enable
                0x00000c28        0xc .\CortexM3\ARM_GCC_541\Debug\Transductor.a(isr_Fin_Adq.o)
                0x00000c28                isr_Fin_Adq_Enable
 .text.isr_Fin_Adq_Disable
                0x00000c34        0xc .\CortexM3\ARM_GCC_541\Debug\Transductor.a(isr_Fin_Adq.o)
                0x00000c34                isr_Fin_Adq_Disable
 .text.isr_Fin_Adq_StartEx
                0x00000c40       0x1c .\CortexM3\ARM_GCC_541\Debug\Transductor.a(isr_Fin_Adq.o)
                0x00000c40                isr_Fin_Adq_StartEx
 .text.isr_Fin_Adq_ClearPending
                0x00000c5c        0xc .\CortexM3\ARM_GCC_541\Debug\Transductor.a(isr_Fin_Adq.o)
                0x00000c5c                isr_Fin_Adq_ClearPending
 .text.Clock_ADC_Start
                0x00000c68       0x1c .\CortexM3\ARM_GCC_541\Debug\Transductor.a(Clock_ADC.o)
                0x00000c68                Clock_ADC_Start
 .text.Clock_Trig_Start
                0x00000c84       0x1c .\CortexM3\ARM_GCC_541\Debug\Transductor.a(Clock_Trig.o)
                0x00000c84                Clock_Trig_Start
 .text.UART_1_Init
                0x00000ca0       0x28 .\CortexM3\ARM_GCC_541\Debug\Transductor.a(UART_1.o)
                0x00000ca0                UART_1_Init
 .text.UART_1_Enable
                0x00000cc8       0x3c .\CortexM3\ARM_GCC_541\Debug\Transductor.a(UART_1.o)
                0x00000cc8                UART_1_Enable
 .text.UART_1_Start
                0x00000d04       0x1c .\CortexM3\ARM_GCC_541\Debug\Transductor.a(UART_1.o)
                0x00000d04                UART_1_Start
 .text.UART_1_PutChar
                0x00000d20       0x18 .\CortexM3\ARM_GCC_541\Debug\Transductor.a(UART_1.o)
                0x00000d20                UART_1_PutChar
 .text.UART_1_PutString
                0x00000d38       0x24 .\CortexM3\ARM_GCC_541\Debug\Transductor.a(UART_1.o)
                0x00000d38                UART_1_PutString
 .text.Reg_Hab_Adq_Write
                0x00000d5c        0xc .\CortexM3\ARM_GCC_541\Debug\Transductor.a(Reg_Hab_Adq.o)
                0x00000d5c                Reg_Hab_Adq_Write
 .text.UART_1_IntClock_Start
                0x00000d68       0x1c .\CortexM3\ARM_GCC_541\Debug\Transductor.a(UART_1_IntClock.o)
                0x00000d68                UART_1_IntClock_Start
 .text.Opamp_1_Enable
                0x00000d84       0x28 .\CortexM3\ARM_GCC_541\Debug\Transductor.a(Opamp_1.o)
                0x00000d84                Opamp_1_Enable
 .text.Opamp_1_SetPower
                0x00000dac       0x1c .\CortexM3\ARM_GCC_541\Debug\Transductor.a(Opamp_1.o)
                0x00000dac                Opamp_1_SetPower
 .text.Opamp_1_Init
                0x00000dc8        0xc .\CortexM3\ARM_GCC_541\Debug\Transductor.a(Opamp_1.o)
                0x00000dc8                Opamp_1_Init
 .text.Opamp_1_Start
                0x00000dd4       0x1c .\CortexM3\ARM_GCC_541\Debug\Transductor.a(Opamp_1.o)
                0x00000dd4                Opamp_1_Start
 .text          0x00000df0       0x20 .\CortexM3\ARM_GCC_541\Debug\Transductor.a(CyBootAsmGnu.o)
                0x00000df0                CyDelayCycles
                0x00000e00                CyEnterCriticalSection
                0x00000e08                CyExitCriticalSection
 .text          0x00000e10      0x370 c:/program files (x86)/cypress/psoc creator/4.4/psoc creator/import/gnu/arm/5.4.1/bin/../lib/gcc/arm-none-eabi/5.4.1/armv7-m\libgcc.a(_arm_addsubdf3.o)
                0x00000e10                __aeabi_drsub
                0x00000e18                __aeabi_dsub
                0x00000e18                __subdf3
                0x00000e1c                __aeabi_dadd
                0x00000e1c                __adddf3
                0x00001094                __floatunsidf
                0x00001094                __aeabi_ui2d
                0x000010b4                __floatsidf
                0x000010b4                __aeabi_i2d
                0x000010d8                __aeabi_f2d
                0x000010d8                __extendsfdf2
                0x00001114                __floatundidf
                0x00001114                __aeabi_ul2d
                0x00001124                __floatdidf
                0x00001124                __aeabi_l2d
 .text          0x00001180      0x21c c:/program files (x86)/cypress/psoc creator/4.4/psoc creator/import/gnu/arm/5.4.1/bin/../lib/gcc/arm-none-eabi/5.4.1/armv7-m\libgcc.a(_arm_addsubsf3.o)
                0x00001180                __aeabi_frsub
                0x00001188                __subsf3
                0x00001188                __aeabi_fsub
                0x0000118c                __aeabi_fadd
                0x0000118c                __addsf3
                0x000012ec                __aeabi_ui2f
                0x000012ec                __floatunsisf
                0x000012f4                __aeabi_i2f
                0x000012f4                __floatsisf
                0x00001310                __aeabi_ul2f
                0x00001310                __floatundisf
                0x00001320                __aeabi_l2f
                0x00001320                __floatdisf
 .text          0x0000139c      0x2a0 c:/program files (x86)/cypress/psoc creator/4.4/psoc creator/import/gnu/arm/5.4.1/bin/../lib/gcc/arm-none-eabi/5.4.1/armv7-m\libgcc.a(_arm_muldivsf3.o)
                0x0000139c                __mulsf3
                0x0000139c                __aeabi_fmul
                0x00001504                __aeabi_fdiv
                0x00001504                __divsf3
 .text.__errno  0x0000163c        0xc c:/program files (x86)/cypress/psoc creator/4.4/psoc creator/import/gnu/arm/5.4.1/bin/../lib/gcc/arm-none-eabi/5.4.1/../../../../arm-none-eabi/lib/armv7-m\libg_nano.a(lib_a-errno.o)
                0x0000163c                __errno
 .text.__libc_init_array
                0x00001648       0x4c c:/program files (x86)/cypress/psoc creator/4.4/psoc creator/import/gnu/arm/5.4.1/bin/../lib/gcc/arm-none-eabi/5.4.1/../../../../arm-none-eabi/lib/armv7-m\libg_nano.a(lib_a-init.o)
                0x00001648                __libc_init_array
 .text.memcpy   0x00001694       0x16 c:/program files (x86)/cypress/psoc creator/4.4/psoc creator/import/gnu/arm/5.4.1/bin/../lib/gcc/arm-none-eabi/5.4.1/../../../../arm-none-eabi/lib/armv7-m\libg_nano.a(lib_a-memcpy-stub.o)
                0x00001694                memcpy
 .text.memset   0x000016aa       0x10 c:/program files (x86)/cypress/psoc creator/4.4/psoc creator/import/gnu/arm/5.4.1/bin/../lib/gcc/arm-none-eabi/5.4.1/../../../../arm-none-eabi/lib/armv7-m\libg_nano.a(lib_a-memset.o)
                0x000016aa                memset
 .text.__cvt    0x000016ba       0xc0 c:/program files (x86)/cypress/psoc creator/4.4/psoc creator/import/gnu/arm/5.4.1/bin/../lib/gcc/arm-none-eabi/5.4.1/../../../../arm-none-eabi/lib/armv7-m\libg_nano.a(lib_a-nano-vfprintf_float.o)
                0x000016ba                __cvt
 .text.__exponent
                0x0000177a       0x62 c:/program files (x86)/cypress/psoc creator/4.4/psoc creator/import/gnu/arm/5.4.1/bin/../lib/gcc/arm-none-eabi/5.4.1/../../../../arm-none-eabi/lib/armv7-m\libg_nano.a(lib_a-nano-vfprintf_float.o)
                0x0000177a                __exponent
 .text._printf_float
                0x000017dc      0x488 c:/program files (x86)/cypress/psoc creator/4.4/psoc creator/import/gnu/arm/5.4.1/bin/../lib/gcc/arm-none-eabi/5.4.1/../../../../arm-none-eabi/lib/armv7-m\libg_nano.a(lib_a-nano-vfprintf_float.o)
                0x000017dc                _printf_float
 .text._printf_common
                0x00001c64       0xec c:/program files (x86)/cypress/psoc creator/4.4/psoc creator/import/gnu/arm/5.4.1/bin/../lib/gcc/arm-none-eabi/5.4.1/../../../../arm-none-eabi/lib/armv7-m\libg_nano.a(lib_a-nano-vfprintf_i.o)
                0x00001c64                _printf_common
 .text._printf_i
                0x00001d50      0x24c c:/program files (x86)/cypress/psoc creator/4.4/psoc creator/import/gnu/arm/5.4.1/bin/../lib/gcc/arm-none-eabi/5.4.1/../../../../arm-none-eabi/lib/armv7-m\libg_nano.a(lib_a-nano-vfprintf_i.o)
                0x00001d50                _printf_i
 .text.sprintf  0x00001f9c       0x48 c:/program files (x86)/cypress/psoc creator/4.4/psoc creator/import/gnu/arm/5.4.1/bin/../lib/gcc/arm-none-eabi/5.4.1/../../../../arm-none-eabi/lib/armv7-m\libg_nano.a(lib_a-sprintf.o)
                0x00001f9c                siprintf
                0x00001f9c                sprintf
 .text          0x00001fe4       0x10 c:/program files (x86)/cypress/psoc creator/4.4/psoc creator/import/gnu/arm/5.4.1/bin/../lib/gcc/arm-none-eabi/5.4.1/../../../../arm-none-eabi/lib/armv7-m\libg_nano.a(lib_a-strlen.o)
                0x00001fe4                strlen
 .text.quorem   0x00001ff4      0x116 c:/program files (x86)/cypress/psoc creator/4.4/psoc creator/import/gnu/arm/5.4.1/bin/../lib/gcc/arm-none-eabi/5.4.1/../../../../arm-none-eabi/lib/armv7-m\libg_nano.a(lib_a-dtoa.o)
 *fill*         0x0000210a        0x6 
 .text._dtoa_r  0x00002110      0xb30 c:/program files (x86)/cypress/psoc creator/4.4/psoc creator/import/gnu/arm/5.4.1/bin/../lib/gcc/arm-none-eabi/5.4.1/../../../../arm-none-eabi/lib/armv7-m\libg_nano.a(lib_a-dtoa.o)
                0x00002110                _dtoa_r
 .text._localeconv_r
                0x00002c40        0x8 c:/program files (x86)/cypress/psoc creator/4.4/psoc creator/import/gnu/arm/5.4.1/bin/../lib/gcc/arm-none-eabi/5.4.1/../../../../arm-none-eabi/lib/armv7-m\libg_nano.a(lib_a-locale.o)
                0x00002c40                _localeconv_r
 .text.malloc   0x00002c48       0x10 c:/program files (x86)/cypress/psoc creator/4.4/psoc creator/import/gnu/arm/5.4.1/bin/../lib/gcc/arm-none-eabi/5.4.1/../../../../arm-none-eabi/lib/armv7-m\libg_nano.a(lib_a-malloc.o)
                0x00002c48                malloc
 .text.memchr   0x00002c58       0x1c c:/program files (x86)/cypress/psoc creator/4.4/psoc creator/import/gnu/arm/5.4.1/bin/../lib/gcc/arm-none-eabi/5.4.1/../../../../arm-none-eabi/lib/armv7-m\libg_nano.a(lib_a-memchr-stub.o)
                0x00002c58                memchr
 .text._Balloc  0x00002c74       0x6a c:/program files (x86)/cypress/psoc creator/4.4/psoc creator/import/gnu/arm/5.4.1/bin/../lib/gcc/arm-none-eabi/5.4.1/../../../../arm-none-eabi/lib/armv7-m\libg_nano.a(lib_a-mprec.o)
                0x00002c74                _Balloc
 .text._Bfree   0x00002cde       0x2e c:/program files (x86)/cypress/psoc creator/4.4/psoc creator/import/gnu/arm/5.4.1/bin/../lib/gcc/arm-none-eabi/5.4.1/../../../../arm-none-eabi/lib/armv7-m\libg_nano.a(lib_a-mprec.o)
                0x00002cde                _Bfree
 .text.__multadd
                0x00002d0c       0x76 c:/program files (x86)/cypress/psoc creator/4.4/psoc creator/import/gnu/arm/5.4.1/bin/../lib/gcc/arm-none-eabi/5.4.1/../../../../arm-none-eabi/lib/armv7-m\libg_nano.a(lib_a-mprec.o)
                0x00002d0c                __multadd
 .text.__hi0bits
                0x00002d82       0x40 c:/program files (x86)/cypress/psoc creator/4.4/psoc creator/import/gnu/arm/5.4.1/bin/../lib/gcc/arm-none-eabi/5.4.1/../../../../arm-none-eabi/lib/armv7-m\libg_nano.a(lib_a-mprec.o)
                0x00002d82                __hi0bits
 .text.__lo0bits
                0x00002dc2       0x5a c:/program files (x86)/cypress/psoc creator/4.4/psoc creator/import/gnu/arm/5.4.1/bin/../lib/gcc/arm-none-eabi/5.4.1/../../../../arm-none-eabi/lib/armv7-m\libg_nano.a(lib_a-mprec.o)
                0x00002dc2                __lo0bits
 .text.__i2b    0x00002e1c       0x12 c:/program files (x86)/cypress/psoc creator/4.4/psoc creator/import/gnu/arm/5.4.1/bin/../lib/gcc/arm-none-eabi/5.4.1/../../../../arm-none-eabi/lib/armv7-m\libg_nano.a(lib_a-mprec.o)
                0x00002e1c                __i2b
 .text.__multiply
                0x00002e2e      0x120 c:/program files (x86)/cypress/psoc creator/4.4/psoc creator/import/gnu/arm/5.4.1/bin/../lib/gcc/arm-none-eabi/5.4.1/../../../../arm-none-eabi/lib/armv7-m\libg_nano.a(lib_a-mprec.o)
                0x00002e2e                __multiply
 *fill*         0x00002f4e        0x2 
 .text.__pow5mult
                0x00002f50       0x9c c:/program files (x86)/cypress/psoc creator/4.4/psoc creator/import/gnu/arm/5.4.1/bin/../lib/gcc/arm-none-eabi/5.4.1/../../../../arm-none-eabi/lib/armv7-m\libg_nano.a(lib_a-mprec.o)
                0x00002f50                __pow5mult
 .text.__lshift
                0x00002fec       0xa2 c:/program files (x86)/cypress/psoc creator/4.4/psoc creator/import/gnu/arm/5.4.1/bin/../lib/gcc/arm-none-eabi/5.4.1/../../../../arm-none-eabi/lib/armv7-m\libg_nano.a(lib_a-mprec.o)
                0x00002fec                __lshift
 .text.__mcmp   0x0000308e       0x38 c:/program files (x86)/cypress/psoc creator/4.4/psoc creator/import/gnu/arm/5.4.1/bin/../lib/gcc/arm-none-eabi/5.4.1/../../../../arm-none-eabi/lib/armv7-m\libg_nano.a(lib_a-mprec.o)
                0x0000308e                __mcmp
 .text.__mdiff  0x000030c6       0xbe c:/program files (x86)/cypress/psoc creator/4.4/psoc creator/import/gnu/arm/5.4.1/bin/../lib/gcc/arm-none-eabi/5.4.1/../../../../arm-none-eabi/lib/armv7-m\libg_nano.a(lib_a-mprec.o)
                0x000030c6                __mdiff
 .text.__d2b    0x00003184       0x9c c:/program files (x86)/cypress/psoc creator/4.4/psoc creator/import/gnu/arm/5.4.1/bin/../lib/gcc/arm-none-eabi/5.4.1/../../../../arm-none-eabi/lib/armv7-m\libg_nano.a(lib_a-mprec.o)
                0x00003184                __d2b
 .text._calloc_r
                0x00003220       0x1c c:/program files (x86)/cypress/psoc creator/4.4/psoc creator/import/gnu/arm/5.4.1/bin/../lib/gcc/arm-none-eabi/5.4.1/../../../../arm-none-eabi/lib/armv7-m\libg_nano.a(lib_a-nano-callocr.o)
                0x00003220                _calloc_r
 .text._free_r  0x0000323c       0x98 c:/program files (x86)/cypress/psoc creator/4.4/psoc creator/import/gnu/arm/5.4.1/bin/../lib/gcc/arm-none-eabi/5.4.1/../../../../arm-none-eabi/lib/armv7-m\libg_nano.a(lib_a-nano-freer.o)
                0x0000323c                _free_r
 .text._malloc_r
                0x000032d4       0xbc c:/program files (x86)/cypress/psoc creator/4.4/psoc creator/import/gnu/arm/5.4.1/bin/../lib/gcc/arm-none-eabi/5.4.1/../../../../arm-none-eabi/lib/armv7-m\libg_nano.a(lib_a-nano-mallocr.o)
                0x000032d4                _malloc_r
 .text.__ssputs_r
                0x00003390       0xb2 c:/program files (x86)/cypress/psoc creator/4.4/psoc creator/import/gnu/arm/5.4.1/bin/../lib/gcc/arm-none-eabi/5.4.1/../../../../arm-none-eabi/lib/armv7-m\libg_nano.a(lib_a-nano-svfprintf.o)
                0x00003390                __ssputs_r
 *fill*         0x00003442        0x2 
 .text._svfprintf_r
                0x00003444      0x1e8 c:/program files (x86)/cypress/psoc creator/4.4/psoc creator/import/gnu/arm/5.4.1/bin/../lib/gcc/arm-none-eabi/5.4.1/../../../../arm-none-eabi/lib/armv7-m\libg_nano.a(lib_a-nano-svfprintf.o)
                0x00003444                _svfiprintf_r
                0x00003444                _svfprintf_r
 .text._sbrk_r  0x0000362c       0x20 c:/program files (x86)/cypress/psoc creator/4.4/psoc creator/import/gnu/arm/5.4.1/bin/../lib/gcc/arm-none-eabi/5.4.1/../../../../arm-none-eabi/lib/armv7-m\libg_nano.a(lib_a-sbrkr.o)
                0x0000362c                _sbrk_r
 .text.memmove  0x0000364c       0x36 c:/program files (x86)/cypress/psoc creator/4.4/psoc creator/import/gnu/arm/5.4.1/bin/../lib/gcc/arm-none-eabi/5.4.1/../../../../arm-none-eabi/lib/armv7-m\libg_nano.a(lib_a-memmove.o)
                0x0000364c                memmove
 .text.__malloc_lock
                0x00003682        0x2 c:/program files (x86)/cypress/psoc creator/4.4/psoc creator/import/gnu/arm/5.4.1/bin/../lib/gcc/arm-none-eabi/5.4.1/../../../../arm-none-eabi/lib/armv7-m\libg_nano.a(lib_a-mlock.o)
                0x00003682                __malloc_lock
 .text.__malloc_unlock
                0x00003684        0x2 c:/program files (x86)/cypress/psoc creator/4.4/psoc creator/import/gnu/arm/5.4.1/bin/../lib/gcc/arm-none-eabi/5.4.1/../../../../arm-none-eabi/lib/armv7-m\libg_nano.a(lib_a-mlock.o)
                0x00003684                __malloc_unlock
 .text._realloc_r
                0x00003686       0x4c c:/program files (x86)/cypress/psoc creator/4.4/psoc creator/import/gnu/arm/5.4.1/bin/../lib/gcc/arm-none-eabi/5.4.1/../../../../arm-none-eabi/lib/armv7-m\libg_nano.a(lib_a-nano-reallocr.o)
                0x00003686                _realloc_r
 .text._malloc_usable_size_r
                0x000036d2       0x14 c:/program files (x86)/cypress/psoc creator/4.4/psoc creator/import/gnu/arm/5.4.1/bin/../lib/gcc/arm-none-eabi/5.4.1/../../../../arm-none-eabi/lib/armv7-m\libg_nano.a(lib_a-nano-msizer.o)
                0x000036d2                _malloc_usable_size_r
 *fill*         0x000036e6        0x2 
 .text          0x000036e8      0x424 c:/program files (x86)/cypress/psoc creator/4.4/psoc creator/import/gnu/arm/5.4.1/bin/../lib/gcc/arm-none-eabi/5.4.1/armv7-m\libgcc.a(_arm_muldivdf3.o)
                0x000036e8                __aeabi_dmul
                0x000036e8                __muldf3
                0x0000393c                __divdf3
                0x0000393c                __aeabi_ddiv
 .text          0x00003b0c      0x110 c:/program files (x86)/cypress/psoc creator/4.4/psoc creator/import/gnu/arm/5.4.1/bin/../lib/gcc/arm-none-eabi/5.4.1/armv7-m\libgcc.a(_arm_cmpdf2.o)
                0x00003b0c                __gtdf2
                0x00003b0c                __gedf2
                0x00003b14                __ltdf2
                0x00003b14                __ledf2
                0x00003b1c                __nedf2
                0x00003b1c                __eqdf2
                0x00003b1c                __cmpdf2
                0x00003b98                __aeabi_cdrcmple
                0x00003ba8                __aeabi_cdcmpeq
                0x00003ba8                __aeabi_cdcmple
                0x00003bb8                __aeabi_dcmpeq
                0x00003bcc                __aeabi_dcmplt
                0x00003be0                __aeabi_dcmple
                0x00003bf4                __aeabi_dcmpge
                0x00003c08                __aeabi_dcmpgt
 .text          0x00003c1c       0x2c c:/program files (x86)/cypress/psoc creator/4.4/psoc creator/import/gnu/arm/5.4.1/bin/../lib/gcc/arm-none-eabi/5.4.1/armv7-m\libgcc.a(_arm_unorddf2.o)
                0x00003c1c                __unorddf2
                0x00003c1c                __aeabi_dcmpun
 .text          0x00003c48       0x50 c:/program files (x86)/cypress/psoc creator/4.4/psoc creator/import/gnu/arm/5.4.1/bin/../lib/gcc/arm-none-eabi/5.4.1/armv7-m\libgcc.a(_arm_fixdfsi.o)
                0x00003c48                __aeabi_d2iz
                0x00003c48                __fixdfsi
 *(.plt)
 *(.gnu.warning)
 *(.glue_7t)
 .glue_7t       0x00003c98        0x0 linker stubs
 *(.glue_7)
 .glue_7        0x00003c98        0x0 linker stubs
 *(.vfp11_veneer)
 .vfp11_veneer  0x00003c98        0x0 linker stubs
 *(.bootloader)
 *(.ARM.extab* .gnu.linkonce.armextab.*)
 *(.gcc_except_table)

.v4_bx          0x00003c98        0x0
 .v4_bx         0x00003c98        0x0 linker stubs

.iplt           0x00003c98        0x0
 .iplt          0x00003c98        0x0 c:/program files (x86)/cypress/psoc creator/4.4/psoc creator/import/gnu/arm/5.4.1/bin/../lib/gcc/arm-none-eabi/5.4.1/armv7-m/crtbegin.o

.eh_frame_hdr
 *(.eh_frame_hdr)

.eh_frame       0x00003c98        0x4
 *(.eh_frame)
 .eh_frame      0x00003c98        0x0 c:/program files (x86)/cypress/psoc creator/4.4/psoc creator/import/gnu/arm/5.4.1/bin/../lib/gcc/arm-none-eabi/5.4.1/armv7-m/crtbegin.o
 .eh_frame      0x00003c98        0x4 c:/program files (x86)/cypress/psoc creator/4.4/psoc creator/import/gnu/arm/5.4.1/bin/../lib/gcc/arm-none-eabi/5.4.1/armv7-m/crtend.o
                [!provide]                PROVIDE (__exidx_start, .)

.ARM.exidx
 *(.ARM.exidx* .gnu.linkonce.armexidx.*)
                0x00003c9c                __exidx_end = .

.rodata         0x00003ca0      0x1e0
 *(.rodata .rodata.* .gnu.linkonce.r.*)
 .rodata        0x00003ca0       0x44 .\CortexM3\ARM_GCC_541\Debug\cyfitter_cfg.o
 .rodata.str1.4
                0x00003ce4        0x8 .\CortexM3\ARM_GCC_541\Debug\Transductor.a(Chart_1.o)
                                  0x5 (size before relaxing)
 .rodata.str1.1
                0x00003cec        0x2 c:/program files (x86)/cypress/psoc creator/4.4/psoc creator/import/gnu/arm/5.4.1/bin/../lib/gcc/arm-none-eabi/5.4.1/../../../../arm-none-eabi/lib/armv7-m\libg_nano.a(lib_a-impure.o)
 .rodata.str1.1
                0x00003cee       0x12 c:/program files (x86)/cypress/psoc creator/4.4/psoc creator/import/gnu/arm/5.4.1/bin/../lib/gcc/arm-none-eabi/5.4.1/../../../../arm-none-eabi/lib/armv7-m\libg_nano.a(lib_a-nano-vfprintf_float.o)
 .rodata.str1.1
                0x00003d00       0x22 c:/program files (x86)/cypress/psoc creator/4.4/psoc creator/import/gnu/arm/5.4.1/bin/../lib/gcc/arm-none-eabi/5.4.1/../../../../arm-none-eabi/lib/armv7-m\libg_nano.a(lib_a-nano-vfprintf_i.o)
 .rodata.str1.1
                0x00003d22        0xd c:/program files (x86)/cypress/psoc creator/4.4/psoc creator/import/gnu/arm/5.4.1/bin/../lib/gcc/arm-none-eabi/5.4.1/../../../../arm-none-eabi/lib/armv7-m\libg_nano.a(lib_a-dtoa.o)
                                  0xf (size before relaxing)
 .rodata.str1.1
                0x00003d2f        0x8 c:/program files (x86)/cypress/psoc creator/4.4/psoc creator/import/gnu/arm/5.4.1/bin/../lib/gcc/arm-none-eabi/5.4.1/../../../../arm-none-eabi/lib/armv7-m\libg_nano.a(lib_a-locale.o)
                                  0xb (size before relaxing)
 *fill*         0x00003d37        0x1 
 .rodata.__mprec_tens
                0x00003d38       0xc8 c:/program files (x86)/cypress/psoc creator/4.4/psoc creator/import/gnu/arm/5.4.1/bin/../lib/gcc/arm-none-eabi/5.4.1/../../../../arm-none-eabi/lib/armv7-m\libg_nano.a(lib_a-mprec.o)
                0x00003d38                __mprec_tens
 .rodata.p05.5408
                0x00003e00        0xc c:/program files (x86)/cypress/psoc creator/4.4/psoc creator/import/gnu/arm/5.4.1/bin/../lib/gcc/arm-none-eabi/5.4.1/../../../../arm-none-eabi/lib/armv7-m\libg_nano.a(lib_a-mprec.o)
 *fill*         0x00003e0c        0x4 
 .rodata.__mprec_bigtens
                0x00003e10       0x28 c:/program files (x86)/cypress/psoc creator/4.4/psoc creator/import/gnu/arm/5.4.1/bin/../lib/gcc/arm-none-eabi/5.4.1/../../../../arm-none-eabi/lib/armv7-m\libg_nano.a(lib_a-mprec.o)
                0x00003e10                __mprec_bigtens
 .rodata.str1.1
                0x00003e38       0x11 c:/program files (x86)/cypress/psoc creator/4.4/psoc creator/import/gnu/arm/5.4.1/bin/../lib/gcc/arm-none-eabi/5.4.1/../../../../arm-none-eabi/lib/armv7-m\libg_nano.a(lib_a-nano-svfprintf.o)
                0x00003e4c                . = ALIGN (0x4)
 *fill*         0x00003e49        0x3 
 *(.init)
 .init          0x00003e4c        0x4 c:/program files (x86)/cypress/psoc creator/4.4/psoc creator/import/gnu/arm/5.4.1/bin/../lib/gcc/arm-none-eabi/5.4.1/armv7-m/crti.o
                0x00003e4c                _init
 .init          0x00003e50        0x8 c:/program files (x86)/cypress/psoc creator/4.4/psoc creator/import/gnu/arm/5.4.1/bin/../lib/gcc/arm-none-eabi/5.4.1/armv7-m/crtn.o
                0x00003e58                . = ALIGN (0x4)
                0x00003e58                __preinit_array_start = .
 *(.preinit_array)
                0x00003e58                __preinit_array_end = .
                0x00003e58                . = ALIGN (0x4)
                0x00003e58                __init_array_start = .
 *(SORT(.init_array.*))
 *(.init_array)
 .init_array    0x00003e58        0x4 c:/program files (x86)/cypress/psoc creator/4.4/psoc creator/import/gnu/arm/5.4.1/bin/../lib/gcc/arm-none-eabi/5.4.1/armv7-m/crtbegin.o
 .init_array    0x00003e5c        0x4 .\CortexM3\ARM_GCC_541\Debug\Cm3Start.o
                0x00003e60                __init_array_end = .
                0x00003e60                . = ALIGN (0x4)
 *(.fini)
 .fini          0x00003e60        0x4 c:/program files (x86)/cypress/psoc creator/4.4/psoc creator/import/gnu/arm/5.4.1/bin/../lib/gcc/arm-none-eabi/5.4.1/armv7-m/crti.o
                0x00003e60                _fini
 .fini          0x00003e64        0x8 c:/program files (x86)/cypress/psoc creator/4.4/psoc creator/import/gnu/arm/5.4.1/bin/../lib/gcc/arm-none-eabi/5.4.1/armv7-m/crtn.o
                0x00003e6c                . = ALIGN (0x4)
                0x00003e6c                __fini_array_start = .
 *(.fini_array)
 .fini_array    0x00003e6c        0x4 c:/program files (x86)/cypress/psoc creator/4.4/psoc creator/import/gnu/arm/5.4.1/bin/../lib/gcc/arm-none-eabi/5.4.1/armv7-m/crtbegin.o
 *(SORT(.fini_array.*))
                0x00003e70                __fini_array_end = .
                0x00003e70                . = ALIGN (0x4)
 *crtbegin.o(.ctors)
 *(EXCLUDE_FILE(*crtend.o) .ctors)
 *(SORT(.ctors.*))
 *crtend.o(.ctors)
                0x00003e70                . = ALIGN (0x4)
 *crtbegin.o(.dtors)
 *(EXCLUDE_FILE(*crtend.o) .dtors)
 *(SORT(.dtors.*))
 *crtend.o(.dtors)
                0x00003e70                . = ALIGN (0x4)
                0x00003e70                __cy_regions = .
                0x00003e70        0x4 LONG 0x3e80 __cy_region_init_ram
                0x00003e74        0x4 LONG 0x1fff80c8 __cy_region_start_data
                0x00003e78        0x4 LONG 0xc8 __cy_region_init_size_ram
                0x00003e7c        0x4 LONG 0x2f30 __cy_region_zero_size_ram
                0x00003e80                __cy_regions_end = .
                0x00003e80                . = ALIGN (0x8)
                0x00003e80                _etext = .

.cy_checksum_exclude
                0x00003e80        0x0
 *(.cy_checksum_exclude)

.ramvectors     0x1fff8000       0xc0
                0x1fff8000                __cy_region_start_ram = .
 *(.ramvectors)
 .ramvectors    0x1fff8000       0xc0 .\CortexM3\ARM_GCC_541\Debug\Cm3Start.o
                0x1fff8000                CyRamVectors

.noinit         0x1fff80c0        0x1
 *(.noinit)
 .noinit        0x1fff80c0        0x1 .\CortexM3\ARM_GCC_541\Debug\Transductor.a(CyLib.o)
                0x1fff80c0                CyResetStatus

.data           0x1fff80c8       0xc8 load address 0x00003e80
                0x1fff80c8                __cy_region_start_data = .
 *(.jcr)
 .jcr           0x1fff80c8        0x0 c:/program files (x86)/cypress/psoc creator/4.4/psoc creator/import/gnu/arm/5.4.1/bin/../lib/gcc/arm-none-eabi/5.4.1/armv7-m/crtbegin.o
 .jcr           0x1fff80c8        0x4 c:/program files (x86)/cypress/psoc creator/4.4/psoc creator/import/gnu/arm/5.4.1/bin/../lib/gcc/arm-none-eabi/5.4.1/armv7-m/crtend.o
 *(.got.plt)
 *(.got)
 *(.shdata)
 *(.data .data.* .gnu.linkonce.d.*)
 .data          0x1fff80cc        0x1 .\CortexM3\ARM_GCC_541\Debug\main.o
                0x1fff80cc                flag
 *fill*         0x1fff80cd        0x3 
 .data          0x1fff80d0        0x4 .\CortexM3\ARM_GCC_541\Debug\Cm3Start.o
 .data          0x1fff80d4        0x8 .\CortexM3\ARM_GCC_541\Debug\Transductor.a(CyDmac.o)
 .data          0x1fff80dc       0x10 .\CortexM3\ARM_GCC_541\Debug\Transductor.a(CyLib.o)
                0x1fff80dc                cydelay_32k_ms
                0x1fff80e0                cydelay_freq_khz
                0x1fff80e4                cydelay_freq_mhz
                0x1fff80e8                cydelay_freq_hz
 .data          0x1fff80ec        0x1 .\CortexM3\ARM_GCC_541\Debug\Transductor.a(DMA_1_dma.o)
                0x1fff80ec                DMA_1_DmaHandle
 *fill*         0x1fff80ed        0x3 
 .data.impure_data
                0x1fff80f0       0x60 c:/program files (x86)/cypress/psoc creator/4.4/psoc creator/import/gnu/arm/5.4.1/bin/../lib/gcc/arm-none-eabi/5.4.1/../../../../arm-none-eabi/lib/armv7-m\libg_nano.a(lib_a-impure.o)
 .data._impure_ptr
                0x1fff8150        0x4 c:/program files (x86)/cypress/psoc creator/4.4/psoc creator/import/gnu/arm/5.4.1/bin/../lib/gcc/arm-none-eabi/5.4.1/../../../../arm-none-eabi/lib/armv7-m\libg_nano.a(lib_a-impure.o)
                0x1fff8150                _impure_ptr
 .data.lconv    0x1fff8154       0x38 c:/program files (x86)/cypress/psoc creator/4.4/psoc creator/import/gnu/arm/5.4.1/bin/../lib/gcc/arm-none-eabi/5.4.1/../../../../arm-none-eabi/lib/armv7-m\libg_nano.a(lib_a-locale.o)
                0x1fff8190                . = ALIGN (0x8)
 *fill*         0x1fff818c        0x4 
 *(.ram)
                0x1fff8190                _edata = .

.igot.plt       0x1fff8190        0x0 load address 0x00003f48
 .igot.plt      0x1fff8190        0x0 c:/program files (x86)/cypress/psoc creator/4.4/psoc creator/import/gnu/arm/5.4.1/bin/../lib/gcc/arm-none-eabi/5.4.1/armv7-m/crtbegin.o

.bss            0x1fff8190     0x2f30 load address 0x00003f48
                0x1fff8190                PROVIDE (__bss_start__, .)
 *(.shbss)
 *(.bss .bss.* .gnu.linkonce.b.*)
 .bss           0x1fff8190       0x1c c:/program files (x86)/cypress/psoc creator/4.4/psoc creator/import/gnu/arm/5.4.1/bin/../lib/gcc/arm-none-eabi/5.4.1/armv7-m/crtbegin.o
 .bss           0x1fff81ac        0x1 .\CortexM3\ARM_GCC_541\Debug\Transductor.a(TIA_1.o)
                0x1fff81ac                TIA_1_initVar
 .bss           0x1fff81ad        0x1 .\CortexM3\ARM_GCC_541\Debug\Transductor.a(TIA_2.o)
                0x1fff81ad                TIA_2_initVar
 .bss           0x1fff81ae        0x1 .\CortexM3\ARM_GCC_541\Debug\Transductor.a(ADC_SAR_1.o)
                0x1fff81ae                ADC_SAR_1_initVar
 .bss           0x1fff81af        0x2 .\CortexM3\ARM_GCC_541\Debug\Transductor.a(UART_1.o)
                0x1fff81af                UART_1_initVar
 .bss           0x1fff81b1        0x1 .\CortexM3\ARM_GCC_541\Debug\Transductor.a(Opamp_1.o)
                0x1fff81b1                Opamp_1_initVar
 *fill*         0x1fff81b2        0x2 
 .bss.__malloc_sbrk_start
                0x1fff81b4        0x4 c:/program files (x86)/cypress/psoc creator/4.4/psoc creator/import/gnu/arm/5.4.1/bin/../lib/gcc/arm-none-eabi/5.4.1/../../../../arm-none-eabi/lib/armv7-m\libg_nano.a(lib_a-nano-mallocr.o)
                0x1fff81b4                __malloc_sbrk_start
 .bss.__malloc_free_list
                0x1fff81b8        0x4 c:/program files (x86)/cypress/psoc creator/4.4/psoc creator/import/gnu/arm/5.4.1/bin/../lib/gcc/arm-none-eabi/5.4.1/../../../../arm-none-eabi/lib/armv7-m\libg_nano.a(lib_a-nano-mallocr.o)
                0x1fff81b8                __malloc_free_list
 *(COMMON)
 COMMON         0x1fff81bc     0x2eed .\CortexM3\ARM_GCC_541\Debug\main.o
                0x1fff81bc                DMA_1_TD
                0x1fff81c0                j
                0x1fff81c4                datos
                0x1fff9164                DMA_2_TD
                0x1fff9165                DMA_2_Chan
                0x1fff9168                y
                0x1fffb0a8                DMA_1_Chan
 *fill*         0x1fffb0a9        0x3 
 COMMON         0x1fffb0ac        0xa .\CortexM3\ARM_GCC_541\Debug\Transductor.a(ADC_SAR_1.o)
                0x1fffb0ac                ADC_SAR_1_countsPerVolt
                0x1fffb0ae                ADC_SAR_1_shift
                0x1fffb0b0                ADC_SAR_1_countsPer10Volt
                0x1fffb0b4                ADC_SAR_1_offset
 *fill*         0x1fffb0b6        0x2 
 COMMON         0x1fffb0b8        0x4 c:/program files (x86)/cypress/psoc creator/4.4/psoc creator/import/gnu/arm/5.4.1/bin/../lib/gcc/arm-none-eabi/5.4.1/../../../../arm-none-eabi/lib/armv7-m\libg_nano.a(lib_a-reent.o)
                0x1fffb0b8                errno
                0x1fffb0c0                . = ALIGN (0x8)
 *fill*         0x1fffb0bc        0x4 
 *(.ram.b)
                0x1fffb0c0                _end = .
                0x1fffb0c0                __end = .
                0x1fffb0c0                PROVIDE (end, .)
                0x1fffb0c0                PROVIDE (__bss_end__, .)
                0x00003e80                __cy_region_init_ram = LOADADDR (.data)
                0x000000c8                __cy_region_init_size_ram = (_edata - ADDR (.data))
                0x00002f30                __cy_region_zero_size_ram = (_end - _edata)

.heap           0x1fffb0c0      0x300 load address 0x00003f48
                0x1fffb0c0                . = _end
                0x1fffb3c0                . = (. + 0x300)
 *fill*         0x1fffb0c0      0x300 
                0x1fffb3c0                __cy_heap_limit = .

.stack          0x20007800      0x800
                0x20007800                __cy_stack_limit = .
                0x20008000                . = (. + 0x800)
 *fill*         0x20007800      0x800 
                0x00000001                ASSERT ((__cy_stack_limit >= __cy_heap_limit), region RAM overflowed with stack)
                0x00000000                cy_checksum_exclude_size = (CY_APPL_LOADABLE == 0x1)?SIZEOF (.cy_checksum_exclude):0x0
                0x00000001                ASSERT ((cy_checksum_exclude_size <= CY_CHECKSUM_EXCLUDE_SIZE), CY_BOOT: Section .cy_checksum_exclude size exceedes specified limit.)

.cyloadermeta
 *(.cyloadermeta)

.cyloadablemeta
 *(.cyloadablemeta)

.cyconfigecc    0x80000000      0x49c
 *(.cyconfigecc)
 .cyconfigecc   0x80000000      0x49c .\CortexM3\ARM_GCC_541\Debug\cymetadata.o
                0x80000000                cy_meta_configecc

.cycustnvl      0x90000000        0x4
 *(.cycustnvl)
 .cycustnvl     0x90000000        0x4 .\CortexM3\ARM_GCC_541\Debug\cymetadata.o
                0x90000000                cy_meta_custnvl

.cywolatch      0x90100000        0x4
 *(.cywolatch)
 .cywolatch     0x90100000        0x4 .\CortexM3\ARM_GCC_541\Debug\cymetadata.o
                0x90100000                cy_meta_wonvl

.cyeeprom       0x90200000        0x0
 *(.cyeeprom)
                0x00000001                ASSERT ((. <= ((0x90200000 + ee_offset) + ee_size)), .cyeeprom data will not fit in EEPROM)

.cyflashprotect
                0x90400000      0x100
 *(.cyflashprotect)
 .cyflashprotect
                0x90400000      0x100 .\CortexM3\ARM_GCC_541\Debug\cymetadata.o
                0x90400000                cy_meta_flashprotect

.cymeta         0x90500000        0xc
 *(.cymeta)
 .cymeta        0x90500000        0xc .\CortexM3\ARM_GCC_541\Debug\cymetadata.o
                0x90500000                cy_metadata

.rel.dyn        0x00003f48        0x0 load address 0x9050000c
 .rel.iplt      0x00003f48        0x0 c:/program files (x86)/cypress/psoc creator/4.4/psoc creator/import/gnu/arm/5.4.1/bin/../lib/gcc/arm-none-eabi/5.4.1/armv7-m/crtbegin.o

.stab
 *(.stab)

.stabstr
 *(.stabstr)

.debug
 *(.debug)

.line
 *(.line)

.debug_srcinfo
 *(.debug_srcinfo)

.debug_sfnames
 *(.debug_sfnames)

.debug_aranges  0x00000000      0xbb8
 *(.debug_aranges)
 .debug_aranges
                0x00000000       0x38 .\CortexM3\ARM_GCC_541\Debug\main.o
 .debug_aranges
                0x00000038       0x48 .\CortexM3\ARM_GCC_541\Debug\er.o
 .debug_aranges
                0x00000080       0x58 .\CortexM3\ARM_GCC_541\Debug\cyfitter_cfg.o
 .debug_aranges
                0x000000d8       0x18 .\CortexM3\ARM_GCC_541\Debug\cymetadata.o
 .debug_aranges
                0x000000f0       0x48 .\CortexM3\ARM_GCC_541\Debug\Cm3Start.o
 .debug_aranges
                0x00000138       0x50 .\CortexM3\ARM_GCC_541\Debug\Transductor.a(TIA_1.o)
 .debug_aranges
                0x00000188       0x50 .\CortexM3\ARM_GCC_541\Debug\Transductor.a(TIA_2.o)
 .debug_aranges
                0x000001d8       0xd8 .\CortexM3\ARM_GCC_541\Debug\Transductor.a(CyDmac.o)
 .debug_aranges
                0x000002b0      0x2a0 .\CortexM3\ARM_GCC_541\Debug\Transductor.a(CyLib.o)
 .debug_aranges
                0x00000550       0x98 .\CortexM3\ARM_GCC_541\Debug\Transductor.a(cyPm.o)
 .debug_aranges
                0x000005e8       0x98 .\CortexM3\ARM_GCC_541\Debug\Transductor.a(ADC_SAR_1.o)
 .debug_aranges
                0x00000680       0x20 .\CortexM3\ARM_GCC_541\Debug\Transductor.a(ADC_SAR_1_INT.o)
 .debug_aranges
                0x000006a0       0x28 .\CortexM3\ARM_GCC_541\Debug\Transductor.a(DMA_1_dma.o)
 .debug_aranges
                0x000006c8       0x80 .\CortexM3\ARM_GCC_541\Debug\Transductor.a(ADC_SAR_1_theACLK.o)
 .debug_aranges
                0x00000748       0x20 .\CortexM3\ARM_GCC_541\Debug\Transductor.a(Chart_1.o)
 .debug_aranges
                0x00000768       0x80 .\CortexM3\ARM_GCC_541\Debug\Transductor.a(isr_Fin_Adq.o)
 .debug_aranges
                0x000007e8       0x70 .\CortexM3\ARM_GCC_541\Debug\Transductor.a(Clock_ADC.o)
 .debug_aranges
                0x00000858       0x70 .\CortexM3\ARM_GCC_541\Debug\Transductor.a(Clock_Trig.o)
 .debug_aranges
                0x000008c8       0xf0 .\CortexM3\ARM_GCC_541\Debug\Transductor.a(UART_1.o)
 .debug_aranges
                0x000009b8       0x28 .\CortexM3\ARM_GCC_541\Debug\Transductor.a(Reg_Hab_Adq.o)
 .debug_aranges
                0x000009e0       0x70 .\CortexM3\ARM_GCC_541\Debug\Transductor.a(UART_1_IntClock.o)
 .debug_aranges
                0x00000a50       0x40 .\CortexM3\ARM_GCC_541\Debug\Transductor.a(Opamp_1.o)
 .debug_aranges
                0x00000a90       0x20 .\CortexM3\ARM_GCC_541\Debug\Transductor.a(CyBootAsmGnu.o)
 .debug_aranges
                0x00000ab0       0x88 .\CortexM3\ARM_GCC_541\Debug\Transductor.a(CyFlash.o)
 .debug_aranges
                0x00000b38       0x80 .\CortexM3\ARM_GCC_541\Debug\Transductor.a(CySpc.o)

.debug_pubnames
 *(.debug_pubnames)

.debug_info     0x00000000     0x68a5
 *(.debug_info .gnu.linkonce.wi.*)
 .debug_info    0x00000000      0x465 .\CortexM3\ARM_GCC_541\Debug\main.o
 .debug_info    0x00000465      0x39a .\CortexM3\ARM_GCC_541\Debug\er.o
 .debug_info    0x000007ff      0x66d .\CortexM3\ARM_GCC_541\Debug\cyfitter_cfg.o
 .debug_info    0x00000e6c      0x136 .\CortexM3\ARM_GCC_541\Debug\cymetadata.o
 .debug_info    0x00000fa2      0x3cf .\CortexM3\ARM_GCC_541\Debug\Cm3Start.o
 .debug_info    0x00001371      0x1d5 .\CortexM3\ARM_GCC_541\Debug\Transductor.a(TIA_1.o)
 .debug_info    0x00001546      0x1d5 .\CortexM3\ARM_GCC_541\Debug\Transductor.a(TIA_2.o)
 .debug_info    0x0000171b      0x94e .\CortexM3\ARM_GCC_541\Debug\Transductor.a(CyDmac.o)
 .debug_info    0x00002069     0x1374 .\CortexM3\ARM_GCC_541\Debug\Transductor.a(CyLib.o)
 .debug_info    0x000033dd      0xa2a .\CortexM3\ARM_GCC_541\Debug\Transductor.a(cyPm.o)
 .debug_info    0x00003e07      0x59c .\CortexM3\ARM_GCC_541\Debug\Transductor.a(ADC_SAR_1.o)
 .debug_info    0x000043a3       0x92 .\CortexM3\ARM_GCC_541\Debug\Transductor.a(ADC_SAR_1_INT.o)
 .debug_info    0x00004435      0x1aa .\CortexM3\ARM_GCC_541\Debug\Transductor.a(DMA_1_dma.o)
 .debug_info    0x000045df      0x2c4 .\CortexM3\ARM_GCC_541\Debug\Transductor.a(ADC_SAR_1_theACLK.o)
 .debug_info    0x000048a3      0x147 .\CortexM3\ARM_GCC_541\Debug\Transductor.a(Chart_1.o)
 .debug_info    0x000049ea      0x2d2 .\CortexM3\ARM_GCC_541\Debug\Transductor.a(isr_Fin_Adq.o)
 .debug_info    0x00004cbc      0x283 .\CortexM3\ARM_GCC_541\Debug\Transductor.a(Clock_ADC.o)
 .debug_info    0x00004f3f      0x283 .\CortexM3\ARM_GCC_541\Debug\Transductor.a(Clock_Trig.o)
 .debug_info    0x000051c2      0x60c .\CortexM3\ARM_GCC_541\Debug\Transductor.a(UART_1.o)
 .debug_info    0x000057ce       0xd6 .\CortexM3\ARM_GCC_541\Debug\Transductor.a(Reg_Hab_Adq.o)
 .debug_info    0x000058a4      0x283 .\CortexM3\ARM_GCC_541\Debug\Transductor.a(UART_1_IntClock.o)
 .debug_info    0x00005b27      0x151 .\CortexM3\ARM_GCC_541\Debug\Transductor.a(Opamp_1.o)
 .debug_info    0x00005c78       0x90 .\CortexM3\ARM_GCC_541\Debug\Transductor.a(CyBootAsmGnu.o)
 .debug_info    0x00005d08      0x64d .\CortexM3\ARM_GCC_541\Debug\Transductor.a(CyFlash.o)
 .debug_info    0x00006355      0x550 .\CortexM3\ARM_GCC_541\Debug\Transductor.a(CySpc.o)

.debug_abbrev   0x00000000     0x1e01
 *(.debug_abbrev)
 .debug_abbrev  0x00000000      0x112 .\CortexM3\ARM_GCC_541\Debug\main.o
 .debug_abbrev  0x00000112      0x130 .\CortexM3\ARM_GCC_541\Debug\er.o
 .debug_abbrev  0x00000242      0x20d .\CortexM3\ARM_GCC_541\Debug\cyfitter_cfg.o
 .debug_abbrev  0x0000044f       0x77 .\CortexM3\ARM_GCC_541\Debug\cymetadata.o
 .debug_abbrev  0x000004c6      0x1e8 .\CortexM3\ARM_GCC_541\Debug\Cm3Start.o
 .debug_abbrev  0x000006ae       0xf7 .\CortexM3\ARM_GCC_541\Debug\Transductor.a(TIA_1.o)
 .debug_abbrev  0x000007a5       0xf7 .\CortexM3\ARM_GCC_541\Debug\Transductor.a(TIA_2.o)
 .debug_abbrev  0x0000089c      0x1b2 .\CortexM3\ARM_GCC_541\Debug\Transductor.a(CyDmac.o)
 .debug_abbrev  0x00000a4e      0x254 .\CortexM3\ARM_GCC_541\Debug\Transductor.a(CyLib.o)
 .debug_abbrev  0x00000ca2      0x1ab .\CortexM3\ARM_GCC_541\Debug\Transductor.a(cyPm.o)
 .debug_abbrev  0x00000e4d      0x194 .\CortexM3\ARM_GCC_541\Debug\Transductor.a(ADC_SAR_1.o)
 .debug_abbrev  0x00000fe1       0x42 .\CortexM3\ARM_GCC_541\Debug\Transductor.a(ADC_SAR_1_INT.o)
 .debug_abbrev  0x00001023       0xcd .\CortexM3\ARM_GCC_541\Debug\Transductor.a(DMA_1_dma.o)
 .debug_abbrev  0x000010f0      0x121 .\CortexM3\ARM_GCC_541\Debug\Transductor.a(ADC_SAR_1_theACLK.o)
 .debug_abbrev  0x00001211       0xdb .\CortexM3\ARM_GCC_541\Debug\Transductor.a(Chart_1.o)
 .debug_abbrev  0x000012ec      0x173 .\CortexM3\ARM_GCC_541\Debug\Transductor.a(isr_Fin_Adq.o)
 .debug_abbrev  0x0000145f      0x139 .\CortexM3\ARM_GCC_541\Debug\Transductor.a(Clock_ADC.o)
 .debug_abbrev  0x00001598      0x139 .\CortexM3\ARM_GCC_541\Debug\Transductor.a(Clock_Trig.o)
 .debug_abbrev  0x000016d1      0x175 .\CortexM3\ARM_GCC_541\Debug\Transductor.a(UART_1.o)
 .debug_abbrev  0x00001846       0x81 .\CortexM3\ARM_GCC_541\Debug\Transductor.a(Reg_Hab_Adq.o)
 .debug_abbrev  0x000018c7      0x139 .\CortexM3\ARM_GCC_541\Debug\Transductor.a(UART_1_IntClock.o)
 .debug_abbrev  0x00001a00       0xb2 .\CortexM3\ARM_GCC_541\Debug\Transductor.a(Opamp_1.o)
 .debug_abbrev  0x00001ab2       0x14 .\CortexM3\ARM_GCC_541\Debug\Transductor.a(CyBootAsmGnu.o)
 .debug_abbrev  0x00001ac6      0x1a7 .\CortexM3\ARM_GCC_541\Debug\Transductor.a(CyFlash.o)
 .debug_abbrev  0x00001c6d      0x194 .\CortexM3\ARM_GCC_541\Debug\Transductor.a(CySpc.o)

.debug_line     0x00000000     0x2f9c
 *(.debug_line)
 .debug_line    0x00000000      0x28c .\CortexM3\ARM_GCC_541\Debug\main.o
 .debug_line    0x0000028c      0x2a1 .\CortexM3\ARM_GCC_541\Debug\er.o
 .debug_line    0x0000052d      0x216 .\CortexM3\ARM_GCC_541\Debug\cyfitter_cfg.o
 .debug_line    0x00000743      0x141 .\CortexM3\ARM_GCC_541\Debug\cymetadata.o
 .debug_line    0x00000884      0x241 .\CortexM3\ARM_GCC_541\Debug\Cm3Start.o
 .debug_line    0x00000ac5       0xd7 .\CortexM3\ARM_GCC_541\Debug\Transductor.a(TIA_1.o)
 .debug_line    0x00000b9c       0xd7 .\CortexM3\ARM_GCC_541\Debug\Transductor.a(TIA_2.o)
 .debug_line    0x00000c73      0x2e4 .\CortexM3\ARM_GCC_541\Debug\Transductor.a(CyDmac.o)
 .debug_line    0x00000f57      0x816 .\CortexM3\ARM_GCC_541\Debug\Transductor.a(CyLib.o)
 .debug_line    0x0000176d      0x367 .\CortexM3\ARM_GCC_541\Debug\Transductor.a(cyPm.o)
 .debug_line    0x00001ad4      0x1fe .\CortexM3\ARM_GCC_541\Debug\Transductor.a(ADC_SAR_1.o)
 .debug_line    0x00001cd2       0x56 .\CortexM3\ARM_GCC_541\Debug\Transductor.a(ADC_SAR_1_INT.o)
 .debug_line    0x00001d28       0x82 .\CortexM3\ARM_GCC_541\Debug\Transductor.a(DMA_1_dma.o)
 .debug_line    0x00001daa      0x1a3 .\CortexM3\ARM_GCC_541\Debug\Transductor.a(ADC_SAR_1_theACLK.o)
 .debug_line    0x00001f4d      0x1eb .\CortexM3\ARM_GCC_541\Debug\Transductor.a(Chart_1.o)
 .debug_line    0x00002138      0x138 .\CortexM3\ARM_GCC_541\Debug\Transductor.a(isr_Fin_Adq.o)
 .debug_line    0x00002270      0x178 .\CortexM3\ARM_GCC_541\Debug\Transductor.a(Clock_ADC.o)
 .debug_line    0x000023e8      0x179 .\CortexM3\ARM_GCC_541\Debug\Transductor.a(Clock_Trig.o)
 .debug_line    0x00002561      0x2c0 .\CortexM3\ARM_GCC_541\Debug\Transductor.a(UART_1.o)
 .debug_line    0x00002821       0x73 .\CortexM3\ARM_GCC_541\Debug\Transductor.a(Reg_Hab_Adq.o)
 .debug_line    0x00002894      0x17e .\CortexM3\ARM_GCC_541\Debug\Transductor.a(UART_1_IntClock.o)
 .debug_line    0x00002a12       0xaa .\CortexM3\ARM_GCC_541\Debug\Transductor.a(Opamp_1.o)
 .debug_line    0x00002abc       0x66 .\CortexM3\ARM_GCC_541\Debug\Transductor.a(CyBootAsmGnu.o)
 .debug_line    0x00002b22      0x21a .\CortexM3\ARM_GCC_541\Debug\Transductor.a(CyFlash.o)
 .debug_line    0x00002d3c      0x260 .\CortexM3\ARM_GCC_541\Debug\Transductor.a(CySpc.o)

.debug_frame    0x00000000     0x24e8
 *(.debug_frame)
 .debug_frame   0x00000000       0x84 .\CortexM3\ARM_GCC_541\Debug\main.o
 .debug_frame   0x00000084       0xd8 .\CortexM3\ARM_GCC_541\Debug\er.o
 .debug_frame   0x0000015c       0xfc .\CortexM3\ARM_GCC_541\Debug\cyfitter_cfg.o
 .debug_frame   0x00000258       0xb8 .\CortexM3\ARM_GCC_541\Debug\Cm3Start.o
 .debug_frame   0x00000310       0x98 .\CortexM3\ARM_GCC_541\Debug\Transductor.a(TIA_1.o)
 .debug_frame   0x000003a8       0x98 .\CortexM3\ARM_GCC_541\Debug\Transductor.a(TIA_2.o)
 .debug_frame   0x00000440      0x1f8 .\CortexM3\ARM_GCC_541\Debug\Transductor.a(CyDmac.o)
 .debug_frame   0x00000638      0x738 .\CortexM3\ARM_GCC_541\Debug\Transductor.a(CyLib.o)
 .debug_frame   0x00000d70      0x1f8 .\CortexM3\ARM_GCC_541\Debug\Transductor.a(cyPm.o)
 .debug_frame   0x00000f68      0x190 .\CortexM3\ARM_GCC_541\Debug\Transductor.a(ADC_SAR_1.o)
 .debug_frame   0x000010f8       0x20 .\CortexM3\ARM_GCC_541\Debug\Transductor.a(ADC_SAR_1_INT.o)
 .debug_frame   0x00001118       0x54 .\CortexM3\ARM_GCC_541\Debug\Transductor.a(DMA_1_dma.o)
 .debug_frame   0x0000116c      0x100 .\CortexM3\ARM_GCC_541\Debug\Transductor.a(ADC_SAR_1_theACLK.o)
 .debug_frame   0x0000126c       0x2c .\CortexM3\ARM_GCC_541\Debug\Transductor.a(Chart_1.o)
 .debug_frame   0x00001298      0x104 .\CortexM3\ARM_GCC_541\Debug\Transductor.a(isr_Fin_Adq.o)
 .debug_frame   0x0000139c       0xe0 .\CortexM3\ARM_GCC_541\Debug\Transductor.a(Clock_ADC.o)
 .debug_frame   0x0000147c       0xe0 .\CortexM3\ARM_GCC_541\Debug\Transductor.a(Clock_Trig.o)
 .debug_frame   0x0000155c      0x250 .\CortexM3\ARM_GCC_541\Debug\Transductor.a(UART_1.o)
 .debug_frame   0x000017ac       0x30 .\CortexM3\ARM_GCC_541\Debug\Transductor.a(Reg_Hab_Adq.o)
 .debug_frame   0x000017dc       0xe0 .\CortexM3\ARM_GCC_541\Debug\Transductor.a(UART_1_IntClock.o)
 .debug_frame   0x000018bc       0x78 .\CortexM3\ARM_GCC_541\Debug\Transductor.a(Opamp_1.o)
 .debug_frame   0x00001934      0x194 .\CortexM3\ARM_GCC_541\Debug\Transductor.a(CyFlash.o)
 .debug_frame   0x00001ac8      0x180 .\CortexM3\ARM_GCC_541\Debug\Transductor.a(CySpc.o)
 .debug_frame   0x00001c48       0x44 c:/program files (x86)/cypress/psoc creator/4.4/psoc creator/import/gnu/arm/5.4.1/bin/../lib/gcc/arm-none-eabi/5.4.1/armv7-m\libgcc.a(_aeabi_ldivmod.o)
 .debug_frame   0x00001c8c       0x38 c:/program files (x86)/cypress/psoc creator/4.4/psoc creator/import/gnu/arm/5.4.1/bin/../lib/gcc/arm-none-eabi/5.4.1/armv7-m\libgcc.a(_udivmoddi4.o)
 .debug_frame   0x00001cc4       0x20 c:/program files (x86)/cypress/psoc creator/4.4/psoc creator/import/gnu/arm/5.4.1/bin/../lib/gcc/arm-none-eabi/5.4.1/../../../../arm-none-eabi/lib/armv7-m\libg_nano.a(lib_a-errno.o)
 .debug_frame   0x00001ce4       0x28 c:/program files (x86)/cypress/psoc creator/4.4/psoc creator/import/gnu/arm/5.4.1/bin/../lib/gcc/arm-none-eabi/5.4.1/../../../../arm-none-eabi/lib/armv7-m\libg_nano.a(lib_a-exit.o)
 .debug_frame   0x00001d0c       0x2c c:/program files (x86)/cypress/psoc creator/4.4/psoc creator/import/gnu/arm/5.4.1/bin/../lib/gcc/arm-none-eabi/5.4.1/../../../../arm-none-eabi/lib/armv7-m\libg_nano.a(lib_a-init.o)
 .debug_frame   0x00001d38       0x28 c:/program files (x86)/cypress/psoc creator/4.4/psoc creator/import/gnu/arm/5.4.1/bin/../lib/gcc/arm-none-eabi/5.4.1/../../../../arm-none-eabi/lib/armv7-m\libg_nano.a(lib_a-memcpy-stub.o)
 .debug_frame   0x00001d60       0x20 c:/program files (x86)/cypress/psoc creator/4.4/psoc creator/import/gnu/arm/5.4.1/bin/../lib/gcc/arm-none-eabi/5.4.1/../../../../arm-none-eabi/lib/armv7-m\libg_nano.a(lib_a-memset.o)
 .debug_frame   0x00001d80       0x8c c:/program files (x86)/cypress/psoc creator/4.4/psoc creator/import/gnu/arm/5.4.1/bin/../lib/gcc/arm-none-eabi/5.4.1/../../../../arm-none-eabi/lib/armv7-m\libg_nano.a(lib_a-nano-vfprintf_float.o)
 .debug_frame   0x00001e0c       0x60 c:/program files (x86)/cypress/psoc creator/4.4/psoc creator/import/gnu/arm/5.4.1/bin/../lib/gcc/arm-none-eabi/5.4.1/../../../../arm-none-eabi/lib/armv7-m\libg_nano.a(lib_a-nano-vfprintf_i.o)
 .debug_frame   0x00001e6c       0x70 c:/program files (x86)/cypress/psoc creator/4.4/psoc creator/import/gnu/arm/5.4.1/bin/../lib/gcc/arm-none-eabi/5.4.1/../../../../arm-none-eabi/lib/armv7-m\libg_nano.a(lib_a-sprintf.o)
 .debug_frame   0x00001edc       0x6c c:/program files (x86)/cypress/psoc creator/4.4/psoc creator/import/gnu/arm/5.4.1/bin/../lib/gcc/arm-none-eabi/5.4.1/../../../../arm-none-eabi/lib/armv7-m\libg_nano.a(lib_a-dtoa.o)
 .debug_frame   0x00001f48       0x98 c:/program files (x86)/cypress/psoc creator/4.4/psoc creator/import/gnu/arm/5.4.1/bin/../lib/gcc/arm-none-eabi/5.4.1/../../../../arm-none-eabi/lib/armv7-m\libg_nano.a(lib_a-locale.o)
 .debug_frame   0x00001fe0       0x30 c:/program files (x86)/cypress/psoc creator/4.4/psoc creator/import/gnu/arm/5.4.1/bin/../lib/gcc/arm-none-eabi/5.4.1/../../../../arm-none-eabi/lib/armv7-m\libg_nano.a(lib_a-malloc.o)
 .debug_frame   0x00002010       0x28 c:/program files (x86)/cypress/psoc creator/4.4/psoc creator/import/gnu/arm/5.4.1/bin/../lib/gcc/arm-none-eabi/5.4.1/../../../../arm-none-eabi/lib/armv7-m\libg_nano.a(lib_a-memchr-stub.o)
 .debug_frame   0x00002038      0x234 c:/program files (x86)/cypress/psoc creator/4.4/psoc creator/import/gnu/arm/5.4.1/bin/../lib/gcc/arm-none-eabi/5.4.1/../../../../arm-none-eabi/lib/armv7-m\libg_nano.a(lib_a-mprec.o)
 .debug_frame   0x0000226c       0x2c c:/program files (x86)/cypress/psoc creator/4.4/psoc creator/import/gnu/arm/5.4.1/bin/../lib/gcc/arm-none-eabi/5.4.1/../../../../arm-none-eabi/lib/armv7-m\libg_nano.a(lib_a-nano-callocr.o)
 .debug_frame   0x00002298       0x38 c:/program files (x86)/cypress/psoc creator/4.4/psoc creator/import/gnu/arm/5.4.1/bin/../lib/gcc/arm-none-eabi/5.4.1/../../../../arm-none-eabi/lib/armv7-m\libg_nano.a(lib_a-nano-freer.o)
 .debug_frame   0x000022d0       0x2c c:/program files (x86)/cypress/psoc creator/4.4/psoc creator/import/gnu/arm/5.4.1/bin/../lib/gcc/arm-none-eabi/5.4.1/../../../../arm-none-eabi/lib/armv7-m\libg_nano.a(lib_a-nano-mallocr.o)
 .debug_frame   0x000022fc       0x90 c:/program files (x86)/cypress/psoc creator/4.4/psoc creator/import/gnu/arm/5.4.1/bin/../lib/gcc/arm-none-eabi/5.4.1/../../../../arm-none-eabi/lib/armv7-m\libg_nano.a(lib_a-nano-svfprintf.o)
 .debug_frame   0x0000238c       0x2c c:/program files (x86)/cypress/psoc creator/4.4/psoc creator/import/gnu/arm/5.4.1/bin/../lib/gcc/arm-none-eabi/5.4.1/../../../../arm-none-eabi/lib/armv7-m\libg_nano.a(lib_a-sbrkr.o)
 .debug_frame   0x000023b8       0x20 c:/program files (x86)/cypress/psoc creator/4.4/psoc creator/import/gnu/arm/5.4.1/bin/../lib/gcc/arm-none-eabi/5.4.1/../../../../arm-none-eabi/lib/armv7-m\libg_nano.a(lib_a-strcmp.o)
 .debug_frame   0x000023d8       0x28 c:/program files (x86)/cypress/psoc creator/4.4/psoc creator/import/gnu/arm/5.4.1/bin/../lib/gcc/arm-none-eabi/5.4.1/../../../../arm-none-eabi/lib/armv7-m\libg_nano.a(lib_a-memmove.o)
 .debug_frame   0x00002400       0x30 c:/program files (x86)/cypress/psoc creator/4.4/psoc creator/import/gnu/arm/5.4.1/bin/../lib/gcc/arm-none-eabi/5.4.1/../../../../arm-none-eabi/lib/armv7-m\libg_nano.a(lib_a-mlock.o)
 .debug_frame   0x00002430       0x3c c:/program files (x86)/cypress/psoc creator/4.4/psoc creator/import/gnu/arm/5.4.1/bin/../lib/gcc/arm-none-eabi/5.4.1/../../../../arm-none-eabi/lib/armv7-m\libg_nano.a(lib_a-nano-reallocr.o)
 .debug_frame   0x0000246c       0x5c c:/program files (x86)/cypress/psoc creator/4.4/psoc creator/import/gnu/arm/5.4.1/bin/../lib/gcc/arm-none-eabi/5.4.1/../../../../arm-none-eabi/lib/armv7-m\libg_nano.a(lib_a-reent.o)
 .debug_frame   0x000024c8       0x20 c:/program files (x86)/cypress/psoc creator/4.4/psoc creator/import/gnu/arm/5.4.1/bin/../lib/gcc/arm-none-eabi/5.4.1/../../../../arm-none-eabi/lib/armv7-m\libg_nano.a(lib_a-nano-msizer.o)

.debug_str      0x00000000     0x262f
 *(.debug_str)
 .debug_str     0x00000000      0x333 .\CortexM3\ARM_GCC_541\Debug\main.o
                                0x381 (size before relaxing)
 .debug_str     0x00000333       0x99 .\CortexM3\ARM_GCC_541\Debug\er.o
                                0x24d (size before relaxing)
 .debug_str     0x000003cc      0x1a6 .\CortexM3\ARM_GCC_541\Debug\cyfitter_cfg.o
                                0x34e (size before relaxing)
 .debug_str     0x00000572       0x75 .\CortexM3\ARM_GCC_541\Debug\cymetadata.o
                                0x1e4 (size before relaxing)
 .debug_str     0x000005e7      0x154 .\CortexM3\ARM_GCC_541\Debug\Cm3Start.o
                                0x31a (size before relaxing)
 .debug_str     0x0000073b       0xa3 .\CortexM3\ARM_GCC_541\Debug\Transductor.a(TIA_1.o)
                                0x235 (size before relaxing)
 .debug_str     0x000007de       0x7d .\CortexM3\ARM_GCC_541\Debug\Transductor.a(TIA_2.o)
                                0x235 (size before relaxing)
 .debug_str     0x0000085b      0x336 .\CortexM3\ARM_GCC_541\Debug\Transductor.a(CyDmac.o)
                                0x54a (size before relaxing)
 .debug_str     0x00000b91      0x7e7 .\CortexM3\ARM_GCC_541\Debug\Transductor.a(CyLib.o)
                                0xa47 (size before relaxing)
 .debug_str     0x00001378      0x365 .\CortexM3\ARM_GCC_541\Debug\Transductor.a(cyPm.o)
                                0x733 (size before relaxing)
 .debug_str     0x000016dd      0x226 .\CortexM3\ARM_GCC_541\Debug\Transductor.a(ADC_SAR_1.o)
                                0x490 (size before relaxing)
 .debug_str     0x00001903       0x35 .\CortexM3\ARM_GCC_541\Debug\Transductor.a(ADC_SAR_1_INT.o)
                                0x19b (size before relaxing)
 .debug_str     0x00001938       0x7f .\CortexM3\ARM_GCC_541\Debug\Transductor.a(DMA_1_dma.o)
                                0x26c (size before relaxing)
 .debug_str     0x000019b7      0x207 .\CortexM3\ARM_GCC_541\Debug\Transductor.a(ADC_SAR_1_theACLK.o)
                                0x3b5 (size before relaxing)
 .debug_str     0x00001bbe       0x40 .\CortexM3\ARM_GCC_541\Debug\Transductor.a(Chart_1.o)
                                0x1ef (size before relaxing)
 .debug_str     0x00001bfe       0xe6 .\CortexM3\ARM_GCC_541\Debug\Transductor.a(isr_Fin_Adq.o)
                                0x2fa (size before relaxing)
 .debug_str     0x00001ce4      0x11f .\CortexM3\ARM_GCC_541\Debug\Transductor.a(Clock_ADC.o)
                                0x306 (size before relaxing)
 .debug_str     0x00001e03      0x12a .\CortexM3\ARM_GCC_541\Debug\Transductor.a(Clock_Trig.o)
                                0x312 (size before relaxing)
 .debug_str     0x00001f2d      0x2ae .\CortexM3\ARM_GCC_541\Debug\Transductor.a(UART_1.o)
                                0x4b3 (size before relaxing)
 .debug_str     0x000021db       0x36 .\CortexM3\ARM_GCC_541\Debug\Transductor.a(Reg_Hab_Adq.o)
                                0x1c1 (size before relaxing)
 .debug_str     0x00002211      0x14c .\CortexM3\ARM_GCC_541\Debug\Transductor.a(UART_1_IntClock.o)
                                0x34e (size before relaxing)
 .debug_str     0x0000235d       0x6b .\CortexM3\ARM_GCC_541\Debug\Transductor.a(Opamp_1.o)
                                0x205 (size before relaxing)
 .debug_str     0x000023c8      0x1bb .\CortexM3\ARM_GCC_541\Debug\Transductor.a(CyFlash.o)
                                0x3c0 (size before relaxing)
 .debug_str     0x00002583       0xac .\CortexM3\ARM_GCC_541\Debug\Transductor.a(CySpc.o)
                                0x338 (size before relaxing)

.debug_loc      0x00000000     0x3817
 *(.debug_loc)
 .debug_loc     0x00000000      0x615 .\CortexM3\ARM_GCC_541\Debug\er.o
 .debug_loc     0x00000615      0x2ae .\CortexM3\ARM_GCC_541\Debug\cyfitter_cfg.o
 .debug_loc     0x000008c3      0x144 .\CortexM3\ARM_GCC_541\Debug\Cm3Start.o
 .debug_loc     0x00000a07       0x81 .\CortexM3\ARM_GCC_541\Debug\Transductor.a(TIA_1.o)
 .debug_loc     0x00000a88       0x81 .\CortexM3\ARM_GCC_541\Debug\Transductor.a(TIA_2.o)
 .debug_loc     0x00000b09      0xb8e .\CortexM3\ARM_GCC_541\Debug\Transductor.a(CyDmac.o)
 .debug_loc     0x00001697      0xa11 .\CortexM3\ARM_GCC_541\Debug\Transductor.a(CyLib.o)
 .debug_loc     0x000020a8      0x1e4 .\CortexM3\ARM_GCC_541\Debug\Transductor.a(cyPm.o)
 .debug_loc     0x0000228c      0x295 .\CortexM3\ARM_GCC_541\Debug\Transductor.a(ADC_SAR_1.o)
 .debug_loc     0x00002521       0x84 .\CortexM3\ARM_GCC_541\Debug\Transductor.a(DMA_1_dma.o)
 .debug_loc     0x000025a5      0x14d .\CortexM3\ARM_GCC_541\Debug\Transductor.a(ADC_SAR_1_theACLK.o)
 .debug_loc     0x000026f2       0x23 .\CortexM3\ARM_GCC_541\Debug\Transductor.a(Chart_1.o)
 .debug_loc     0x00002715       0x56 .\CortexM3\ARM_GCC_541\Debug\Transductor.a(isr_Fin_Adq.o)
 .debug_loc     0x0000276b      0x128 .\CortexM3\ARM_GCC_541\Debug\Transductor.a(Clock_ADC.o)
 .debug_loc     0x00002893      0x12c .\CortexM3\ARM_GCC_541\Debug\Transductor.a(Clock_Trig.o)
 .debug_loc     0x000029bf      0x258 .\CortexM3\ARM_GCC_541\Debug\Transductor.a(UART_1.o)
 .debug_loc     0x00002c17      0x128 .\CortexM3\ARM_GCC_541\Debug\Transductor.a(UART_1_IntClock.o)
 .debug_loc     0x00002d3f       0x21 .\CortexM3\ARM_GCC_541\Debug\Transductor.a(Opamp_1.o)
 .debug_loc     0x00002d60      0x3b2 .\CortexM3\ARM_GCC_541\Debug\Transductor.a(CyFlash.o)
 .debug_loc     0x00003112      0x705 .\CortexM3\ARM_GCC_541\Debug\Transductor.a(CySpc.o)

.debug_macinfo
 *(.debug_macinfo)

.debug_ranges   0x00000000      0xa10
 *(.debug_ranges)
 .debug_ranges  0x00000000       0x28 .\CortexM3\ARM_GCC_541\Debug\main.o
 .debug_ranges  0x00000028       0x38 .\CortexM3\ARM_GCC_541\Debug\er.o
 .debug_ranges  0x00000060       0x48 .\CortexM3\ARM_GCC_541\Debug\cyfitter_cfg.o
 .debug_ranges  0x000000a8       0x38 .\CortexM3\ARM_GCC_541\Debug\Cm3Start.o
 .debug_ranges  0x000000e0       0x40 .\CortexM3\ARM_GCC_541\Debug\Transductor.a(TIA_1.o)
 .debug_ranges  0x00000120       0x40 .\CortexM3\ARM_GCC_541\Debug\Transductor.a(TIA_2.o)
 .debug_ranges  0x00000160       0xc8 .\CortexM3\ARM_GCC_541\Debug\Transductor.a(CyDmac.o)
 .debug_ranges  0x00000228      0x290 .\CortexM3\ARM_GCC_541\Debug\Transductor.a(CyLib.o)
 .debug_ranges  0x000004b8       0x88 .\CortexM3\ARM_GCC_541\Debug\Transductor.a(cyPm.o)
 .debug_ranges  0x00000540       0x88 .\CortexM3\ARM_GCC_541\Debug\Transductor.a(ADC_SAR_1.o)
 .debug_ranges  0x000005c8       0x10 .\CortexM3\ARM_GCC_541\Debug\Transductor.a(ADC_SAR_1_INT.o)
 .debug_ranges  0x000005d8       0x18 .\CortexM3\ARM_GCC_541\Debug\Transductor.a(DMA_1_dma.o)
 .debug_ranges  0x000005f0       0x70 .\CortexM3\ARM_GCC_541\Debug\Transductor.a(ADC_SAR_1_theACLK.o)
 .debug_ranges  0x00000660       0x10 .\CortexM3\ARM_GCC_541\Debug\Transductor.a(Chart_1.o)
 .debug_ranges  0x00000670       0x70 .\CortexM3\ARM_GCC_541\Debug\Transductor.a(isr_Fin_Adq.o)
 .debug_ranges  0x000006e0       0x60 .\CortexM3\ARM_GCC_541\Debug\Transductor.a(Clock_ADC.o)
 .debug_ranges  0x00000740       0x60 .\CortexM3\ARM_GCC_541\Debug\Transductor.a(Clock_Trig.o)
 .debug_ranges  0x000007a0       0xe0 .\CortexM3\ARM_GCC_541\Debug\Transductor.a(UART_1.o)
 .debug_ranges  0x00000880       0x18 .\CortexM3\ARM_GCC_541\Debug\Transductor.a(Reg_Hab_Adq.o)
 .debug_ranges  0x00000898       0x60 .\CortexM3\ARM_GCC_541\Debug\Transductor.a(UART_1_IntClock.o)
 .debug_ranges  0x000008f8       0x30 .\CortexM3\ARM_GCC_541\Debug\Transductor.a(Opamp_1.o)
 .debug_ranges  0x00000928       0x78 .\CortexM3\ARM_GCC_541\Debug\Transductor.a(CyFlash.o)
 .debug_ranges  0x000009a0       0x70 .\CortexM3\ARM_GCC_541\Debug\Transductor.a(CySpc.o)

.comment        0x00000000       0x6e
 .comment       0x00000000       0x6e .\CortexM3\ARM_GCC_541\Debug\main.o
                                 0x6f (size before relaxing)
 .comment       0x0000006e       0x6f .\CortexM3\ARM_GCC_541\Debug\er.o
 .comment       0x0000006e       0x6f .\CortexM3\ARM_GCC_541\Debug\cyfitter_cfg.o
 .comment       0x0000006e       0x6f .\CortexM3\ARM_GCC_541\Debug\cymetadata.o
 .comment       0x0000006e       0x6f .\CortexM3\ARM_GCC_541\Debug\Cm3Start.o
 .comment       0x0000006e       0x6f .\CortexM3\ARM_GCC_541\Debug\Transductor.a(TIA_1.o)
 .comment       0x0000006e       0x6f .\CortexM3\ARM_GCC_541\Debug\Transductor.a(TIA_2.o)
 .comment       0x0000006e       0x6f .\CortexM3\ARM_GCC_541\Debug\Transductor.a(CyDmac.o)
 .comment       0x0000006e       0x6f .\CortexM3\ARM_GCC_541\Debug\Transductor.a(CyLib.o)
 .comment       0x0000006e       0x6f .\CortexM3\ARM_GCC_541\Debug\Transductor.a(cyPm.o)
 .comment       0x0000006e       0x6f .\CortexM3\ARM_GCC_541\Debug\Transductor.a(ADC_SAR_1.o)
 .comment       0x0000006e       0x6f .\CortexM3\ARM_GCC_541\Debug\Transductor.a(ADC_SAR_1_INT.o)
 .comment       0x0000006e       0x6f .\CortexM3\ARM_GCC_541\Debug\Transductor.a(DMA_1_dma.o)
 .comment       0x0000006e       0x6f .\CortexM3\ARM_GCC_541\Debug\Transductor.a(ADC_SAR_1_theACLK.o)
 .comment       0x0000006e       0x6f .\CortexM3\ARM_GCC_541\Debug\Transductor.a(Chart_1.o)
 .comment       0x0000006e       0x6f .\CortexM3\ARM_GCC_541\Debug\Transductor.a(isr_Fin_Adq.o)
 .comment       0x0000006e       0x6f .\CortexM3\ARM_GCC_541\Debug\Transductor.a(Clock_ADC.o)
 .comment       0x0000006e       0x6f .\CortexM3\ARM_GCC_541\Debug\Transductor.a(Clock_Trig.o)
 .comment       0x0000006e       0x6f .\CortexM3\ARM_GCC_541\Debug\Transductor.a(UART_1.o)
 .comment       0x0000006e       0x6f .\CortexM3\ARM_GCC_541\Debug\Transductor.a(Reg_Hab_Adq.o)
 .comment       0x0000006e       0x6f .\CortexM3\ARM_GCC_541\Debug\Transductor.a(UART_1_IntClock.o)
 .comment       0x0000006e       0x6f .\CortexM3\ARM_GCC_541\Debug\Transductor.a(Opamp_1.o)
 .comment       0x0000006e       0x6f .\CortexM3\ARM_GCC_541\Debug\Transductor.a(CyFlash.o)
 .comment       0x0000006e       0x6f .\CortexM3\ARM_GCC_541\Debug\Transductor.a(CySpc.o)

.debug_weaknames
 *(.debug_weaknames)

.debug_funcnames
 *(.debug_funcnames)

.debug_typenames
 *(.debug_typenames)

.debug_varnames
 *(.debug_varnames)

.note.gnu.arm.ident
 *(.note.gnu.arm.ident)

.ARM.attributes
                0x00000000       0x29
 *(.ARM.attributes)
 .ARM.attributes
                0x00000000       0x1d c:/program files (x86)/cypress/psoc creator/4.4/psoc creator/import/gnu/arm/5.4.1/bin/../lib/gcc/arm-none-eabi/5.4.1/armv7-m/crti.o
 .ARM.attributes
                0x0000001d       0x2d c:/program files (x86)/cypress/psoc creator/4.4/psoc creator/import/gnu/arm/5.4.1/bin/../lib/gcc/arm-none-eabi/5.4.1/armv7-m/crtbegin.o
 .ARM.attributes
                0x0000004a       0x1b c:/program files (x86)/cypress/psoc creator/4.4/psoc creator/import/gnu/arm/5.4.1/bin/../lib/gcc/arm-none-eabi/5.4.1/../../../../arm-none-eabi/lib/armv7-m/crt0.o
 .ARM.attributes
                0x00000065       0x33 .\CortexM3\ARM_GCC_541\Debug\main.o
 .ARM.attributes
                0x00000098       0x33 .\CortexM3\ARM_GCC_541\Debug\er.o
 .ARM.attributes
                0x000000cb       0x33 .\CortexM3\ARM_GCC_541\Debug\cyfitter_cfg.o
 .ARM.attributes
                0x000000fe       0x33 .\CortexM3\ARM_GCC_541\Debug\cymetadata.o
 .ARM.attributes
                0x00000131       0x33 .\CortexM3\ARM_GCC_541\Debug\Cm3Start.o
 .ARM.attributes
                0x00000164       0x33 .\CortexM3\ARM_GCC_541\Debug\Transductor.a(TIA_1.o)
 .ARM.attributes
                0x00000197       0x33 .\CortexM3\ARM_GCC_541\Debug\Transductor.a(TIA_2.o)
 .ARM.attributes
                0x000001ca       0x33 .\CortexM3\ARM_GCC_541\Debug\Transductor.a(CyDmac.o)
 .ARM.attributes
                0x000001fd       0x33 .\CortexM3\ARM_GCC_541\Debug\Transductor.a(CyLib.o)
 .ARM.attributes
                0x00000230       0x33 .\CortexM3\ARM_GCC_541\Debug\Transductor.a(cyPm.o)
 .ARM.attributes
                0x00000263       0x33 .\CortexM3\ARM_GCC_541\Debug\Transductor.a(ADC_SAR_1.o)
 .ARM.attributes
                0x00000296       0x33 .\CortexM3\ARM_GCC_541\Debug\Transductor.a(ADC_SAR_1_INT.o)
 .ARM.attributes
                0x000002c9       0x33 .\CortexM3\ARM_GCC_541\Debug\Transductor.a(DMA_1_dma.o)
 .ARM.attributes
                0x000002fc       0x33 .\CortexM3\ARM_GCC_541\Debug\Transductor.a(ADC_SAR_1_theACLK.o)
 .ARM.attributes
                0x0000032f       0x33 .\CortexM3\ARM_GCC_541\Debug\Transductor.a(Chart_1.o)
 .ARM.attributes
                0x00000362       0x33 .\CortexM3\ARM_GCC_541\Debug\Transductor.a(isr_Fin_Adq.o)
 .ARM.attributes
                0x00000395       0x33 .\CortexM3\ARM_GCC_541\Debug\Transductor.a(Clock_ADC.o)
 .ARM.attributes
                0x000003c8       0x33 .\CortexM3\ARM_GCC_541\Debug\Transductor.a(Clock_Trig.o)
 .ARM.attributes
                0x000003fb       0x33 .\CortexM3\ARM_GCC_541\Debug\Transductor.a(UART_1.o)
 .ARM.attributes
                0x0000042e       0x33 .\CortexM3\ARM_GCC_541\Debug\Transductor.a(Reg_Hab_Adq.o)
 .ARM.attributes
                0x00000461       0x33 .\CortexM3\ARM_GCC_541\Debug\Transductor.a(UART_1_IntClock.o)
 .ARM.attributes
                0x00000494       0x33 .\CortexM3\ARM_GCC_541\Debug\Transductor.a(Opamp_1.o)
 .ARM.attributes
                0x000004c7       0x21 .\CortexM3\ARM_GCC_541\Debug\Transductor.a(CyBootAsmGnu.o)
 .ARM.attributes
                0x000004e8       0x33 .\CortexM3\ARM_GCC_541\Debug\Transductor.a(CyFlash.o)
 .ARM.attributes
                0x0000051b       0x33 .\CortexM3\ARM_GCC_541\Debug\Transductor.a(CySpc.o)
 .ARM.attributes
                0x0000054e       0x1d c:/program files (x86)/cypress/psoc creator/4.4/psoc creator/import/gnu/arm/5.4.1/bin/../lib/gcc/arm-none-eabi/5.4.1/armv7-m\libgcc.a(_arm_addsubdf3.o)
 .ARM.attributes
                0x0000056b       0x1d c:/program files (x86)/cypress/psoc creator/4.4/psoc creator/import/gnu/arm/5.4.1/bin/../lib/gcc/arm-none-eabi/5.4.1/armv7-m\libgcc.a(_arm_addsubsf3.o)
 .ARM.attributes
                0x00000588       0x1d c:/program files (x86)/cypress/psoc creator/4.4/psoc creator/import/gnu/arm/5.4.1/bin/../lib/gcc/arm-none-eabi/5.4.1/armv7-m\libgcc.a(_arm_muldivsf3.o)
 .ARM.attributes
                0x000005a5       0x1d c:/program files (x86)/cypress/psoc creator/4.4/psoc creator/import/gnu/arm/5.4.1/bin/../lib/gcc/arm-none-eabi/5.4.1/armv7-m\libgcc.a(_aeabi_ldivmod.o)
 .ARM.attributes
                0x000005c2       0x2d c:/program files (x86)/cypress/psoc creator/4.4/psoc creator/import/gnu/arm/5.4.1/bin/../lib/gcc/arm-none-eabi/5.4.1/armv7-m\libgcc.a(_udivmoddi4.o)
 .ARM.attributes
                0x000005ef       0x1d c:/program files (x86)/cypress/psoc creator/4.4/psoc creator/import/gnu/arm/5.4.1/bin/../lib/gcc/arm-none-eabi/5.4.1/armv7-m\libgcc.a(_dvmd_tls.o)
 .ARM.attributes
                0x0000060c       0x2d c:/program files (x86)/cypress/psoc creator/4.4/psoc creator/import/gnu/arm/5.4.1/bin/../lib/gcc/arm-none-eabi/5.4.1/../../../../arm-none-eabi/lib/armv7-m\libg_nano.a(lib_a-errno.o)
 .ARM.attributes
                0x00000639       0x2d c:/program files (x86)/cypress/psoc creator/4.4/psoc creator/import/gnu/arm/5.4.1/bin/../lib/gcc/arm-none-eabi/5.4.1/../../../../arm-none-eabi/lib/armv7-m\libg_nano.a(lib_a-exit.o)
 .ARM.attributes
                0x00000666       0x2d c:/program files (x86)/cypress/psoc creator/4.4/psoc creator/import/gnu/arm/5.4.1/bin/../lib/gcc/arm-none-eabi/5.4.1/../../../../arm-none-eabi/lib/armv7-m\libg_nano.a(lib_a-impure.o)
 .ARM.attributes
                0x00000693       0x2d c:/program files (x86)/cypress/psoc creator/4.4/psoc creator/import/gnu/arm/5.4.1/bin/../lib/gcc/arm-none-eabi/5.4.1/../../../../arm-none-eabi/lib/armv7-m\libg_nano.a(lib_a-init.o)
 .ARM.attributes
                0x000006c0       0x2d c:/program files (x86)/cypress/psoc creator/4.4/psoc creator/import/gnu/arm/5.4.1/bin/../lib/gcc/arm-none-eabi/5.4.1/../../../../arm-none-eabi/lib/armv7-m\libg_nano.a(lib_a-memcpy-stub.o)
 .ARM.attributes
                0x000006ed       0x2d c:/program files (x86)/cypress/psoc creator/4.4/psoc creator/import/gnu/arm/5.4.1/bin/../lib/gcc/arm-none-eabi/5.4.1/../../../../arm-none-eabi/lib/armv7-m\libg_nano.a(lib_a-memset.o)
 .ARM.attributes
                0x0000071a       0x2d c:/program files (x86)/cypress/psoc creator/4.4/psoc creator/import/gnu/arm/5.4.1/bin/../lib/gcc/arm-none-eabi/5.4.1/../../../../arm-none-eabi/lib/armv7-m\libg_nano.a(lib_a-nano-vfprintf_float.o)
 .ARM.attributes
                0x00000747       0x2d c:/program files (x86)/cypress/psoc creator/4.4/psoc creator/import/gnu/arm/5.4.1/bin/../lib/gcc/arm-none-eabi/5.4.1/../../../../arm-none-eabi/lib/armv7-m\libg_nano.a(lib_a-nano-vfprintf_i.o)
 .ARM.attributes
                0x00000774       0x2d c:/program files (x86)/cypress/psoc creator/4.4/psoc creator/import/gnu/arm/5.4.1/bin/../lib/gcc/arm-none-eabi/5.4.1/../../../../arm-none-eabi/lib/armv7-m\libg_nano.a(lib_a-sprintf.o)
 .ARM.attributes
                0x000007a1       0x17 c:/program files (x86)/cypress/psoc creator/4.4/psoc creator/import/gnu/arm/5.4.1/bin/../lib/gcc/arm-none-eabi/5.4.1/../../../../arm-none-eabi/lib/armv7-m\libg_nano.a(lib_a-strlen.o)
 .ARM.attributes
                0x000007b8       0x2d c:/program files (x86)/cypress/psoc creator/4.4/psoc creator/import/gnu/arm/5.4.1/bin/../lib/gcc/arm-none-eabi/5.4.1/../../../../arm-none-eabi/lib/armv7-m\libg_nano.a(lib_a-dtoa.o)
 .ARM.attributes
                0x000007e5       0x2d c:/program files (x86)/cypress/psoc creator/4.4/psoc creator/import/gnu/arm/5.4.1/bin/../lib/gcc/arm-none-eabi/5.4.1/../../../../arm-none-eabi/lib/armv7-m\libg_nano.a(lib_a-locale.o)
 .ARM.attributes
                0x00000812       0x2d c:/program files (x86)/cypress/psoc creator/4.4/psoc creator/import/gnu/arm/5.4.1/bin/../lib/gcc/arm-none-eabi/5.4.1/../../../../arm-none-eabi/lib/armv7-m\libg_nano.a(lib_a-malloc.o)
 .ARM.attributes
                0x0000083f       0x2d c:/program files (x86)/cypress/psoc creator/4.4/psoc creator/import/gnu/arm/5.4.1/bin/../lib/gcc/arm-none-eabi/5.4.1/../../../../arm-none-eabi/lib/armv7-m\libg_nano.a(lib_a-memchr-stub.o)
 .ARM.attributes
                0x0000086c       0x2d c:/program files (x86)/cypress/psoc creator/4.4/psoc creator/import/gnu/arm/5.4.1/bin/../lib/gcc/arm-none-eabi/5.4.1/../../../../arm-none-eabi/lib/armv7-m\libg_nano.a(lib_a-mprec.o)
 .ARM.attributes
                0x00000899       0x2d c:/program files (x86)/cypress/psoc creator/4.4/psoc creator/import/gnu/arm/5.4.1/bin/../lib/gcc/arm-none-eabi/5.4.1/../../../../arm-none-eabi/lib/armv7-m\libg_nano.a(lib_a-nano-callocr.o)
 .ARM.attributes
                0x000008c6       0x2d c:/program files (x86)/cypress/psoc creator/4.4/psoc creator/import/gnu/arm/5.4.1/bin/../lib/gcc/arm-none-eabi/5.4.1/../../../../arm-none-eabi/lib/armv7-m\libg_nano.a(lib_a-nano-freer.o)
 .ARM.attributes
                0x000008f3       0x2d c:/program files (x86)/cypress/psoc creator/4.4/psoc creator/import/gnu/arm/5.4.1/bin/../lib/gcc/arm-none-eabi/5.4.1/../../../../arm-none-eabi/lib/armv7-m\libg_nano.a(lib_a-nano-mallocr.o)
 .ARM.attributes
                0x00000920       0x2d c:/program files (x86)/cypress/psoc creator/4.4/psoc creator/import/gnu/arm/5.4.1/bin/../lib/gcc/arm-none-eabi/5.4.1/../../../../arm-none-eabi/lib/armv7-m\libg_nano.a(lib_a-nano-svfprintf.o)
 .ARM.attributes
                0x0000094d       0x2d c:/program files (x86)/cypress/psoc creator/4.4/psoc creator/import/gnu/arm/5.4.1/bin/../lib/gcc/arm-none-eabi/5.4.1/../../../../arm-none-eabi/lib/armv7-m\libg_nano.a(lib_a-sbrkr.o)
 .ARM.attributes
                0x0000097a       0x1b c:/program files (x86)/cypress/psoc creator/4.4/psoc creator/import/gnu/arm/5.4.1/bin/../lib/gcc/arm-none-eabi/5.4.1/../../../../arm-none-eabi/lib/armv7-m\libg_nano.a(lib_a-strcmp.o)
 .ARM.attributes
                0x00000995       0x2d c:/program files (x86)/cypress/psoc creator/4.4/psoc creator/import/gnu/arm/5.4.1/bin/../lib/gcc/arm-none-eabi/5.4.1/../../../../arm-none-eabi/lib/armv7-m\libg_nano.a(lib_a-memmove.o)
 .ARM.attributes
                0x000009c2       0x2d c:/program files (x86)/cypress/psoc creator/4.4/psoc creator/import/gnu/arm/5.4.1/bin/../lib/gcc/arm-none-eabi/5.4.1/../../../../arm-none-eabi/lib/armv7-m\libg_nano.a(lib_a-mlock.o)
 .ARM.attributes
                0x000009ef       0x2d c:/program files (x86)/cypress/psoc creator/4.4/psoc creator/import/gnu/arm/5.4.1/bin/../lib/gcc/arm-none-eabi/5.4.1/../../../../arm-none-eabi/lib/armv7-m\libg_nano.a(lib_a-nano-reallocr.o)
 .ARM.attributes
                0x00000a1c       0x2d c:/program files (x86)/cypress/psoc creator/4.4/psoc creator/import/gnu/arm/5.4.1/bin/../lib/gcc/arm-none-eabi/5.4.1/../../../../arm-none-eabi/lib/armv7-m\libg_nano.a(lib_a-reent.o)
 .ARM.attributes
                0x00000a49       0x2d c:/program files (x86)/cypress/psoc creator/4.4/psoc creator/import/gnu/arm/5.4.1/bin/../lib/gcc/arm-none-eabi/5.4.1/../../../../arm-none-eabi/lib/armv7-m\libg_nano.a(lib_a-nano-msizer.o)
 .ARM.attributes
                0x00000a76       0x1d c:/program files (x86)/cypress/psoc creator/4.4/psoc creator/import/gnu/arm/5.4.1/bin/../lib/gcc/arm-none-eabi/5.4.1/armv7-m\libgcc.a(_arm_muldivdf3.o)
 .ARM.attributes
                0x00000a93       0x1d c:/program files (x86)/cypress/psoc creator/4.4/psoc creator/import/gnu/arm/5.4.1/bin/../lib/gcc/arm-none-eabi/5.4.1/armv7-m\libgcc.a(_arm_cmpdf2.o)
 .ARM.attributes
                0x00000ab0       0x1d c:/program files (x86)/cypress/psoc creator/4.4/psoc creator/import/gnu/arm/5.4.1/bin/../lib/gcc/arm-none-eabi/5.4.1/armv7-m\libgcc.a(_arm_unorddf2.o)
 .ARM.attributes
                0x00000acd       0x1d c:/program files (x86)/cypress/psoc creator/4.4/psoc creator/import/gnu/arm/5.4.1/bin/../lib/gcc/arm-none-eabi/5.4.1/armv7-m\libgcc.a(_arm_fixdfsi.o)
 .ARM.attributes
                0x00000aea       0x2d c:/program files (x86)/cypress/psoc creator/4.4/psoc creator/import/gnu/arm/5.4.1/bin/../lib/gcc/arm-none-eabi/5.4.1/armv7-m/crtend.o
 .ARM.attributes
                0x00000b17       0x1d c:/program files (x86)/cypress/psoc creator/4.4/psoc creator/import/gnu/arm/5.4.1/bin/../lib/gcc/arm-none-eabi/5.4.1/armv7-m/crtn.o

/DISCARD/
 *(.note.GNU-stack)
OUTPUT(C:\PSoC Creator\Transductor-000.cywrk.Archive02\Transductor.cydsn\CortexM3\ARM_GCC_541\Debug\Transductor.elf elf32-littlearm)
